ffmpeg version n9.0.2 Copyright (c) 2000-2026 the FFmpeg developers
  built with gcc 16 (GCC)
  configuration: --prefix=/usr --disable-debug --disable-static --disable-stripping --enable-amf --enable-avisynth --enable-cuda-llvm --enable-lto --enable-fontconfig --enable-frei0r --enable-gmp --enable-gnutls --enable-gpl --enable-ladspa --enable-lcms2 --enable-libaom --enable-libass --enable-libbluray --enable-libbs2b --enable-libdav1d --enable-libdrm --enable-libdvdnav --enable-libdvdread --enable-libfreetype --enable-libfribidi --enable-libgsm --enable-libharfbuzz --enable-libiec61883 --enable-libjack --enable-libjxl --enable-libmodplug --enable-libmp3lame --enable-libopencore_amrnb --enable-libopencore_amrwb --enable-libopenjpeg --enable-libopenmpt --enable-libopus --enable-libplacebo --enable-libpulse --enable-librav1e --enable-librsvg --enable-librubberband --enable-libsnappy --enable-libsoxr --enable-libspeex --enable-libsrt --enable-libssh --enable-libsvtav1 --enable-libtheora --enable-libv4l2 --enable-libvidstab --enable-libvmaf --enable-libvorbis --enable-libvpl --enable-libvpx --enable-libwebp --enable-libx264 --enable-libx265 --enable-libxcb --enable-libxml2 --enable-libxvid --enable-libzimg --enable-libzmq --enable-nvdec --enable-nvenc --enable-opencl --enable-opengl --enable-shared --enable-vapoursynth --enable-version3 --enable-vulkan --disable-decoder=magicyuv
  libavutil      61.  1.102 / 61.  1.102
  libavcodec     63.  1.102 / 63.  1.102
  libavformat    63.  1.102 / 63.  1.102
  libavdevice    63.  1.102 / 63.  1.102
  libavfilter    12.  1.102 / 12.  1.102
  libswscale     10.  1.102 / 10.  1.102
  libswresample   7.  1.102 /  7.  1.102
[aist#0:1/pcm_s16le @ 0x563fa7ac2a80] Guessed Channel Layout: stereo
Input #0, avi, from '/home/rikki/Builds/eyesore-pale-ward-gore-2026-10-09/pale-ward-gore-gameplay.avi':
  Duration: 00:00:35.73, start: 0.000000, bitrate: 28526 kb/s
  Stream #0:0: Video: mjpeg (Baseline) (MJPG / 0x47504A4D), yuvj420p(pc, bt470bg/unknown/unknown), 1280x720 [SAR 1:1 DAR 16:9], 27003 kb/s, 30 fps, 30 tbr, 30 tbn
  Stream #0:1: Audio: pcm_s16le ([1][0][0][0] / 0x0001), 48000 Hz, stereo, s16, 1536 kb/s
Stream mapping:
  Stream #0:0 -> #0:0 (mjpeg (native) -> h264 (libx264))
  Stream #0:1 -> #0:1 (pcm_s16le (native) -> aac (native))
Press [q] to stop, [?] for help
[libx264 @ 0x563fa7ad08c0] using SAR=1/1
[libx264 @ 0x563fa7ad08c0] using cpu capabilities: MMX2 SSE2Fast SSSE3 SSE4.2 AVX FMA3 BMI2 AVX2 AVX512
[libx264 @ 0x563fa7ad08c0] profile High, level 3.1, 4:2:0, 8-bit
[libx264 @ 0x563fa7ad08c0] 264 - core 165 r3222 b35605a - H.264/MPEG-4 AVC codec - Copyleft 2003-2025 - http://www.videolan.org/x264.html - options: cabac=1 ref=2 deblock=1:0:0 analyse=0x3:0x113 me=hex subme=6 psy=1 psy_rd=1.00:0.00 mixed_ref=1 me_range=16 chroma_me=1 trellis=1 8x8dct=1 cqm=0 deadzone=21,11 fast_pskip=1 chroma_qp_offset=-2 threads=18 lookahead_threads=3 sliced_threads=0 nr=0 decimate=1 interlaced=0 bluray_compat=0 constrained_intra=0 bframes=3 b_pyramid=2 b_adapt=1 b_bias=0 direct=1 weightb=1 open_gop=0 weightp=1 keyint=250 keyint_min=25 scenecut=40 intra_refresh=0 rc_lookahead=30 rc=crf mbtree=1 crf=20.0 qcomp=0.60 qpmin=0 qpmax=69 qpstep=4 ip_ratio=1.40 aq=1:1.00
Output #0, mp4, to '/home/rikki/Builds/eyesore-pale-ward-gore-2026-10-09/pale-ward-gore-gameplay.mp4':
  Metadata:
    encoder         : Lavf63.1.102
  Stream #0:0: Video: h264 (avc1 / 0x31637661), yuvj420p(pc, bt470bg/unknown/unknown, progressive), 1280x720 [SAR 1:1 DAR 16:9], q=2-31, 30 fps, 15360 tbn
    Metadata:
      encoder         : Lavc63.1.102 libx264
    Side data:
      CPB properties: bitrate max/min/avg: 0/0/0 buffer size: 0 vbv_delay: N/A
  Stream #0:1: Audio: aac (LC) (mp4a / 0x6134706D), 48000 Hz, stereo, fltp, 192 kb/s
    Metadata:
      encoder         : Lavc63.1.102 aac
frame=   86 fps=0.0 q=26.0 size=    1280KiB time=00:00:04.92 bitrate=2127.9kbits/s speed=9.85x elapsed=0:00:00.50
frame=  194 fps=194 q=26.0 size=    3072KiB time=00:00:08.29 bitrate=3032.6kbits/s speed= 8.3x elapsed=0:00:01.00
frame=  297 fps=198 q=26.0 size=    4608KiB time=00:00:11.92 bitrate=3165.5kbits/s speed=7.95x elapsed=0:00:01.50
frame=  358 fps=179 q=26.0 size=    7424KiB time=00:00:13.80 bitrate=4406.2kbits/s speed= 6.9x elapsed=0:00:02.00
frame=  472 fps=189 q=26.0 size=    9728KiB time=00:00:17.77 bitrate=4484.5kbits/s speed=7.11x elapsed=0:00:02.50
frame=  527 fps=176 q=26.0 size=   12288KiB time=00:00:19.45 bitrate=5173.9kbits/s speed=6.48x elapsed=0:00:03.00
frame=  585 fps=167 q=26.0 size=   15104KiB time=00:00:21.12 bitrate=5858.5kbits/s speed=6.03x elapsed=0:00:03.50
frame=  671 fps=168 q=26.0 size=   16896KiB time=00:00:24.27 bitrate=5701.3kbits/s speed=6.07x elapsed=0:00:04.00
frame=  740 fps=164 q=26.0 size=   19712KiB time=00:00:26.45 bitrate=6104.4kbits/s speed=5.88x elapsed=0:00:04.50
frame=  878 fps=176 q=26.0 size=   21760KiB time=00:00:31.27 bitrate=5699.8kbits/s speed=6.25x elapsed=0:00:05.00
frame=  953 fps=173 q=26.0 size=   24064KiB time=00:00:33.72 bitrate=5844.8kbits/s speed=6.13x elapsed=0:00:05.50
frame= 1027 fps=171 q=26.0 size=   26368KiB time=N/A bitrate=N/A speed=N/A elapsed=0:00:06.00
[mp4 @ 0x563fa7ac2e40] Starting second pass: moving the moov atom to the beginning of the file
[out#0/mp4 @ 0x563fa7ac2d40] video:28163KiB audio:835KiB subtitle:0KiB other streams:0KiB global headers:0KiB muxing overhead: 0.137070%
frame= 1072 fps=171 q=-1.0 Lsize=   29037KiB time=00:00:35.73 bitrate=6656.9kbits/s speed= 5.7x elapsed=0:00:06.27
[libx264 @ 0x563fa7ad08c0] frame I:10    Avg QP:19.98  size:115522
[libx264 @ 0x563fa7ad08c0] frame P:290   Avg QP:21.29  size: 41745
[libx264 @ 0x563fa7ad08c0] frame B:772   Avg QP:24.59  size: 20177
[libx264 @ 0x563fa7ad08c0] consecutive B-frames:  2.8%  2.4%  3.4% 91.4%
[libx264 @ 0x563fa7ad08c0] mb I  I16..4:  2.3% 91.4%  6.2%
[libx264 @ 0x563fa7ad08c0] mb P  I16..4:  1.1% 36.2%  2.2%  P16..4: 14.4%  6.3%  5.0%  0.0%  0.0%    skip:34.8%
[libx264 @ 0x563fa7ad08c0] mb B  I16..4:  1.7% 12.1%  2.4%  B16..8: 11.8% 12.6%  2.6%  direct: 8.5%  skip:48.3%  L0:40.6% L1:38.2% BI:21.2%
[libx264 @ 0x563fa7ad08c0] 8x8 transform intra:83.3% inter:57.0%
[libx264 @ 0x563fa7ad08c0] coded y,uvDC,uvAC intra: 87.2% 56.7% 13.6% inter: 23.3% 15.1% 1.0%
[libx264 @ 0x563fa7ad08c0] i16 v,h,dc,p: 39% 51%  9%  2%
[libx264 @ 0x563fa7ad08c0] i8 v,h,dc,ddl,ddr,vr,hd,vl,hu: 23% 26% 30%  3%  2%  3%  3%  4%  6%
[libx264 @ 0x563fa7ad08c0] i4 v,h,dc,ddl,ddr,vr,hd,vl,hu: 26% 31% 16%  4%  4%  4%  4%  4%  6%
[libx264 @ 0x563fa7ad08c0] i8c dc,h,v,p: 44% 29% 25%  2%
[libx264 @ 0x563fa7ad08c0] Weighted P-Frames: Y:2.1% UV:2.1%
[libx264 @ 0x563fa7ad08c0] ref P L0: 71.6% 28.4%
[libx264 @ 0x563fa7ad08c0] ref B L0: 85.7% 14.3%
[libx264 @ 0x563fa7ad08c0] ref B L1: 94.3%  5.7%
[libx264 @ 0x563fa7ad08c0] kb/s:6456.22
[aac @ 0x563fa7ae7280] Qavg: 1721.698
