[aist#0:1/pcm_s16le @ 0x56428e4bba80] Guessed Channel Layout: stereo
Input #0, avi, from '/home/rikki/Builds/eyesore-pale-ward-gore-2026-10-09/pale-ward-gore-gameplay.avi':
  Duration: 00:00:35.73, start: 0.000000, bitrate: 28526 kb/s
  Stream #0:0: Video: mjpeg (Baseline) (MJPG / 0x47504A4D), yuvj420p(pc, bt470bg/unknown/unknown), 1280x720 [SAR 1:1 DAR 16:9], 27003 kb/s, 30 fps, 30 tbr, 30 tbn
  Stream #0:1: Audio: pcm_s16le ([1][0][0][0] / 0x0001), 48000 Hz, stereo, s16, 1536 kb/s
Stream mapping:
  Stream #0:1 -> #0:0 (pcm_s16le (native) -> pcm_s16le (native))
Press [q] to stop, [?] for help
[Parsed_ebur128_0 @ 0x7f5098003400] t: 0.0999792  TARGET:-23 LUFS    M:-120.7 S:-120.7     I: -70.0 LUFS       LRA:   0.0 LU  FTPK:  -inf  -inf dBFS  TPK:  -inf  -inf dBFS
Output #0, null, to 'pipe:':
  Metadata:
    encoder         : Lavf63.1.102
  Stream #0:0: Audio: pcm_s16le, 48000 Hz, stereo, s16, 1536 kb/s
    Metadata:
      encoder         : Lavc63.1.102 pcm_s16le
[Parsed_ebur128_0 @ 0x7f5098003400] t: 0.199979   TARGET:-23 LUFS    M:-120.7 S:-120.7     I: -70.0 LUFS       LRA:   0.0 LU  FTPK:  -inf  -inf dBFS  TPK:  -inf  -inf dBFS
[Parsed_ebur128_0 @ 0x7f5098003400] t: 0.299979   TARGET:-23 LUFS    M:-120.7 S:-120.7     I: -70.0 LUFS       LRA:   0.0 LU  FTPK: -87.2 -86.7 dBFS  TPK: -87.2 -86.7 dBFS
[Parsed_ebur128_0 @ 0x7f5098003400] t: 0.399979   TARGET:-23 LUFS    M: -94.4 S:-120.7     I: -70.0 LUFS       LRA:   0.0 LU  FTPK: -87.1 -87.1 dBFS  TPK: -87.1 -86.7 dBFS
[Parsed_ebur128_0 @ 0x7f5098003400] t: 0.499979   TARGET:-23 LUFS    M: -92.4 S:-120.7     I: -70.0 LUFS       LRA:   0.0 LU  FTPK: -87.1 -87.1 dBFS  TPK: -87.1 -86.7 dBFS
[Parsed_ebur128_0 @ 0x7f5098003400] t: 0.599979   TARGET:-23 LUFS    M: -26.5 S:-120.7     I: -26.5 LUFS       LRA:   0.0 LU  FTPK:  -7.7  -7.9 dBFS  TPK:  -7.7  -7.9 dBFS
[Parsed_ebur128_0 @ 0x7f5098003400] t: 0.699979   TARGET:-23 LUFS    M: -24.8 S:-120.7     I: -25.6 LUFS       LRA:   0.0 LU  FTPK: -17.2 -19.0 dBFS  TPK:  -7.7  -7.9 dBFS
[Parsed_ebur128_0 @ 0x7f5098003400] t: 0.799979   TARGET:-23 LUFS    M: -23.2 S:-120.7     I: -24.6 LUFS       LRA:   0.0 LU  FTPK: -17.8 -19.6 dBFS  TPK:  -7.7  -7.9 dBFS
[Parsed_ebur128_0 @ 0x7f5098003400] t: 0.899979   TARGET:-23 LUFS    M: -22.3 S:-120.7     I: -23.9 LUFS       LRA:   0.0 LU  FTPK: -18.5 -20.4 dBFS  TPK:  -7.7  -7.9 dBFS
[Parsed_ebur128_0 @ 0x7f5098003400] t: 0.999979   TARGET:-23 LUFS    M: -23.2 S:-120.7     I: -23.8 LUFS       LRA:   0.0 LU  FTPK: -18.3 -20.1 dBFS  TPK:  -7.7  -7.9 dBFS
[Parsed_ebur128_0 @ 0x7f5098003400] t: 1.099979   TARGET:-23 LUFS    M: -23.1 S:-120.7     I: -23.6 LUFS       LRA:   0.0 LU  FTPK: -17.1 -18.6 dBFS  TPK:  -7.7  -7.9 dBFS
[Parsed_ebur128_0 @ 0x7f5098003400] t: 1.199979   TARGET:-23 LUFS    M: -23.4 S:-120.7     I: -23.6 LUFS       LRA:   0.0 LU  FTPK: -17.8 -19.2 dBFS  TPK:  -7.7  -7.9 dBFS
[Parsed_ebur128_0 @ 0x7f5098003400] t: 1.299979   TARGET:-23 LUFS    M: -23.4 S:-120.7     I: -23.6 LUFS       LRA:   0.0 LU  FTPK: -18.9 -20.5 dBFS  TPK:  -7.7  -7.9 dBFS
[Parsed_ebur128_0 @ 0x7f5098003400] t: 1.399979   TARGET:-23 LUFS    M: -23.4 S:-120.7     I: -23.6 LUFS       LRA:   0.0 LU  FTPK: -18.5 -20.2 dBFS  TPK:  -7.7  -7.9 dBFS
[Parsed_ebur128_0 @ 0x7f5098003400] t: 1.499979   TARGET:-23 LUFS    M: -23.5 S:-120.7     I: -23.6 LUFS       LRA:   0.0 LU  FTPK: -18.3 -20.2 dBFS  TPK:  -7.7  -7.9 dBFS
[Parsed_ebur128_0 @ 0x7f5098003400] t: 1.599979   TARGET:-23 LUFS    M: -22.8 S:-120.7     I: -23.5 LUFS       LRA:   0.0 LU  FTPK:  -8.0  -8.1 dBFS  TPK:  -7.7  -7.9 dBFS
[Parsed_ebur128_0 @ 0x7f5098003400] t: 1.699979   TARGET:-23 LUFS    M: -22.7 S:-120.7     I: -23.4 LUFS       LRA:   0.0 LU  FTPK: -16.9 -18.2 dBFS  TPK:  -7.7  -7.9 dBFS
[Parsed_ebur128_0 @ 0x7f5098003400] t: 1.799979   TARGET:-23 LUFS    M: -22.8 S:-120.7     I: -23.4 LUFS       LRA:   0.0 LU  FTPK: -18.3 -19.6 dBFS  TPK:  -7.7  -7.9 dBFS
[Parsed_ebur128_0 @ 0x7f5098003400] t: 1.899979   TARGET:-23 LUFS    M: -22.9 S:-120.7     I: -23.3 LUFS       LRA:   0.0 LU  FTPK: -18.7 -20.1 dBFS  TPK:  -7.7  -7.9 dBFS
[Parsed_ebur128_0 @ 0x7f5098003400] t: 1.999979   TARGET:-23 LUFS    M: -22.9 S:-120.7     I: -23.3 LUFS       LRA:   0.0 LU  FTPK:  -9.2  -9.2 dBFS  TPK:  -7.7  -7.9 dBFS
[Parsed_ebur128_0 @ 0x7f5098003400] t: 2.099979   TARGET:-23 LUFS    M: -24.0 S:-120.7     I: -23.3 LUFS       LRA:   0.0 LU  FTPK: -24.9 -24.2 dBFS  TPK:  -7.7  -7.9 dBFS
[Parsed_ebur128_0 @ 0x7f5098003400] t: 2.199979   TARGET:-23 LUFS    M: -25.1 S:-120.7     I: -23.4 LUFS       LRA:   0.0 LU  FTPK: -28.0 -27.6 dBFS  TPK:  -7.7  -7.9 dBFS
[Parsed_ebur128_0 @ 0x7f5098003400] t: 2.299979   TARGET:-23 LUFS    M: -24.6 S:-120.7     I: -23.5 LUFS       LRA:   0.0 LU  FTPK:  -8.0  -8.0 dBFS  TPK:  -7.7  -7.9 dBFS
[Parsed_ebur128_0 @ 0x7f5098003400] t: 2.399979   TARGET:-23 LUFS    M: -27.8 S:-120.7     I: -23.6 LUFS       LRA:   0.0 LU  FTPK: -29.9 -30.3 dBFS  TPK:  -7.7  -7.9 dBFS
[Parsed_ebur128_0 @ 0x7f5098003400] t: 2.499979   TARGET:-23 LUFS    M: -28.0 S:-120.7     I: -23.8 LUFS       LRA:   0.0 LU  FTPK: -29.0 -28.9 dBFS  TPK:  -7.7  -7.9 dBFS
[Parsed_ebur128_0 @ 0x7f5098003400] t: 2.599979   TARGET:-23 LUFS    M: -25.4 S:-120.7     I: -23.8 LUFS       LRA:   0.0 LU  FTPK:  -8.0  -8.0 dBFS  TPK:  -7.7  -7.9 dBFS
[Parsed_ebur128_0 @ 0x7f5098003400] t: 2.699979   TARGET:-23 LUFS    M: -28.0 S:-120.7     I: -23.9 LUFS       LRA:   0.0 LU  FTPK: -23.3 -23.7 dBFS  TPK:  -7.7  -7.9 dBFS
[Parsed_ebur128_0 @ 0x7f5098003400] t: 2.799979   TARGET:-23 LUFS    M: -28.0 S:-120.7     I: -24.1 LUFS       LRA:   0.0 LU  FTPK: -28.8 -28.8 dBFS  TPK:  -7.7  -7.9 dBFS
[Parsed_ebur128_0 @ 0x7f5098003400] t: 2.899979   TARGET:-23 LUFS    M: -27.8 S:-120.7     I: -24.2 LUFS       LRA:   0.0 LU  FTPK: -26.1 -25.7 dBFS  TPK:  -7.7  -7.9 dBFS
[Parsed_ebur128_0 @ 0x7f5098003400] t: 2.999979   TARGET:-23 LUFS    M: -27.7 S: -24.8     I: -24.3 LUFS       LRA:  20.0 LU  FTPK:  -8.4  -8.4 dBFS  TPK:  -7.7  -7.9 dBFS
[Parsed_ebur128_0 @ 0x7f5098003400] t: 3.099979   TARGET:-23 LUFS    M: -27.3 S: -24.8     I: -24.4 LUFS       LRA:  20.0 LU  FTPK: -24.3 -25.0 dBFS  TPK:  -7.7  -7.9 dBFS
[Parsed_ebur128_0 @ 0x7f5098003400] t: 3.199979   TARGET:-23 LUFS    M: -26.9 S: -24.8     I: -24.4 LUFS       LRA:  20.0 LU  FTPK: -24.3 -25.0 dBFS  TPK:  -7.7  -7.9 dBFS
[Parsed_ebur128_0 @ 0x7f5098003400] t: 3.299979   TARGET:-23 LUFS    M: -24.6 S: -24.5     I: -24.4 LUFS       LRA:  20.2 LU  FTPK:  -8.9  -8.8 dBFS  TPK:  -7.7  -7.9 dBFS
[Parsed_ebur128_0 @ 0x7f5098003400] t: 3.399979   TARGET:-23 LUFS    M: -26.1 S: -24.4     I: -24.5 LUFS       LRA:   0.4 LU  FTPK: -21.9 -22.5 dBFS  TPK:  -7.7  -7.9 dBFS
[Parsed_ebur128_0 @ 0x7f5098003400] t: 3.499979   TARGET:-23 LUFS    M: -25.9 S: -24.4     I: -24.5 LUFS       LRA:   0.5 LU  FTPK: -21.8 -22.2 dBFS  TPK:  -7.7  -7.9 dBFS
[Parsed_ebur128_0 @ 0x7f5098003400] t: 3.599979   TARGET:-23 LUFS    M: -24.2 S: -24.5     I: -24.5 LUFS       LRA:   0.5 LU  FTPK:  -8.6  -8.5 dBFS  TPK:  -7.7  -7.9 dBFS
[Parsed_ebur128_0 @ 0x7f5098003400] t: 3.699979   TARGET:-23 LUFS    M: -25.8 S: -24.6     I: -24.5 LUFS       LRA:   0.5 LU  FTPK: -20.5 -20.7 dBFS  TPK:  -7.7  -7.9 dBFS
[Parsed_ebur128_0 @ 0x7f5098003400] t: 3.799979   TARGET:-23 LUFS    M: -26.0 S: -24.8     I: -24.6 LUFS       LRA:   0.5 LU  FTPK: -22.5 -23.1 dBFS  TPK:  -7.7  -7.9 dBFS
[Parsed_ebur128_0 @ 0x7f5098003400] t: 3.899979   TARGET:-23 LUFS    M: -26.0 S: -25.0     I: -24.6 LUFS       LRA:   0.6 LU  FTPK: -23.8 -23.9 dBFS  TPK:  -7.7  -7.9 dBFS
[Parsed_ebur128_0 @ 0x7f5098003400] t: 3.999979   TARGET:-23 LUFS    M: -25.9 S: -24.9     I: -24.7 LUFS       LRA:   0.5 LU  FTPK:  -8.0  -8.0 dBFS  TPK:  -7.7  -7.9 dBFS
[Parsed_ebur128_0 @ 0x7f5098003400] t: 4.099979   TARGET:-23 LUFS    M: -25.9 S: -25.0     I: -24.7 LUFS       LRA:   0.6 LU  FTPK: -21.8 -23.6 dBFS  TPK:  -7.7  -7.9 dBFS
[Parsed_ebur128_0 @ 0x7f5098003400] t: 4.199979   TARGET:-23 LUFS    M: -26.2 S: -25.2     I: -24.7 LUFS       LRA:   0.8 LU  FTPK: -23.3 -24.5 dBFS  TPK:  -7.7  -7.9 dBFS
[Parsed_ebur128_0 @ 0x7f5098003400] t: 4.299979   TARGET:-23 LUFS    M: -24.0 S: -25.1     I: -24.7 LUFS       LRA:   0.8 LU  FTPK:  -8.0  -8.0 dBFS  TPK:  -7.7  -7.9 dBFS
[Parsed_ebur128_0 @ 0x7f5098003400] t: 4.399979   TARGET:-23 LUFS    M: -25.0 S: -25.1     I: -24.7 LUFS       LRA:   0.7 LU  FTPK: -17.9 -18.8 dBFS  TPK:  -7.7  -7.9 dBFS
[Parsed_ebur128_0 @ 0x7f5098003400] t: 4.499979   TARGET:-23 LUFS    M: -24.2 S: -25.2     I: -24.7 LUFS       LRA:   0.7 LU  FTPK: -17.9 -17.6 dBFS  TPK:  -7.7  -7.9 dBFS
[Parsed_ebur128_0 @ 0x7f5098003400] t: 4.599979   TARGET:-23 LUFS    M: -22.9 S: -25.2     I: -24.6 LUFS       LRA:   0.8 LU  FTPK:  -8.4  -8.4 dBFS  TPK:  -7.7  -7.9 dBFS
[Parsed_ebur128_0 @ 0x7f5098003400] t: 4.699979   TARGET:-23 LUFS    M: -24.5 S: -25.4     I: -24.6 LUFS       LRA:   0.8 LU  FTPK: -16.5 -15.7 dBFS  TPK:  -7.7  -7.9 dBFS
[Parsed_ebur128_0 @ 0x7f5098003400] t: 4.799979   TARGET:-23 LUFS    M: -25.3 S: -25.6     I: -24.6 LUFS       LRA:   1.0 LU  FTPK: -25.3 -26.3 dBFS  TPK:  -7.7  -7.9 dBFS
[Parsed_ebur128_0 @ 0x7f5098003400] t: 4.899979   TARGET:-23 LUFS    M: -26.9 S: -25.8     I: -24.7 LUFS       LRA:   1.2 LU  FTPK: -29.2 -29.3 dBFS  TPK:  -7.7  -7.9 dBFS
[Parsed_ebur128_0 @ 0x7f5098003400] t: 4.999979   TARGET:-23 LUFS    M: -27.1 S: -25.9     I: -24.7 LUFS       LRA:   1.4 LU  FTPK:  -8.1  -8.2 dBFS  TPK:  -7.7  -7.9 dBFS
[Parsed_ebur128_0 @ 0x7f5098003400] t: 5.099979   TARGET:-23 LUFS    M: -27.2 S: -25.9     I: -24.8 LUFS       LRA:   1.5 LU  FTPK: -24.9 -26.9 dBFS  TPK:  -7.7  -7.9 dBFS
[Parsed_ebur128_0 @ 0x7f5098003400] t: 5.199979   TARGET:-23 LUFS    M: -27.4 S: -25.9     I: -24.8 LUFS       LRA:   1.5 LU  FTPK: -28.3 -29.5 dBFS  TPK:  -7.7  -7.9 dBFS
[Parsed_ebur128_0 @ 0x7f5098003400] t: 5.299979   TARGET:-23 LUFS    M: -25.0 S: -25.9     I: -24.8 LUFS       LRA:   1.5 LU  FTPK:  -8.2  -8.1 dBFS  TPK:  -7.7  -7.9 dBFS
[Parsed_ebur128_0 @ 0x7f5098003400] t: 5.399979   TARGET:-23 LUFS    M: -27.3 S: -25.8     I: -24.9 LUFS       LRA:   1.5 LU  FTPK: -26.3 -26.3 dBFS  TPK:  -7.7  -7.9 dBFS
[Parsed_ebur128_0 @ 0x7f5098003400] t: 5.499979   TARGET:-23 LUFS    M: -27.3 S: -25.8     I: -24.9 LUFS       LRA:   1.5 LU  FTPK: -25.8 -25.1 dBFS  TPK:  -7.7  -7.9 dBFS
[Parsed_ebur128_0 @ 0x7f5098003400] t: 5.599979   TARGET:-23 LUFS    M: -26.9 S: -26.1     I: -24.9 LUFS       LRA:   1.5 LU  FTPK: -24.1 -24.3 dBFS  TPK:  -7.7  -7.9 dBFS
[Parsed_ebur128_0 @ 0x7f5098003400] t: 5.699979   TARGET:-23 LUFS    M: -30.7 S: -26.0     I: -25.0 LUFS       LRA:   1.5 LU  FTPK: -24.1 -24.8 dBFS  TPK:  -7.7  -7.9 dBFS
[Parsed_ebur128_0 @ 0x7f5098003400] t: 5.799979   TARGET:-23 LUFS    M: -29.7 S: -26.0     I: -25.0 LUFS       LRA:   1.5 LU  FTPK: -22.7 -22.8 dBFS  TPK:  -7.7  -7.9 dBFS
[Parsed_ebur128_0 @ 0x7f5098003400] t: 5.899979   TARGET:-23 LUFS    M: -28.7 S: -25.9     I: -25.1 LUFS       LRA:   1.5 LU  FTPK: -23.3 -22.6 dBFS  TPK:  -7.7  -7.9 dBFS
[Parsed_ebur128_0 @ 0x7f5098003400] t: 5.999979   TARGET:-23 LUFS    M: -25.1 S: -25.8     I: -25.1 LUFS       LRA:   1.5 LU  FTPK:  -8.0  -8.0 dBFS  TPK:  -7.7  -7.9 dBFS
[Parsed_ebur128_0 @ 0x7f5098003400] t: 6.099979   TARGET:-23 LUFS    M: -24.4 S: -25.6     I: -25.1 LUFS       LRA:   1.5 LU  FTPK: -17.6 -19.3 dBFS  TPK:  -7.7  -7.9 dBFS
[Parsed_ebur128_0 @ 0x7f5098003400] t: 6.199979   TARGET:-23 LUFS    M: -23.9 S: -25.5     I: -25.1 LUFS       LRA:   1.5 LU  FTPK: -17.7 -20.5 dBFS  TPK:  -7.7  -7.9 dBFS
[Parsed_ebur128_0 @ 0x7f5098003400] t: 6.299979   TARGET:-23 LUFS    M: -23.6 S: -25.7     I: -25.0 LUFS       LRA:   1.5 LU  FTPK: -18.6 -20.3 dBFS  TPK:  -7.7  -7.9 dBFS
[Parsed_ebur128_0 @ 0x7f5098003400] t: 6.399979   TARGET:-23 LUFS    M: -23.5 S: -25.3     I: -25.0 LUFS       LRA:   1.4 LU  FTPK:  -8.6  -8.4 dBFS  TPK:  -7.7  -7.9 dBFS
[Parsed_ebur128_0 @ 0x7f5098003400] t: 6.499979   TARGET:-23 LUFS    M: -23.5 S: -25.3     I: -25.0 LUFS       LRA:   1.4 LU  FTPK: -19.2 -21.3 dBFS  TPK:  -7.7  -7.9 dBFS
[Parsed_ebur128_0 @ 0x7f5098003400] t: 6.599979   TARGET:-23 LUFS    M: -23.7 S: -25.4     I: -24.9 LUFS       LRA:   1.4 LU  FTPK: -18.5 -20.9 dBFS  TPK:  -7.7  -7.9 dBFS
[Parsed_ebur128_0 @ 0x7f5098003400] t: 6.699979   TARGET:-23 LUFS    M: -22.6 S: -25.1     I: -24.9 LUFS       LRA:   1.4 LU  FTPK:  -8.7  -8.5 dBFS  TPK:  -7.7  -7.9 dBFS
[Parsed_ebur128_0 @ 0x7f5098003400] t: 6.799979   TARGET:-23 LUFS    M: -24.0 S: -25.1     I: -24.9 LUFS       LRA:   1.4 LU  FTPK: -19.6 -22.4 dBFS  TPK:  -7.7  -7.9 dBFS
[Parsed_ebur128_0 @ 0x7f5098003400] t: 6.899979   TARGET:-23 LUFS    M: -24.2 S: -25.0     I: -24.9 LUFS       LRA:   1.4 LU  FTPK: -18.4 -20.3 dBFS  TPK:  -7.7  -7.9 dBFS
[Parsed_ebur128_0 @ 0x7f5098003400] t: 6.999979   TARGET:-23 LUFS    M: -23.3 S: -25.0     I: -24.8 LUFS       LRA:   1.4 LU  FTPK:  -8.1  -8.1 dBFS  TPK:  -7.7  -7.9 dBFS
[Parsed_ebur128_0 @ 0x7f5098003400] t: 7.099979   TARGET:-23 LUFS    M: -25.4 S: -25.0     I: -24.8 LUFS       LRA:   1.4 LU  FTPK: -15.4 -15.2 dBFS  TPK:  -7.7  -7.9 dBFS
[Parsed_ebur128_0 @ 0x7f5098003400] t: 7.199979   TARGET:-23 LUFS    M: -25.9 S: -25.0     I: -24.9 LUFS       LRA:   1.4 LU  FTPK: -24.8 -21.8 dBFS  TPK:  -7.7  -7.9 dBFS
[Parsed_ebur128_0 @ 0x7f5098003400] t: 7.299979   TARGET:-23 LUFS    M: -26.0 S: -25.3     I: -24.9 LUFS       LRA:   1.4 LU  FTPK: -25.1 -21.6 dBFS  TPK:  -7.7  -7.9 dBFS
[Parsed_ebur128_0 @ 0x7f5098003400] t: 7.399979   TARGET:-23 LUFS    M: -25.8 S: -25.1     I: -24.9 LUFS       LRA:   1.4 LU  FTPK:  -7.4  -7.6 dBFS  TPK:  -7.4  -7.6 dBFS
[Parsed_ebur128_0 @ 0x7f5098003400] t: 7.499979   TARGET:-23 LUFS    M: -25.5 S: -25.2     I: -24.9 LUFS       LRA:   1.4 LU  FTPK: -21.6 -22.3 dBFS  TPK:  -7.4  -7.6 dBFS
[Parsed_ebur128_0 @ 0x7f5098003400] t: 7.599979   TARGET:-23 LUFS    M: -25.4 S: -25.5     I: -24.9 LUFS       LRA:   1.4 LU  FTPK: -23.0 -22.3 dBFS  TPK:  -7.4  -7.6 dBFS
[Parsed_ebur128_0 @ 0x7f5098003400] t: 7.699979   TARGET:-23 LUFS    M: -23.9 S: -25.2     I: -24.9 LUFS       LRA:   1.4 LU  FTPK:  -8.3  -8.2 dBFS  TPK:  -7.4  -7.6 dBFS
[Parsed_ebur128_0 @ 0x7f5098003400] t: 7.799979   TARGET:-23 LUFS    M: -25.5 S: -25.2     I: -24.9 LUFS       LRA:   1.4 LU  FTPK: -22.1 -22.2 dBFS  TPK:  -7.4  -7.6 dBFS
[Parsed_ebur128_0 @ 0x7f5098003400] t: 7.899979   TARGET:-23 LUFS    M: -25.6 S: -25.1     I: -24.9 LUFS       LRA:   1.4 LU  FTPK: -22.3 -22.5 dBFS  TPK:  -7.4  -7.6 dBFS
[Parsed_ebur128_0 @ 0x7f5098003400] t: 7.999979   TARGET:-23 LUFS    M: -24.0 S: -25.1     I: -24.9 LUFS       LRA:   1.4 LU  FTPK:  -8.7  -8.7 dBFS  TPK:  -7.4  -7.6 dBFS
[Parsed_ebur128_0 @ 0x7f5098003400] t: 8.099979   TARGET:-23 LUFS    M: -25.7 S: -25.0     I: -24.9 LUFS       LRA:   1.4 LU  FTPK: -22.1 -22.7 dBFS  TPK:  -7.4  -7.6 dBFS
[Parsed_ebur128_0 @ 0x7f5098003400] t: 8.199979   TARGET:-23 LUFS    M: -25.8 S: -25.0     I: -24.9 LUFS       LRA:   1.4 LU  FTPK: -22.6 -23.1 dBFS  TPK:  -7.4  -7.6 dBFS
[Parsed_ebur128_0 @ 0x7f5098003400] t: 8.299979   TARGET:-23 LUFS    M: -25.9 S: -25.2     I: -24.9 LUFS       LRA:   1.4 LU  FTPK: -23.5 -24.3 dBFS  TPK:  -7.4  -7.6 dBFS
[Parsed_ebur128_0 @ 0x7f5098003400] t: 8.399979   TARGET:-23 LUFS    M: -25.9 S: -24.9     I: -24.9 LUFS       LRA:   1.4 LU  FTPK:  -8.5  -8.5 dBFS  TPK:  -7.4  -7.6 dBFS
[Parsed_ebur128_0 @ 0x7f5098003400] t: 8.499979   TARGET:-23 LUFS    M: -26.3 S: -25.0     I: -24.9 LUFS       LRA:   1.4 LU  FTPK: -24.0 -24.2 dBFS  TPK:  -7.4  -7.6 dBFS
[Parsed_ebur128_0 @ 0x7f5098003400] t: 8.599979   TARGET:-23 LUFS    M: -26.9 S: -25.0     I: -25.0 LUFS       LRA:   1.4 LU  FTPK: -30.5 -30.4 dBFS  TPK:  -7.4  -7.6 dBFS
[Parsed_ebur128_0 @ 0x7f5098003400] t: 8.699979   TARGET:-23 LUFS    M: -25.1 S: -24.8     I: -25.0 LUFS       LRA:   1.4 LU  FTPK:  -8.3  -8.4 dBFS  TPK:  -7.4  -7.6 dBFS
[Parsed_ebur128_0 @ 0x7f5098003400] t: 8.799979   TARGET:-23 LUFS    M: -28.0 S: -24.8     I: -25.0 LUFS       LRA:   1.4 LU  FTPK: -29.5 -29.5 dBFS  TPK:  -7.4  -7.6 dBFS
[Parsed_ebur128_0 @ 0x7f5098003400] t: 8.899979   TARGET:-23 LUFS    M: -28.3 S: -24.9     I: -25.0 LUFS       LRA:   1.4 LU  FTPK: -29.5 -29.7 dBFS  TPK:  -7.4  -7.6 dBFS
[Parsed_ebur128_0 @ 0x7f5098003400] t: 8.999979   TARGET:-23 LUFS    M: -25.6 S: -25.1     I: -25.0 LUFS       LRA:   1.4 LU  FTPK:  -8.2  -8.3 dBFS  TPK:  -7.4  -7.6 dBFS
[Parsed_ebur128_0 @ 0x7f5098003400] t: 9.099979   TARGET:-23 LUFS    M: -28.1 S: -25.2     I: -25.1 LUFS       LRA:   1.4 LU  FTPK: -24.8 -25.0 dBFS  TPK:  -7.4  -7.6 dBFS
[Parsed_ebur128_0 @ 0x7f5098003400] t: 9.199979   TARGET:-23 LUFS    M: -28.2 S: -25.3     I: -25.1 LUFS       LRA:   1.4 LU  FTPK: -27.2 -29.0 dBFS  TPK:  -7.4  -7.6 dBFS
[Parsed_ebur128_0 @ 0x7f5098003400] t: 9.299979   TARGET:-23 LUFS    M: -28.2 S: -25.5     I: -25.1 LUFS       LRA:   1.4 LU  FTPK: -31.1 -31.6 dBFS  TPK:  -7.4  -7.6 dBFS
[Parsed_ebur128_0 @ 0x7f5098003400] t: 9.399979   TARGET:-23 LUFS    M: -28.0 S: -25.6     I: -25.1 LUFS       LRA:   1.4 LU  FTPK:  -8.5  -8.3 dBFS  TPK:  -7.4  -7.6 dBFS
[Parsed_ebur128_0 @ 0x7f5098003400] t: 9.499979   TARGET:-23 LUFS    M: -28.0 S: -25.8     I: -25.1 LUFS       LRA:   1.4 LU  FTPK: -27.4 -28.8 dBFS  TPK:  -7.4  -7.6 dBFS
[Parsed_ebur128_0 @ 0x7f5098003400] t: 9.599979   TARGET:-23 LUFS    M: -28.1 S: -25.9     I: -25.2 LUFS       LRA:   1.4 LU  FTPK: -29.6 -29.8 dBFS  TPK:  -7.4  -7.6 dBFS
[Parsed_ebur128_0 @ 0x7f5098003400] t: 9.699979   TARGET:-23 LUFS    M: -25.5 S: -26.1     I: -25.2 LUFS       LRA:   1.4 LU  FTPK:  -8.5  -8.6 dBFS  TPK:  -7.4  -7.6 dBFS
[Parsed_ebur128_0 @ 0x7f5098003400] t: 9.799979   TARGET:-23 LUFS    M: -28.1 S: -26.2     I: -25.2 LUFS       LRA:   1.4 LU  FTPK: -29.7 -27.5 dBFS  TPK:  -7.4  -7.6 dBFS
[Parsed_ebur128_0 @ 0x7f5098003400] t: 9.899979   TARGET:-23 LUFS    M: -28.1 S: -26.3     I: -25.2 LUFS       LRA:   1.4 LU  FTPK: -26.8 -27.4 dBFS  TPK:  -7.4  -7.6 dBFS
[Parsed_ebur128_0 @ 0x7f5098003400] t: 9.999979   TARGET:-23 LUFS    M: -27.9 S: -26.6     I: -25.2 LUFS       LRA:   1.4 LU  FTPK: -29.5 -27.9 dBFS  TPK:  -7.4  -7.6 dBFS
[Parsed_ebur128_0 @ 0x7f5098003400] t: 10.099979  TARGET:-23 LUFS    M: -34.5 S: -26.7     I: -25.3 LUFS       LRA:   1.4 LU  FTPK: -30.0 -28.3 dBFS  TPK:  -7.4  -7.6 dBFS
[Parsed_ebur128_0 @ 0x7f5098003400] t: 10.199979  TARGET:-23 LUFS    M: -34.4 S: -26.7     I: -25.3 LUFS       LRA:   1.4 LU  FTPK: -27.6 -28.7 dBFS  TPK:  -7.4  -7.6 dBFS
[Parsed_ebur128_0 @ 0x7f5098003400] t: 10.299979  TARGET:-23 LUFS    M: -34.3 S: -26.8     I: -25.4 LUFS       LRA:   1.5 LU  FTPK: -28.9 -29.5 dBFS  TPK:  -7.4  -7.6 dBFS
[Parsed_ebur128_0 @ 0x7f5098003400] t: 10.399979  TARGET:-23 LUFS    M: -33.9 S: -27.3     I: -25.4 LUFS       LRA:   1.5 LU  FTPK: -26.3 -27.8 dBFS  TPK:  -7.4  -7.6 dBFS
[Parsed_ebur128_0 @ 0x7f5098003400] t: 10.499979  TARGET:-23 LUFS    M: -33.3 S: -27.4     I: -25.4 LUFS       LRA:   1.6 LU  FTPK: -26.6 -27.6 dBFS  TPK:  -7.4  -7.6 dBFS
[Parsed_ebur128_0 @ 0x7f5098003400] t: 10.599979  TARGET:-23 LUFS    M: -32.8 S: -27.4     I: -25.5 LUFS       LRA:   1.7 LU  FTPK: -26.3 -26.8 dBFS  TPK:  -7.4  -7.6 dBFS
[Parsed_ebur128_0 @ 0x7f5098003400] t: 10.699979  TARGET:-23 LUFS    M: -32.1 S: -27.9     I: -25.5 LUFS       LRA:   2.0 LU  FTPK: -25.5 -25.1 dBFS  TPK:  -7.4  -7.6 dBFS
[Parsed_ebur128_0 @ 0x7f5098003400] t: 10.799979  TARGET:-23 LUFS    M: -31.5 S: -28.0     I: -25.5 LUFS       LRA:   2.1 LU  FTPK: -26.1 -25.6 dBFS  TPK:  -7.4  -7.6 dBFS
[Parsed_ebur128_0 @ 0x7f5098003400] t: 10.899979  TARGET:-23 LUFS    M: -30.9 S: -28.0     I: -25.6 LUFS       LRA:   2.1 LU  FTPK: -24.7 -24.6 dBFS  TPK:  -7.4  -7.6 dBFS
[Parsed_ebur128_0 @ 0x7f5098003400] t: 10.999979  TARGET:-23 LUFS    M: -30.4 S: -28.6     I: -25.6 LUFS       LRA:   2.2 LU  FTPK: -25.0 -24.0 dBFS  TPK:  -7.4  -7.6 dBFS
[Parsed_ebur128_0 @ 0x7f5098003400] t: 11.099979  TARGET:-23 LUFS    M: -29.6 S: -28.6     I: -25.6 LUFS       LRA:   2.7 LU  FTPK: -24.1 -23.6 dBFS  TPK:  -7.4  -7.6 dBFS
[Parsed_ebur128_0 @ 0x7f5098003400] t: 11.199979  TARGET:-23 LUFS    M: -29.0 S: -28.5     I: -25.6 LUFS       LRA:   2.8 LU  FTPK: -23.9 -23.2 dBFS  TPK:  -7.4  -7.6 dBFS
[Parsed_ebur128_0 @ 0x7f5098003400] t: 11.299979  TARGET:-23 LUFS    M: -28.6 S: -28.5     I: -25.7 LUFS       LRA:   2.8 LU  FTPK: -22.6 -22.3 dBFS  TPK:  -7.4  -7.6 dBFS
[Parsed_ebur128_0 @ 0x7f5098003400] t: 11.399979  TARGET:-23 LUFS    M: -29.0 S: -29.1     I: -25.7 LUFS       LRA:   2.8 LU  FTPK: -23.4 -22.4 dBFS  TPK:  -7.4  -7.6 dBFS
[Parsed_ebur128_0 @ 0x7f5098003400] t: 11.499979  TARGET:-23 LUFS    M: -30.4 S: -29.2     I: -25.7 LUFS       LRA:   3.3 LU  FTPK: -33.3 -33.5 dBFS  TPK:  -7.4  -7.6 dBFS
[Parsed_ebur128_0 @ 0x7f5098003400] t: 11.599979  TARGET:-23 LUFS    M: -32.7 S: -29.2     I: -25.7 LUFS       LRA:   3.4 LU  FTPK: -37.6 -41.4 dBFS  TPK:  -7.4  -7.6 dBFS
[Parsed_ebur128_0 @ 0x7f5098003400] t: 11.699979  TARGET:-23 LUFS    M: -37.4 S: -29.9     I: -25.7 LUFS       LRA:   3.4 LU  FTPK: -39.2 -40.7 dBFS  TPK:  -7.4  -7.6 dBFS
[Parsed_ebur128_0 @ 0x7f5098003400] t: 11.799979  TARGET:-23 LUFS    M: -45.1 S: -30.0     I: -25.7 LUFS       LRA:   3.9 LU  FTPK: -39.7 -41.1 dBFS  TPK:  -7.4  -7.6 dBFS
[Parsed_ebur128_0 @ 0x7f5098003400] t: 11.899979  TARGET:-23 LUFS    M: -47.1 S: -30.0     I: -25.7 LUFS       LRA:   3.9 LU  FTPK: -40.1 -41.3 dBFS  TPK:  -7.4  -7.6 dBFS
[Parsed_ebur128_0 @ 0x7f5098003400] t: 11.999979  TARGET:-23 LUFS    M: -28.7 S: -29.9     I: -25.8 LUFS       LRA:   3.8 LU  FTPK:  -8.3  -8.3 dBFS  TPK:  -7.4  -7.6 dBFS
[Parsed_ebur128_0 @ 0x7f5098003400] t: 12.099979  TARGET:-23 LUFS    M: -28.5 S: -30.0     I: -25.8 LUFS       LRA:   3.8 LU  FTPK: -28.0 -27.6 dBFS  TPK:  -7.4  -7.6 dBFS
[Parsed_ebur128_0 @ 0x7f5098003400] t: 12.199979  TARGET:-23 LUFS    M: -28.3 S: -30.0     I: -25.8 LUFS       LRA:   4.4 LU  FTPK: -29.0 -28.9 dBFS  TPK:  -7.4  -7.6 dBFS
[Parsed_ebur128_0 @ 0x7f5098003400] t: 12.299979  TARGET:-23 LUFS    M: -25.4 S: -29.2     I: -25.8 LUFS       LRA:   4.4 LU  FTPK:  -7.9  -7.9 dBFS  TPK:  -7.4  -7.6 dBFS
[Parsed_ebur128_0 @ 0x7f5098003400] t: 12.399979  TARGET:-23 LUFS    M: -27.9 S: -29.9     I: -25.8 LUFS       LRA:   4.4 LU  FTPK: -29.0 -29.3 dBFS  TPK:  -7.4  -7.6 dBFS
[Parsed_ebur128_0 @ 0x7f5098003400] t: 12.499979  TARGET:-23 LUFS    M: -27.9 S: -29.9     I: -25.8 LUFS       LRA:   4.4 LU  FTPK: -29.2 -28.9 dBFS  TPK:  -7.4  -7.6 dBFS
[Parsed_ebur128_0 @ 0x7f5098003400] t: 12.599979  TARGET:-23 LUFS    M: -25.3 S: -29.2     I: -25.8 LUFS       LRA:   4.5 LU  FTPK:  -8.1  -8.1 dBFS  TPK:  -7.4  -7.6 dBFS
[Parsed_ebur128_0 @ 0x7f5098003400] t: 12.699979  TARGET:-23 LUFS    M: -27.9 S: -29.9     I: -25.8 LUFS       LRA:   4.5 LU  FTPK: -15.7 -15.7 dBFS  TPK:  -7.4  -7.6 dBFS
[Parsed_ebur128_0 @ 0x7f5098003400] t: 12.799979  TARGET:-23 LUFS    M: -27.8 S: -29.9     I: -25.8 LUFS       LRA:   5.1 LU  FTPK: -27.4 -27.6 dBFS  TPK:  -7.4  -7.6 dBFS
[Parsed_ebur128_0 @ 0x7f5098003400] t: 12.899979  TARGET:-23 LUFS    M: -27.8 S: -29.9     I: -25.9 LUFS       LRA:   5.1 LU  FTPK: -26.2 -26.5 dBFS  TPK:  -7.4  -7.6 dBFS
[Parsed_ebur128_0 @ 0x7f5098003400] t: 12.999979  TARGET:-23 LUFS    M: -27.7 S: -29.2     I: -25.9 LUFS       LRA:   5.1 LU  FTPK:  -8.0  -7.9 dBFS  TPK:  -7.4  -7.6 dBFS
[Parsed_ebur128_0 @ 0x7f5098003400] t: 13.099979  TARGET:-23 LUFS    M: -27.3 S: -29.1     I: -25.9 LUFS       LRA:   5.1 LU  FTPK: -24.2 -26.9 dBFS  TPK:  -7.4  -7.6 dBFS
[Parsed_ebur128_0 @ 0x7f5098003400] t: 13.199979  TARGET:-23 LUFS    M: -26.7 S: -29.0     I: -25.9 LUFS       LRA:   5.1 LU  FTPK: -22.6 -24.7 dBFS  TPK:  -7.4  -7.6 dBFS
[Parsed_ebur128_0 @ 0x7f5098003400] t: 13.299979  TARGET:-23 LUFS    M: -26.3 S: -28.9     I: -25.9 LUFS       LRA:   5.1 LU  FTPK: -23.0 -26.1 dBFS  TPK:  -7.4  -7.6 dBFS
[Parsed_ebur128_0 @ 0x7f5098003400] t: 13.399979  TARGET:-23 LUFS    M: -28.9 S: -28.8     I: -25.9 LUFS       LRA:   5.1 LU  FTPK: -22.7 -25.9 dBFS  TPK:  -7.4  -7.6 dBFS
[Parsed_ebur128_0 @ 0x7f5098003400] t: 13.499979  TARGET:-23 LUFS    M: -25.5 S: -28.1     I: -25.9 LUFS       LRA:   5.1 LU  FTPK:  -7.5  -7.4 dBFS  TPK:  -7.4  -7.4 dBFS
[Parsed_ebur128_0 @ 0x7f5098003400] t: 13.599979  TARGET:-23 LUFS    M: -25.2 S: -28.0     I: -25.9 LUFS       LRA:   5.1 LU  FTPK: -20.8 -19.8 dBFS  TPK:  -7.4  -7.4 dBFS
[Parsed_ebur128_0 @ 0x7f5098003400] t: 13.699979  TARGET:-23 LUFS    M: -24.9 S: -27.8     I: -25.9 LUFS       LRA:   5.1 LU  FTPK: -22.0 -21.1 dBFS  TPK:  -7.4  -7.4 dBFS
[Parsed_ebur128_0 @ 0x7f5098003400] t: 13.799979  TARGET:-23 LUFS    M: -23.4 S: -27.4     I: -25.9 LUFS       LRA:   5.1 LU  FTPK:  -7.4  -7.2 dBFS  TPK:  -7.4  -7.2 dBFS
[Parsed_ebur128_0 @ 0x7f5098003400] t: 13.899979  TARGET:-23 LUFS    M: -24.7 S: -27.2     I: -25.8 LUFS       LRA:   5.1 LU  FTPK: -21.0 -20.0 dBFS  TPK:  -7.4  -7.2 dBFS
[Parsed_ebur128_0 @ 0x7f5098003400] t: 13.999979  TARGET:-23 LUFS    M: -24.9 S: -27.2     I: -25.8 LUFS       LRA:   5.1 LU  FTPK: -21.1 -20.0 dBFS  TPK:  -7.4  -7.2 dBFS
[Parsed_ebur128_0 @ 0x7f5098003400] t: 14.099979  TARGET:-23 LUFS    M: -25.0 S: -27.2     I: -25.8 LUFS       LRA:   5.1 LU  FTPK: -22.9 -21.1 dBFS  TPK:  -7.4  -7.2 dBFS
[Parsed_ebur128_0 @ 0x7f5098003400] t: 14.199979  TARGET:-23 LUFS    M: -24.8 S: -26.8     I: -25.8 LUFS       LRA:   5.1 LU  FTPK:  -7.9  -7.9 dBFS  TPK:  -7.4  -7.2 dBFS
[Parsed_ebur128_0 @ 0x7f5098003400] t: 14.299979  TARGET:-23 LUFS    M: -24.9 S: -26.7     I: -25.8 LUFS       LRA:   5.1 LU  FTPK: -21.0 -20.0 dBFS  TPK:  -7.4  -7.2 dBFS
[Parsed_ebur128_0 @ 0x7f5098003400] t: 14.399979  TARGET:-23 LUFS    M: -25.2 S: -26.7     I: -25.8 LUFS       LRA:   4.4 LU  FTPK: -23.1 -22.4 dBFS  TPK:  -7.4  -7.2 dBFS
[Parsed_ebur128_0 @ 0x7f5098003400] t: 14.499979  TARGET:-23 LUFS    M: -24.0 S: -26.3     I: -25.8 LUFS       LRA:   4.4 LU  FTPK:  -8.4  -8.3 dBFS  TPK:  -7.4  -7.2 dBFS
[Parsed_ebur128_0 @ 0x7f5098003400] t: 14.599979  TARGET:-23 LUFS    M: -26.2 S: -26.3     I: -25.8 LUFS       LRA:   4.4 LU  FTPK: -25.7 -26.7 dBFS  TPK:  -7.4  -7.2 dBFS
[Parsed_ebur128_0 @ 0x7f5098003400] t: 14.699979  TARGET:-23 LUFS    M: -27.2 S: -26.3     I: -25.8 LUFS       LRA:   4.4 LU  FTPK: -26.1 -27.0 dBFS  TPK:  -7.4  -7.2 dBFS
[Parsed_ebur128_0 @ 0x7f5098003400] t: 14.799979  TARGET:-23 LUFS    M: -25.2 S: -25.9     I: -25.8 LUFS       LRA:   4.4 LU  FTPK:  -8.1  -8.2 dBFS  TPK:  -7.4  -7.2 dBFS
[Parsed_ebur128_0 @ 0x7f5098003400] t: 14.899979  TARGET:-23 LUFS    M: -27.3 S: -25.9     I: -25.8 LUFS       LRA:   4.4 LU  FTPK: -21.8 -21.9 dBFS  TPK:  -7.4  -7.2 dBFS
[Parsed_ebur128_0 @ 0x7f5098003400] t: 14.999979  TARGET:-23 LUFS    M: -27.4 S: -26.2     I: -25.8 LUFS       LRA:   4.4 LU  FTPK: -26.3 -26.2 dBFS  TPK:  -7.4  -7.2 dBFS
[Parsed_ebur128_0 @ 0x7f5098003400] t: 15.099979  TARGET:-23 LUFS    M: -27.5 S: -26.2     I: -25.8 LUFS       LRA:   4.4 LU  FTPK: -27.6 -30.5 dBFS  TPK:  -7.4  -7.2 dBFS
[Parsed_ebur128_0 @ 0x7f5098003400] t: 15.199979  TARGET:-23 LUFS    M: -27.2 S: -25.9     I: -25.8 LUFS       LRA:   4.4 LU  FTPK:  -8.2  -8.2 dBFS  TPK:  -7.4  -7.2 dBFS
[Parsed_ebur128_0 @ 0x7f5098003400] t: 15.299979  TARGET:-23 LUFS    M: -27.3 S: -26.1     I: -25.8 LUFS       LRA:   4.4 LU  FTPK: -26.0 -26.5 dBFS  TPK:  -7.4  -7.2 dBFS
[Parsed_ebur128_0 @ 0x7f5098003400] t: 15.399979  TARGET:-23 LUFS    M: -27.6 S: -26.1     I: -25.9 LUFS       LRA:   4.4 LU  FTPK: -29.0 -29.2 dBFS  TPK:  -7.4  -7.2 dBFS
[Parsed_ebur128_0 @ 0x7f5098003400] t: 15.499979  TARGET:-23 LUFS    M: -25.1 S: -25.8     I: -25.9 LUFS       LRA:   4.4 LU  FTPK:  -8.2  -8.2 dBFS  TPK:  -7.4  -7.2 dBFS
[Parsed_ebur128_0 @ 0x7f5098003400] t: 15.599979  TARGET:-23 LUFS    M: -27.3 S: -26.1     I: -25.9 LUFS       LRA:   4.4 LU  FTPK: -26.9 -26.1 dBFS  TPK:  -7.4  -7.2 dBFS
[Parsed_ebur128_0 @ 0x7f5098003400] t: 15.699979  TARGET:-23 LUFS    M: -27.6 S: -26.1     I: -25.9 LUFS       LRA:   4.4 LU  FTPK: -26.7 -27.4 dBFS  TPK:  -7.4  -7.2 dBFS
[Parsed_ebur128_0 @ 0x7f5098003400] t: 15.799979  TARGET:-23 LUFS    M: -25.2 S: -25.8     I: -25.9 LUFS       LRA:   4.4 LU  FTPK:  -8.2  -8.4 dBFS  TPK:  -7.4  -7.2 dBFS
[Parsed_ebur128_0 @ 0x7f5098003400] t: 15.899979  TARGET:-23 LUFS    M: -27.4 S: -25.8     I: -25.9 LUFS       LRA:   4.4 LU  FTPK: -15.6 -15.5 dBFS  TPK:  -7.4  -7.2 dBFS
[Parsed_ebur128_0 @ 0x7f5098003400] t: 15.999979  TARGET:-23 LUFS    M: -27.5 S: -26.1     I: -25.9 LUFS       LRA:   4.4 LU  FTPK: -24.1 -27.2 dBFS  TPK:  -7.4  -7.2 dBFS
[Parsed_ebur128_0 @ 0x7f5098003400] t: 16.099979  TARGET:-23 LUFS    M: -27.4 S: -26.1     I: -25.9 LUFS       LRA:   4.4 LU  FTPK: -25.4 -29.4 dBFS  TPK:  -7.4  -7.2 dBFS
[Parsed_ebur128_0 @ 0x7f5098003400] t: 16.199979  TARGET:-23 LUFS    M: -31.7 S: -26.2     I: -25.9 LUFS       LRA:   4.4 LU  FTPK: -26.0 -29.2 dBFS  TPK:  -7.4  -7.2 dBFS
[Parsed_ebur128_0 @ 0x7f5098003400] t: 16.299979  TARGET:-23 LUFS    M: -32.0 S: -26.2     I: -25.9 LUFS       LRA:   4.4 LU  FTPK: -25.7 -29.5 dBFS  TPK:  -7.4  -7.2 dBFS
[Parsed_ebur128_0 @ 0x7f5098003400] t: 16.399979  TARGET:-23 LUFS    M: -32.2 S: -26.3     I: -26.0 LUFS       LRA:   4.4 LU  FTPK: -26.4 -26.9 dBFS  TPK:  -7.4  -7.2 dBFS
[Parsed_ebur128_0 @ 0x7f5098003400] t: 16.499979  TARGET:-23 LUFS    M: -31.7 S: -26.7     I: -26.0 LUFS       LRA:   4.4 LU  FTPK: -25.6 -26.1 dBFS  TPK:  -7.4  -7.2 dBFS
[Parsed_ebur128_0 @ 0x7f5098003400] t: 16.599979  TARGET:-23 LUFS    M: -31.3 S: -26.8     I: -26.0 LUFS       LRA:   4.4 LU  FTPK: -26.7 -25.9 dBFS  TPK:  -7.4  -7.2 dBFS
[Parsed_ebur128_0 @ 0x7f5098003400] t: 16.699979  TARGET:-23 LUFS    M: -30.8 S: -26.8     I: -26.0 LUFS       LRA:   4.4 LU  FTPK: -25.4 -24.3 dBFS  TPK:  -7.4  -7.2 dBFS
[Parsed_ebur128_0 @ 0x7f5098003400] t: 16.799979  TARGET:-23 LUFS    M: -30.0 S: -27.2     I: -26.0 LUFS       LRA:   4.4 LU  FTPK: -25.3 -24.5 dBFS  TPK:  -7.4  -7.2 dBFS
[Parsed_ebur128_0 @ 0x7f5098003400] t: 16.899979  TARGET:-23 LUFS    M: -29.4 S: -27.3     I: -26.0 LUFS       LRA:   4.4 LU  FTPK: -24.2 -23.2 dBFS  TPK:  -7.4  -7.2 dBFS
[Parsed_ebur128_0 @ 0x7f5098003400] t: 16.999979  TARGET:-23 LUFS    M: -28.7 S: -27.3     I: -26.1 LUFS       LRA:   4.4 LU  FTPK: -23.9 -23.0 dBFS  TPK:  -7.4  -7.2 dBFS
[Parsed_ebur128_0 @ 0x7f5098003400] t: 17.099979  TARGET:-23 LUFS    M: -28.3 S: -27.3     I: -26.1 LUFS       LRA:   4.4 LU  FTPK: -23.1 -22.3 dBFS  TPK:  -7.4  -7.2 dBFS
[Parsed_ebur128_0 @ 0x7f5098003400] t: 17.199979  TARGET:-23 LUFS    M: -27.9 S: -27.8     I: -26.1 LUFS       LRA:   4.4 LU  FTPK: -22.7 -23.5 dBFS  TPK:  -7.4  -7.2 dBFS
[Parsed_ebur128_0 @ 0x7f5098003400] t: 17.299979  TARGET:-23 LUFS    M: -27.5 S: -27.8     I: -26.1 LUFS       LRA:   4.4 LU  FTPK: -22.1 -22.8 dBFS  TPK:  -7.4  -7.2 dBFS
[Parsed_ebur128_0 @ 0x7f5098003400] t: 17.399979  TARGET:-23 LUFS    M: -27.3 S: -27.7     I: -26.1 LUFS       LRA:   4.4 LU  FTPK: -21.1 -22.3 dBFS  TPK:  -7.4  -7.2 dBFS
[Parsed_ebur128_0 @ 0x7f5098003400] t: 17.499979  TARGET:-23 LUFS    M: -27.5 S: -28.1     I: -26.1 LUFS       LRA:   4.4 LU  FTPK: -21.4 -22.6 dBFS  TPK:  -7.4  -7.2 dBFS
[Parsed_ebur128_0 @ 0x7f5098003400] t: 17.599979  TARGET:-23 LUFS    M: -28.7 S: -28.1     I: -26.1 LUFS       LRA:   4.4 LU  FTPK: -30.2 -31.7 dBFS  TPK:  -7.4  -7.2 dBFS
[Parsed_ebur128_0 @ 0x7f5098003400] t: 17.699979  TARGET:-23 LUFS    M: -30.8 S: -28.2     I: -26.1 LUFS       LRA:   4.4 LU  FTPK: -46.1 -43.6 dBFS  TPK:  -7.4  -7.2 dBFS
[Parsed_ebur128_0 @ 0x7f5098003400] t: 17.799979  TARGET:-23 LUFS    M: -34.5 S: -28.7     I: -26.1 LUFS       LRA:   4.4 LU  FTPK: -45.7 -46.2 dBFS  TPK:  -7.4  -7.2 dBFS
[Parsed_ebur128_0 @ 0x7f5098003400] t: 17.899979  TARGET:-23 LUFS    M: -44.3 S: -28.8     I: -26.1 LUFS       LRA:   4.4 LU  FTPK: -44.6 -45.2 dBFS  TPK:  -7.4  -7.2 dBFS
[Parsed_ebur128_0 @ 0x7f5098003400] t: 17.999979  TARGET:-23 LUFS    M: -52.4 S: -28.9     I: -26.1 LUFS       LRA:   4.4 LU  FTPK: -44.3 -48.1 dBFS  TPK:  -7.4  -7.2 dBFS
[Parsed_ebur128_0 @ 0x7f5098003400] t: 18.099979  TARGET:-23 LUFS    M: -52.6 S: -28.9     I: -26.1 LUFS       LRA:   4.4 LU  FTPK: -44.5 -50.0 dBFS  TPK:  -7.4  -7.2 dBFS
[Parsed_ebur128_0 @ 0x7f5098003400] t: 18.199979  TARGET:-23 LUFS    M: -52.8 S: -29.6     I: -26.1 LUFS       LRA:   4.4 LU  FTPK: -45.9 -49.3 dBFS  TPK:  -7.4  -7.2 dBFS
[Parsed_ebur128_0 @ 0x7f5098003400] t: 18.299979  TARGET:-23 LUFS    M: -53.1 S: -29.7     I: -26.1 LUFS       LRA:   4.4 LU  FTPK: -45.5 -48.4 dBFS  TPK:  -7.4  -7.2 dBFS
[Parsed_ebur128_0 @ 0x7f5098003400] t: 18.399979  TARGET:-23 LUFS    M: -53.3 S: -29.7     I: -26.1 LUFS       LRA:   4.4 LU  FTPK: -45.6 -46.3 dBFS  TPK:  -7.4  -7.2 dBFS
[Parsed_ebur128_0 @ 0x7f5098003400] t: 18.499979  TARGET:-23 LUFS    M: -53.1 S: -30.6     I: -26.1 LUFS       LRA:   4.4 LU  FTPK: -45.9 -46.3 dBFS  TPK:  -7.4  -7.2 dBFS
[Parsed_ebur128_0 @ 0x7f5098003400] t: 18.599979  TARGET:-23 LUFS    M: -53.1 S: -30.7     I: -26.1 LUFS       LRA:   4.8 LU  FTPK: -45.4 -48.5 dBFS  TPK:  -7.4  -7.2 dBFS
[Parsed_ebur128_0 @ 0x7f5098003400] t: 18.699979  TARGET:-23 LUFS    M: -53.4 S: -30.8     I: -26.1 LUFS       LRA:   4.9 LU  FTPK: -45.9 -50.5 dBFS  TPK:  -7.4  -7.2 dBFS
[Parsed_ebur128_0 @ 0x7f5098003400] t: 18.799979  TARGET:-23 LUFS    M: -53.9 S: -31.8     I: -26.1 LUFS       LRA:   4.9 LU  FTPK: -47.9 -48.5 dBFS  TPK:  -7.4  -7.2 dBFS
[Parsed_ebur128_0 @ 0x7f5098003400] t: 18.899979  TARGET:-23 LUFS    M: -54.7 S: -32.0     I: -26.1 LUFS       LRA:   5.1 LU  FTPK: -47.6 -48.5 dBFS  TPK:  -7.4  -7.2 dBFS
[Parsed_ebur128_0 @ 0x7f5098003400] t: 18.999979  TARGET:-23 LUFS    M: -55.2 S: -32.1     I: -26.1 LUFS       LRA:   5.1 LU  FTPK: -49.5 -46.6 dBFS  TPK:  -7.4  -7.2 dBFS
[Parsed_ebur128_0 @ 0x7f5098003400] t: 19.099979  TARGET:-23 LUFS    M: -55.0 S: -32.3     I: -26.1 LUFS       LRA:   5.1 LU  FTPK: -47.1 -47.0 dBFS  TPK:  -7.4  -7.2 dBFS
[Parsed_ebur128_0 @ 0x7f5098003400] t: 19.199979  TARGET:-23 LUFS    M: -54.8 S: -32.4     I: -26.1 LUFS       LRA:   5.1 LU  FTPK: -46.7 -47.4 dBFS  TPK:  -7.4  -7.2 dBFS
[Parsed_ebur128_0 @ 0x7f5098003400] t: 19.299979  TARGET:-23 LUFS    M: -54.6 S: -32.6     I: -26.1 LUFS       LRA:   5.1 LU  FTPK: -47.6 -46.9 dBFS  TPK:  -7.4  -7.2 dBFS
[Parsed_ebur128_0 @ 0x7f5098003400] t: 19.399979  TARGET:-23 LUFS    M: -54.9 S: -32.7     I: -26.1 LUFS       LRA:   5.1 LU  FTPK: -47.7 -49.6 dBFS  TPK:  -7.4  -7.2 dBFS
[Parsed_ebur128_0 @ 0x7f5098003400] t: 19.499979  TARGET:-23 LUFS    M: -55.3 S: -33.0     I: -26.1 LUFS       LRA:   5.1 LU  FTPK: -49.7 -48.3 dBFS  TPK:  -7.4  -7.2 dBFS
[Parsed_ebur128_0 @ 0x7f5098003400] t: 19.599979  TARGET:-23 LUFS    M: -52.8 S: -33.2     I: -26.1 LUFS       LRA:   5.1 LU  FTPK: -39.0 -41.8 dBFS  TPK:  -7.4  -7.2 dBFS
[Parsed_ebur128_0 @ 0x7f5098003400] t: 19.699979  TARGET:-23 LUFS    M: -50.4 S: -33.5     I: -26.1 LUFS       LRA:   5.1 LU  FTPK: -38.7 -41.8 dBFS  TPK:  -7.4  -7.2 dBFS
[Parsed_ebur128_0 @ 0x7f5098003400] t: 19.799979  TARGET:-23 LUFS    M: -48.2 S: -33.9     I: -26.1 LUFS       LRA:   5.2 LU  FTPK: -37.0 -41.1 dBFS  TPK:  -7.4  -7.2 dBFS
[Parsed_ebur128_0 @ 0x7f5098003400] t: 19.899979  TARGET:-23 LUFS    M: -46.7 S: -34.5     I: -26.1 LUFS       LRA:   5.2 LU  FTPK: -39.4 -40.0 dBFS  TPK:  -7.4  -7.2 dBFS
[Parsed_ebur128_0 @ 0x7f5098003400] t: 19.999979  TARGET:-23 LUFS    M: -46.1 S: -35.2     I: -26.1 LUFS       LRA:   5.1 LU  FTPK: -39.8 -39.2 dBFS  TPK:  -7.4  -7.2 dBFS
[Parsed_ebur128_0 @ 0x7f5098003400] t: 20.099979  TARGET:-23 LUFS    M: -45.8 S: -36.0     I: -26.1 LUFS       LRA:   5.7 LU  FTPK: -37.6 -40.0 dBFS  TPK:  -7.4  -7.2 dBFS
[Parsed_ebur128_0 @ 0x7f5098003400] t: 20.199979  TARGET:-23 LUFS    M: -45.8 S: -37.2     I: -26.1 LUFS       LRA:   5.9 LU  FTPK: -37.9 -38.9 dBFS  TPK:  -7.4  -7.2 dBFS
[Parsed_ebur128_0 @ 0x7f5098003400] t: 20.299979  TARGET:-23 LUFS    M: -45.7 S: -39.2     I: -26.1 LUFS       LRA:   5.9 LU  FTPK: -35.9 -39.3 dBFS  TPK:  -7.4  -7.2 dBFS
[Parsed_ebur128_0 @ 0x7f5098003400] t: 20.399979  TARGET:-23 LUFS    M: -45.5 S: -42.4     I: -26.1 LUFS       LRA:   5.9 LU  FTPK: -36.6 -41.9 dBFS  TPK:  -7.4  -7.2 dBFS
[Parsed_ebur128_0 @ 0x7f5098003400] t: 20.499979  TARGET:-23 LUFS    M: -45.3 S: -48.1     I: -26.1 LUFS       LRA:   5.9 LU  FTPK: -34.5 -42.4 dBFS  TPK:  -7.4  -7.2 dBFS
[Parsed_ebur128_0 @ 0x7f5098003400] t: 20.599979  TARGET:-23 LUFS    M: -45.3 S: -49.2     I: -26.1 LUFS       LRA:   5.9 LU  FTPK: -36.4 -43.0 dBFS  TPK:  -7.4  -7.2 dBFS
[Parsed_ebur128_0 @ 0x7f5098003400] t: 20.699979  TARGET:-23 LUFS    M: -45.6 S: -49.0     I: -26.1 LUFS       LRA:   5.9 LU  FTPK: -39.0 -43.1 dBFS  TPK:  -7.4  -7.2 dBFS
[Parsed_ebur128_0 @ 0x7f5098003400] t: 20.799979  TARGET:-23 LUFS    M: -46.2 S: -48.9     I: -26.1 LUFS       LRA:   5.9 LU  FTPK: -39.0 -43.4 dBFS  TPK:  -7.4  -7.2 dBFS
[Parsed_ebur128_0 @ 0x7f5098003400] t: 20.899979  TARGET:-23 LUFS    M: -46.9 S: -48.8     I: -26.1 LUFS       LRA:   5.9 LU  FTPK: -39.7 -42.8 dBFS  TPK:  -7.4  -7.2 dBFS
[Parsed_ebur128_0 @ 0x7f5098003400] t: 20.999979  TARGET:-23 LUFS    M: -47.4 S: -48.7     I: -26.1 LUFS       LRA:   5.9 LU  FTPK: -39.3 -42.2 dBFS  TPK:  -7.4  -7.2 dBFS
[Parsed_ebur128_0 @ 0x7f5098003400] t: 21.099979  TARGET:-23 LUFS    M: -48.0 S: -48.6     I: -26.1 LUFS       LRA:   5.9 LU  FTPK: -40.6 -45.5 dBFS  TPK:  -7.4  -7.2 dBFS
[Parsed_ebur128_0 @ 0x7f5098003400] t: 21.199979  TARGET:-23 LUFS    M: -48.5 S: -48.5     I: -26.1 LUFS       LRA:   5.9 LU  FTPK: -41.7 -43.4 dBFS  TPK:  -7.4  -7.2 dBFS
[Parsed_ebur128_0 @ 0x7f5098003400] t: 21.299979  TARGET:-23 LUFS    M: -48.9 S: -48.4     I: -26.1 LUFS       LRA:   5.9 LU  FTPK: -41.9 -44.4 dBFS  TPK:  -7.4  -7.2 dBFS
[Parsed_ebur128_0 @ 0x7f5098003400] t: 21.399979  TARGET:-23 LUFS    M: -49.3 S: -48.4     I: -26.1 LUFS       LRA:   5.9 LU  FTPK: -40.5 -43.1 dBFS  TPK:  -7.4  -7.2 dBFS
[Parsed_ebur128_0 @ 0x7f5098003400] t: 21.499979  TARGET:-23 LUFS    M: -49.3 S: -48.3     I: -26.1 LUFS       LRA:   5.9 LU  FTPK: -40.6 -44.8 dBFS  TPK:  -7.4  -7.2 dBFS
[Parsed_ebur128_0 @ 0x7f5098003400] t: 21.599979  TARGET:-23 LUFS    M: -49.3 S: -48.2     I: -26.1 LUFS       LRA:   5.9 LU  FTPK: -40.7 -43.9 dBFS  TPK:  -7.4  -7.2 dBFS
[Parsed_ebur128_0 @ 0x7f5098003400] t: 21.699979  TARGET:-23 LUFS    M: -49.8 S: -48.2     I: -26.1 LUFS       LRA:   5.9 LU  FTPK: -43.6 -45.1 dBFS  TPK:  -7.4  -7.2 dBFS
[Parsed_ebur128_0 @ 0x7f5098003400] t: 21.799979  TARGET:-23 LUFS    M: -50.4 S: -48.2     I: -26.1 LUFS       LRA:   5.9 LU  FTPK: -42.9 -47.1 dBFS  TPK:  -7.4  -7.2 dBFS
[Parsed_ebur128_0 @ 0x7f5098003400] t: 21.899979  TARGET:-23 LUFS    M: -51.5 S: -48.1     I: -26.1 LUFS       LRA:   5.9 LU  FTPK: -45.5 -46.1 dBFS  TPK:  -7.4  -7.2 dBFS
[Parsed_ebur128_0 @ 0x7f5098003400] t: 21.999979  TARGET:-23 LUFS    M: -52.3 S: -48.1     I: -26.1 LUFS       LRA:   5.9 LU  FTPK: -45.6 -45.7 dBFS  TPK:  -7.4  -7.2 dBFS
[Parsed_ebur128_0 @ 0x7f5098003400] t: 22.099979  TARGET:-23 LUFS    M: -52.4 S: -48.1     I: -26.1 LUFS       LRA:   5.9 LU  FTPK: -46.8 -44.8 dBFS  TPK:  -7.4  -7.2 dBFS
[Parsed_ebur128_0 @ 0x7f5098003400] t: 22.199979  TARGET:-23 LUFS    M: -52.4 S: -48.1     I: -26.1 LUFS       LRA:   5.9 LU  FTPK: -46.6 -44.9 dBFS  TPK:  -7.4  -7.2 dBFS
[Parsed_ebur128_0 @ 0x7f5098003400] t: 22.299979  TARGET:-23 LUFS    M: -52.7 S: -48.1     I: -26.1 LUFS       LRA:   5.9 LU  FTPK: -46.2 -48.1 dBFS  TPK:  -7.4  -7.2 dBFS
[Parsed_ebur128_0 @ 0x7f5098003400] t: 22.399979  TARGET:-23 LUFS    M: -53.3 S: -48.1     I: -26.1 LUFS       LRA:   5.9 LU  FTPK: -47.1 -46.8 dBFS  TPK:  -7.4  -7.2 dBFS
[Parsed_ebur128_0 @ 0x7f5098003400] t: 22.499979  TARGET:-23 LUFS    M: -53.6 S: -48.0     I: -26.1 LUFS       LRA:   5.9 LU  FTPK: -48.1 -46.7 dBFS  TPK:  -7.4  -7.2 dBFS
[Parsed_ebur128_0 @ 0x7f5098003400] t: 22.599979  TARGET:-23 LUFS    M: -53.6 S: -48.1     I: -26.1 LUFS       LRA:   5.9 LU  FTPK: -49.2 -45.1 dBFS  TPK:  -7.4  -7.2 dBFS
[Parsed_ebur128_0 @ 0x7f5098003400] t: 22.699979  TARGET:-23 LUFS    M: -53.1 S: -48.2     I: -26.1 LUFS       LRA:   5.9 LU  FTPK: -45.2 -45.0 dBFS  TPK:  -7.4  -7.2 dBFS
[Parsed_ebur128_0 @ 0x7f5098003400] t: 22.799979  TARGET:-23 LUFS    M: -52.7 S: -48.4     I: -26.1 LUFS       LRA:   5.9 LU  FTPK: -44.6 -48.4 dBFS  TPK:  -7.4  -7.2 dBFS
[Parsed_ebur128_0 @ 0x7f5098003400] t: 22.899979  TARGET:-23 LUFS    M: -52.6 S: -48.7     I: -26.1 LUFS       LRA:   5.9 LU  FTPK: -43.6 -50.4 dBFS  TPK:  -7.4  -7.2 dBFS
[Parsed_ebur128_0 @ 0x7f5098003400] t: 22.999979  TARGET:-23 LUFS    M: -52.7 S: -48.9     I: -26.2 LUFS       LRA:   5.9 LU  FTPK: -45.6 -48.7 dBFS  TPK:  -7.4  -7.2 dBFS
[Parsed_ebur128_0 @ 0x7f5098003400] t: 23.099979  TARGET:-23 LUFS    M: -52.9 S: -49.1     I: -26.2 LUFS       LRA:   5.9 LU  FTPK: -46.8 -48.5 dBFS  TPK:  -7.4  -7.2 dBFS
[Parsed_ebur128_0 @ 0x7f5098003400] t: 23.199979  TARGET:-23 LUFS    M: -53.1 S: -49.4     I: -26.2 LUFS       LRA:   5.9 LU  FTPK: -46.0 -48.5 dBFS  TPK:  -7.4  -7.2 dBFS
[Parsed_ebur128_0 @ 0x7f5098003400] t: 23.299979  TARGET:-23 LUFS    M: -53.3 S: -49.7     I: -26.2 LUFS       LRA:   5.9 LU  FTPK: -46.3 -49.6 dBFS  TPK:  -7.4  -7.2 dBFS
[Parsed_ebur128_0 @ 0x7f5098003400] t: 23.399979  TARGET:-23 LUFS    M: -53.7 S: -50.1     I: -26.2 LUFS       LRA:   5.9 LU  FTPK: -46.3 -51.6 dBFS  TPK:  -7.4  -7.2 dBFS
[Parsed_ebur128_0 @ 0x7f5098003400] t: 23.499979  TARGET:-23 LUFS    M: -54.4 S: -50.6     I: -26.2 LUFS       LRA:   5.9 LU  FTPK: -48.1 -52.9 dBFS  TPK:  -7.4  -7.2 dBFS
[Parsed_ebur128_0 @ 0x7f5098003400] t: 23.599979  TARGET:-23 LUFS    M: -55.2 S: -51.0     I: -26.2 LUFS       LRA:   5.9 LU  FTPK: -47.2 -51.2 dBFS  TPK:  -7.4  -7.2 dBFS
[Parsed_ebur128_0 @ 0x7f5098003400] t: 23.699979  TARGET:-23 LUFS    M: -55.6 S: -51.3     I: -26.2 LUFS       LRA:   5.9 LU  FTPK: -48.2 -49.6 dBFS  TPK:  -7.4  -7.2 dBFS
[Parsed_ebur128_0 @ 0x7f5098003400] t: 23.799979  TARGET:-23 LUFS    M: -55.7 S: -51.6     I: -26.2 LUFS       LRA:   5.9 LU  FTPK: -47.1 -50.5 dBFS  TPK:  -7.4  -7.2 dBFS
[Parsed_ebur128_0 @ 0x7f5098003400] t: 23.899979  TARGET:-23 LUFS    M: -55.3 S: -51.9     I: -26.2 LUFS       LRA:   5.9 LU  FTPK: -47.6 -48.9 dBFS  TPK:  -7.4  -7.2 dBFS
[Parsed_ebur128_0 @ 0x7f5098003400] t: 23.999979  TARGET:-23 LUFS    M: -54.9 S: -52.2     I: -26.2 LUFS       LRA:   5.9 LU  FTPK: -47.5 -50.5 dBFS  TPK:  -7.4  -7.2 dBFS
[Parsed_ebur128_0 @ 0x7f5098003400] t: 24.099979  TARGET:-23 LUFS    M: -54.7 S: -52.4     I: -26.2 LUFS       LRA:   5.9 LU  FTPK: -46.6 -53.7 dBFS  TPK:  -7.4  -7.2 dBFS
[Parsed_ebur128_0 @ 0x7f5098003400] t: 24.199979  TARGET:-23 LUFS    M: -54.5 S: -52.7     I: -26.2 LUFS       LRA:   5.9 LU  FTPK: -47.2 -50.4 dBFS  TPK:  -7.4  -7.2 dBFS
[Parsed_ebur128_0 @ 0x7f5098003400] t: 24.299979  TARGET:-23 LUFS    M: -54.2 S: -52.8     I: -26.2 LUFS       LRA:   5.9 LU  FTPK: -47.5 -51.2 dBFS  TPK:  -7.4  -7.2 dBFS
[Parsed_ebur128_0 @ 0x7f5098003400] t: 24.399979  TARGET:-23 LUFS    M: -54.0 S: -53.0     I: -26.2 LUFS       LRA:   5.9 LU  FTPK: -46.4 -50.6 dBFS  TPK:  -7.4  -7.2 dBFS
[Parsed_ebur128_0 @ 0x7f5098003400] t: 24.499979  TARGET:-23 LUFS    M: -53.7 S: -53.3     I: -26.2 LUFS       LRA:   5.9 LU  FTPK: -46.4 -48.6 dBFS  TPK:  -7.4  -7.2 dBFS
[Parsed_ebur128_0 @ 0x7f5098003400] t: 24.599979  TARGET:-23 LUFS    M: -53.2 S: -53.5     I: -26.2 LUFS       LRA:   5.9 LU  FTPK: -45.9 -49.6 dBFS  TPK:  -7.4  -7.2 dBFS
[Parsed_ebur128_0 @ 0x7f5098003400] t: 24.699979  TARGET:-23 LUFS    M: -52.7 S: -53.5     I: -26.2 LUFS       LRA:   5.9 LU  FTPK: -45.3 -50.8 dBFS  TPK:  -7.4  -7.2 dBFS
[Parsed_ebur128_0 @ 0x7f5098003400] t: 24.799979  TARGET:-23 LUFS    M: -49.1 S: -52.7     I: -26.2 LUFS       LRA:   5.9 LU  FTPK: -31.3 -33.2 dBFS  TPK:  -7.4  -7.2 dBFS
[Parsed_ebur128_0 @ 0x7f5098003400] t: 24.899979  TARGET:-23 LUFS    M: -36.6 S: -44.8     I: -26.2 LUFS       LRA:   6.9 LU  FTPK: -23.7 -23.5 dBFS  TPK:  -7.4  -7.2 dBFS
[Parsed_ebur128_0 @ 0x7f5098003400] t: 24.999979  TARGET:-23 LUFS    M: -30.9 S: -39.5     I: -26.2 LUFS       LRA:   7.1 LU  FTPK: -19.3 -19.3 dBFS  TPK:  -7.4  -7.2 dBFS
[Parsed_ebur128_0 @ 0x7f5098003400] t: 25.099979  TARGET:-23 LUFS    M: -28.9 S: -37.6     I: -26.2 LUFS       LRA:   7.3 LU  FTPK: -21.2 -21.4 dBFS  TPK:  -7.4  -7.2 dBFS
[Parsed_ebur128_0 @ 0x7f5098003400] t: 25.199979  TARGET:-23 LUFS    M: -27.6 S: -36.2     I: -26.2 LUFS       LRA:   7.4 LU  FTPK: -19.5 -19.0 dBFS  TPK:  -7.4  -7.2 dBFS
[Parsed_ebur128_0 @ 0x7f5098003400] t: 25.299979  TARGET:-23 LUFS    M: -26.7 S: -35.0     I: -26.2 LUFS       LRA:   7.6 LU  FTPK: -18.3 -19.2 dBFS  TPK:  -7.4  -7.2 dBFS
[Parsed_ebur128_0 @ 0x7f5098003400] t: 25.399979  TARGET:-23 LUFS    M: -26.1 S: -33.6     I: -26.2 LUFS       LRA:   7.7 LU  FTPK: -18.0 -16.9 dBFS  TPK:  -7.4  -7.2 dBFS
[Parsed_ebur128_0 @ 0x7f5098003400] t: 25.499979  TARGET:-23 LUFS    M: -23.3 S: -31.0     I: -26.2 LUFS       LRA:   7.7 LU  FTPK:  -8.1  -7.3 dBFS  TPK:  -7.4  -7.2 dBFS
[Parsed_ebur128_0 @ 0x7f5098003400] t: 25.599979  TARGET:-23 LUFS    M: -22.2 S: -29.8     I: -26.2 LUFS       LRA:   7.7 LU  FTPK: -13.2 -14.8 dBFS  TPK:  -7.4  -7.2 dBFS
[Parsed_ebur128_0 @ 0x7f5098003400] t: 25.699979  TARGET:-23 LUFS    M: -21.3 S: -28.9     I: -26.1 LUFS       LRA:   7.7 LU  FTPK: -13.8 -16.2 dBFS  TPK:  -7.4  -7.2 dBFS
[Parsed_ebur128_0 @ 0x7f5098003400] t: 25.799979  TARGET:-23 LUFS    M: -20.8 S: -28.1     I: -26.1 LUFS       LRA:   7.6 LU  FTPK: -15.2 -14.6 dBFS  TPK:  -7.4  -7.2 dBFS
[Parsed_ebur128_0 @ 0x7f5098003400] t: 25.899979  TARGET:-23 LUFS    M: -21.3 S: -27.4     I: -26.0 LUFS       LRA:   7.6 LU  FTPK: -14.5 -15.3 dBFS  TPK:  -7.4  -7.2 dBFS
[Parsed_ebur128_0 @ 0x7f5098003400] t: 25.999979  TARGET:-23 LUFS    M: -21.2 S: -26.9     I: -26.0 LUFS       LRA:   7.6 LU  FTPK: -14.4 -14.9 dBFS  TPK:  -7.4  -7.2 dBFS
[Parsed_ebur128_0 @ 0x7f5098003400] t: 26.099979  TARGET:-23 LUFS    M: -21.3 S: -26.4     I: -25.9 LUFS       LRA:   7.6 LU  FTPK: -14.0 -15.4 dBFS  TPK:  -7.4  -7.2 dBFS
[Parsed_ebur128_0 @ 0x7f5098003400] t: 26.199979  TARGET:-23 LUFS    M: -21.5 S: -26.0     I: -25.9 LUFS       LRA:   7.6 LU  FTPK: -14.7 -16.3 dBFS  TPK:  -7.4  -7.2 dBFS
[Parsed_ebur128_0 @ 0x7f5098003400] t: 26.299979  TARGET:-23 LUFS    M: -20.7 S: -25.3     I: -25.8 LUFS       LRA:   7.6 LU  FTPK:  -8.0  -8.5 dBFS  TPK:  -7.4  -7.2 dBFS
[Parsed_ebur128_0 @ 0x7f5098003400] t: 26.399979  TARGET:-23 LUFS    M: -20.7 S: -25.0     I: -25.8 LUFS       LRA:   7.6 LU  FTPK: -14.2 -14.6 dBFS  TPK:  -7.4  -7.2 dBFS
[Parsed_ebur128_0 @ 0x7f5098003400] t: 26.499979  TARGET:-23 LUFS    M: -20.6 S: -24.6     I: -25.7 LUFS       LRA:   7.6 LU  FTPK: -13.4 -14.7 dBFS  TPK:  -7.4  -7.2 dBFS
[Parsed_ebur128_0 @ 0x7f5098003400] t: 26.599979  TARGET:-23 LUFS    M: -20.6 S: -24.4     I: -25.7 LUFS       LRA:   7.6 LU  FTPK: -11.9 -13.1 dBFS  TPK:  -7.4  -7.2 dBFS
[Parsed_ebur128_0 @ 0x7f5098003400] t: 26.699979  TARGET:-23 LUFS    M: -21.4 S: -24.1     I: -25.6 LUFS       LRA:   7.6 LU  FTPK: -14.6 -15.5 dBFS  TPK:  -7.4  -7.2 dBFS
[Parsed_ebur128_0 @ 0x7f5098003400] t: 26.799979  TARGET:-23 LUFS    M: -21.6 S: -23.9     I: -25.6 LUFS       LRA:   7.5 LU  FTPK: -15.6 -16.1 dBFS  TPK:  -7.4  -7.2 dBFS
[Parsed_ebur128_0 @ 0x7f5098003400] t: 26.899979  TARGET:-23 LUFS    M: -22.0 S: -23.7     I: -25.6 LUFS       LRA:   7.5 LU  FTPK: -15.1 -16.2 dBFS  TPK:  -7.4  -7.2 dBFS
[Parsed_ebur128_0 @ 0x7f5098003400] t: 26.999979  TARGET:-23 LUFS    M: -22.9 S: -23.6     I: -25.5 LUFS       LRA:   7.6 LU  FTPK: -18.0 -18.0 dBFS  TPK:  -7.4  -7.2 dBFS
[Parsed_ebur128_0 @ 0x7f5098003400] t: 27.099979  TARGET:-23 LUFS    M: -24.1 S: -23.6     I: -25.5 LUFS       LRA:   7.6 LU  FTPK: -20.5 -19.3 dBFS  TPK:  -7.4  -7.2 dBFS
[Parsed_ebur128_0 @ 0x7f5098003400] t: 27.199979  TARGET:-23 LUFS    M: -23.7 S: -23.3     I: -25.5 LUFS       LRA:   7.8 LU  FTPK:  -7.4  -7.6 dBFS  TPK:  -7.4  -7.2 dBFS
[Parsed_ebur128_0 @ 0x7f5098003400] t: 27.299979  TARGET:-23 LUFS    M: -23.7 S: -23.1     I: -25.5 LUFS       LRA:   7.8 LU  FTPK: -16.2 -16.7 dBFS  TPK:  -7.4  -7.2 dBFS
[Parsed_ebur128_0 @ 0x7f5098003400] t: 27.399979  TARGET:-23 LUFS    M: -22.7 S: -22.9     I: -25.5 LUFS       LRA:   7.8 LU  FTPK: -15.4 -15.5 dBFS  TPK:  -7.4  -7.2 dBFS
[Parsed_ebur128_0 @ 0x7f5098003400] t: 27.499979  TARGET:-23 LUFS    M: -21.4 S: -22.7     I: -25.4 LUFS       LRA:   7.9 LU  FTPK: -13.5 -13.4 dBFS  TPK:  -7.4  -7.2 dBFS
[Parsed_ebur128_0 @ 0x7f5098003400] t: 27.599979  TARGET:-23 LUFS    M: -21.5 S: -22.5     I: -25.4 LUFS       LRA:   7.9 LU  FTPK: -15.5 -13.1 dBFS  TPK:  -7.4  -7.2 dBFS
[Parsed_ebur128_0 @ 0x7f5098003400] t: 27.699979  TARGET:-23 LUFS    M: -21.0 S: -22.3     I: -25.4 LUFS       LRA:   8.1 LU  FTPK: -15.1 -13.2 dBFS  TPK:  -7.4  -7.2 dBFS
[Parsed_ebur128_0 @ 0x7f5098003400] t: 27.799979  TARGET:-23 LUFS    M: -21.0 S: -22.1     I: -25.3 LUFS       LRA:   8.3 LU  FTPK: -15.7 -15.8 dBFS  TPK:  -7.4  -7.2 dBFS
[Parsed_ebur128_0 @ 0x7f5098003400] t: 27.899979  TARGET:-23 LUFS    M: -21.5 S: -22.0     I: -25.3 LUFS       LRA:   8.4 LU  FTPK: -16.2 -16.1 dBFS  TPK:  -7.4  -7.2 dBFS
[Parsed_ebur128_0 @ 0x7f5098003400] t: 27.999979  TARGET:-23 LUFS    M: -21.0 S: -21.8     I: -25.3 LUFS       LRA:   8.5 LU  FTPK:  -6.8  -7.7 dBFS  TPK:  -6.8  -7.2 dBFS
[Parsed_ebur128_0 @ 0x7f5098003400] t: 28.099979  TARGET:-23 LUFS    M: -20.7 S: -21.6     I: -25.2 LUFS       LRA:   8.6 LU  FTPK: -12.3 -13.1 dBFS  TPK:  -6.8  -7.2 dBFS
[Parsed_ebur128_0 @ 0x7f5098003400] t: 28.199979  TARGET:-23 LUFS    M: -20.7 S: -21.5     I: -25.2 LUFS       LRA:   8.8 LU  FTPK: -13.4 -14.3 dBFS  TPK:  -6.8  -7.2 dBFS
[Parsed_ebur128_0 @ 0x7f5098003400] t: 28.299979  TARGET:-23 LUFS    M: -20.9 S: -21.5     I: -25.1 LUFS       LRA:   9.0 LU  FTPK: -16.8 -18.1 dBFS  TPK:  -6.8  -7.2 dBFS
[Parsed_ebur128_0 @ 0x7f5098003400] t: 28.399979  TARGET:-23 LUFS    M: -21.8 S: -21.5     I: -25.1 LUFS       LRA:   9.0 LU  FTPK: -14.5 -15.5 dBFS  TPK:  -6.8  -7.2 dBFS
[Parsed_ebur128_0 @ 0x7f5098003400] t: 28.499979  TARGET:-23 LUFS    M: -22.8 S: -21.6     I: -25.1 LUFS       LRA:   9.2 LU  FTPK: -16.7 -16.8 dBFS  TPK:  -6.8  -7.2 dBFS
[Parsed_ebur128_0 @ 0x7f5098003400] t: 28.599979  TARGET:-23 LUFS    M: -23.6 S: -21.7     I: -25.1 LUFS       LRA:   9.4 LU  FTPK: -18.9 -17.6 dBFS  TPK:  -6.8  -7.2 dBFS
[Parsed_ebur128_0 @ 0x7f5098003400] t: 28.699979  TARGET:-23 LUFS    M: -24.4 S: -21.8     I: -25.1 LUFS       LRA:   9.6 LU  FTPK: -22.8 -22.4 dBFS  TPK:  -6.8  -7.2 dBFS
[Parsed_ebur128_0 @ 0x7f5098003400] t: 28.799979  TARGET:-23 LUFS    M: -25.8 S: -22.0     I: -25.1 LUFS       LRA:   9.7 LU  FTPK: -22.3 -22.5 dBFS  TPK:  -6.8  -7.2 dBFS
[Parsed_ebur128_0 @ 0x7f5098003400] t: 28.899979  TARGET:-23 LUFS    M: -24.4 S: -21.9     I: -25.1 LUFS       LRA:   9.8 LU  FTPK:  -7.7  -7.6 dBFS  TPK:  -6.8  -7.2 dBFS
[Parsed_ebur128_0 @ 0x7f5098003400] t: 28.999979  TARGET:-23 LUFS    M: -23.6 S: -22.0     I: -25.1 LUFS       LRA:   9.9 LU  FTPK: -14.6 -14.2 dBFS  TPK:  -6.8  -7.2 dBFS
[Parsed_ebur128_0 @ 0x7f5098003400] t: 29.099979  TARGET:-23 LUFS    M: -23.2 S: -22.0     I: -25.1 LUFS       LRA:   9.9 LU  FTPK: -17.0 -16.1 dBFS  TPK:  -6.8  -7.2 dBFS
[Parsed_ebur128_0 @ 0x7f5098003400] t: 29.199979  TARGET:-23 LUFS    M: -23.1 S: -22.2     I: -25.1 LUFS       LRA:   9.9 LU  FTPK: -18.9 -20.3 dBFS  TPK:  -6.8  -7.2 dBFS
[Parsed_ebur128_0 @ 0x7f5098003400] t: 29.299979  TARGET:-23 LUFS    M: -24.8 S: -22.4     I: -25.1 LUFS       LRA:   9.9 LU  FTPK: -18.9 -18.7 dBFS  TPK:  -6.8  -7.2 dBFS
[Parsed_ebur128_0 @ 0x7f5098003400] t: 29.399979  TARGET:-23 LUFS    M: -26.4 S: -22.6     I: -25.1 LUFS       LRA:   9.9 LU  FTPK: -19.9 -20.3 dBFS  TPK:  -6.8  -7.2 dBFS
[Parsed_ebur128_0 @ 0x7f5098003400] t: 29.499979  TARGET:-23 LUFS    M: -27.4 S: -22.7     I: -25.1 LUFS       LRA:   9.9 LU  FTPK: -23.7 -23.0 dBFS  TPK:  -6.8  -7.2 dBFS
[Parsed_ebur128_0 @ 0x7f5098003400] t: 29.599979  TARGET:-23 LUFS    M: -27.9 S: -22.9     I: -25.1 LUFS       LRA:   9.9 LU  FTPK: -22.7 -24.0 dBFS  TPK:  -6.8  -7.2 dBFS
[Parsed_ebur128_0 @ 0x7f5098003400] t: 29.699979  TARGET:-23 LUFS    M: -25.3 S: -22.9     I: -25.1 LUFS       LRA:   9.9 LU  FTPK:  -8.7  -7.5 dBFS  TPK:  -6.8  -7.2 dBFS
[Parsed_ebur128_0 @ 0x7f5098003400] t: 29.799979  TARGET:-23 LUFS    M: -23.8 S: -22.9     I: -25.1 LUFS       LRA:   9.8 LU  FTPK: -14.4 -12.6 dBFS  TPK:  -6.8  -7.2 dBFS
[Parsed_ebur128_0 @ 0x7f5098003400] t: 29.899979  TARGET:-23 LUFS    M: -22.9 S: -22.9     I: -25.1 LUFS       LRA:   9.8 LU  FTPK: -16.2 -13.4 dBFS  TPK:  -6.8  -7.2 dBFS
[Parsed_ebur128_0 @ 0x7f5098003400] t: 29.999979  TARGET:-23 LUFS    M: -22.5 S: -22.8     I: -25.0 LUFS       LRA:   9.8 LU  FTPK: -18.3 -18.3 dBFS  TPK:  -6.8  -7.2 dBFS
[Parsed_ebur128_0 @ 0x7f5098003400] t: 30.099979  TARGET:-23 LUFS    M: -23.4 S: -22.8     I: -25.0 LUFS       LRA:   9.8 LU  FTPK: -17.6 -18.3 dBFS  TPK:  -6.8  -7.2 dBFS
[Parsed_ebur128_0 @ 0x7f5098003400] t: 30.199979  TARGET:-23 LUFS    M: -23.8 S: -22.9     I: -25.0 LUFS       LRA:   9.8 LU  FTPK: -17.3 -16.7 dBFS  TPK:  -6.8  -7.2 dBFS
[Parsed_ebur128_0 @ 0x7f5098003400] t: 30.299979  TARGET:-23 LUFS    M: -23.6 S: -22.9     I: -25.0 LUFS       LRA:   9.8 LU  FTPK: -16.8 -15.8 dBFS  TPK:  -6.8  -7.2 dBFS
[Parsed_ebur128_0 @ 0x7f5098003400] t: 30.399979  TARGET:-23 LUFS    M: -22.6 S: -22.8     I: -25.0 LUFS       LRA:   9.7 LU  FTPK: -16.7 -15.5 dBFS  TPK:  -6.8  -7.2 dBFS
[Parsed_ebur128_0 @ 0x7f5098003400] t: 30.499979  TARGET:-23 LUFS    M: -21.7 S: -22.8     I: -25.0 LUFS       LRA:   9.7 LU  FTPK: -14.8 -12.5 dBFS  TPK:  -6.8  -7.2 dBFS
[Parsed_ebur128_0 @ 0x7f5098003400] t: 30.599979  TARGET:-23 LUFS    M: -21.1 S: -22.8     I: -25.0 LUFS       LRA:   9.7 LU  FTPK: -14.5 -13.2 dBFS  TPK:  -6.8  -7.2 dBFS
[Parsed_ebur128_0 @ 0x7f5098003400] t: 30.699979  TARGET:-23 LUFS    M: -20.6 S: -22.8     I: -24.9 LUFS       LRA:   9.7 LU  FTPK: -14.4 -12.3 dBFS  TPK:  -6.8  -7.2 dBFS
[Parsed_ebur128_0 @ 0x7f5098003400] t: 30.799979  TARGET:-23 LUFS    M: -20.4 S: -22.7     I: -24.9 LUFS       LRA:   8.9 LU  FTPK: -16.2 -11.6 dBFS  TPK:  -6.8  -7.2 dBFS
[Parsed_ebur128_0 @ 0x7f5098003400] t: 30.899979  TARGET:-23 LUFS    M: -20.4 S: -22.6     I: -24.9 LUFS       LRA:   8.9 LU  FTPK: -15.3 -12.7 dBFS  TPK:  -6.8  -7.2 dBFS
[Parsed_ebur128_0 @ 0x7f5098003400] t: 30.999979  TARGET:-23 LUFS    M: -20.7 S: -22.8     I: -24.8 LUFS       LRA:   8.9 LU  FTPK: -16.0 -14.1 dBFS  TPK:  -6.8  -7.2 dBFS
[Parsed_ebur128_0 @ 0x7f5098003400] t: 31.099979  TARGET:-23 LUFS    M: -21.1 S: -22.9     I: -24.8 LUFS       LRA:   8.9 LU  FTPK: -16.5 -13.7 dBFS  TPK:  -6.8  -7.2 dBFS
[Parsed_ebur128_0 @ 0x7f5098003400] t: 31.199979  TARGET:-23 LUFS    M: -21.7 S: -22.9     I: -24.8 LUFS       LRA:   8.9 LU  FTPK: -16.6 -15.9 dBFS  TPK:  -6.8  -7.2 dBFS
[Parsed_ebur128_0 @ 0x7f5098003400] t: 31.299979  TARGET:-23 LUFS    M: -22.3 S: -22.9     I: -24.8 LUFS       LRA:   8.9 LU  FTPK: -17.8 -16.3 dBFS  TPK:  -6.8  -7.2 dBFS
[Parsed_ebur128_0 @ 0x7f5098003400] t: 31.399979  TARGET:-23 LUFS    M: -23.0 S: -22.9     I: -24.8 LUFS       LRA:   8.9 LU  FTPK: -18.7 -17.6 dBFS  TPK:  -6.8  -7.2 dBFS
[Parsed_ebur128_0 @ 0x7f5098003400] t: 31.499979  TARGET:-23 LUFS    M: -24.0 S: -23.0     I: -24.8 LUFS       LRA:   8.9 LU  FTPK: -18.7 -18.2 dBFS  TPK:  -6.8  -7.2 dBFS
[Parsed_ebur128_0 @ 0x7f5098003400] t: 31.599979  TARGET:-23 LUFS    M: -24.7 S: -23.0     I: -24.8 LUFS       LRA:   8.9 LU  FTPK: -19.3 -19.3 dBFS  TPK:  -6.8  -7.2 dBFS
[Parsed_ebur128_0 @ 0x7f5098003400] t: 31.699979  TARGET:-23 LUFS    M: -24.8 S: -22.9     I: -24.8 LUFS       LRA:   8.9 LU  FTPK: -19.2 -19.0 dBFS  TPK:  -6.8  -7.2 dBFS
[Parsed_ebur128_0 @ 0x7f5098003400] t: 31.799979  TARGET:-23 LUFS    M: -24.3 S: -22.8     I: -24.8 LUFS       LRA:   8.7 LU  FTPK: -18.9 -19.2 dBFS  TPK:  -6.8  -7.2 dBFS
[Parsed_ebur128_0 @ 0x7f5098003400] t: 31.899979  TARGET:-23 LUFS    M: -24.2 S: -23.0     I: -24.7 LUFS       LRA:   8.7 LU  FTPK: -19.1 -19.2 dBFS  TPK:  -6.8  -7.2 dBFS
[Parsed_ebur128_0 @ 0x7f5098003400] t: 31.999979  TARGET:-23 LUFS    M: -24.8 S: -23.1     I: -24.7 LUFS       LRA:   8.7 LU  FTPK: -20.2 -20.3 dBFS  TPK:  -6.8  -7.2 dBFS
[Parsed_ebur128_0 @ 0x7f5098003400] t: 32.099979  TARGET:-23 LUFS    M: -25.9 S: -23.1     I: -24.8 LUFS       LRA:   8.7 LU  FTPK: -21.5 -21.0 dBFS  TPK:  -6.8  -7.2 dBFS
[Parsed_ebur128_0 @ 0x7f5098003400] t: 32.199979  TARGET:-23 LUFS    M: -27.3 S: -23.2     I: -24.8 LUFS       LRA:   8.7 LU  FTPK: -19.5 -21.7 dBFS  TPK:  -6.8  -7.2 dBFS
[Parsed_ebur128_0 @ 0x7f5098003400] t: 32.299979  TARGET:-23 LUFS    M: -27.7 S: -23.2     I: -24.8 LUFS       LRA:   8.7 LU  FTPK: -19.2 -19.5 dBFS  TPK:  -6.8  -7.2 dBFS
[Parsed_ebur128_0 @ 0x7f5098003400] t: 32.399979  TARGET:-23 LUFS    M: -27.7 S: -23.2     I: -24.8 LUFS       LRA:   8.6 LU  FTPK: -20.1 -21.7 dBFS  TPK:  -6.8  -7.2 dBFS
[Parsed_ebur128_0 @ 0x7f5098003400] t: 32.499979  TARGET:-23 LUFS    M: -27.2 S: -23.1     I: -24.8 LUFS       LRA:   8.6 LU  FTPK: -19.0 -19.1 dBFS  TPK:  -6.8  -7.2 dBFS
[Parsed_ebur128_0 @ 0x7f5098003400] t: 32.599979  TARGET:-23 LUFS    M: -26.2 S: -23.1     I: -24.8 LUFS       LRA:   8.6 LU  FTPK: -20.9 -19.0 dBFS  TPK:  -6.8  -7.2 dBFS
[Parsed_ebur128_0 @ 0x7f5098003400] t: 32.699979  TARGET:-23 LUFS    M: -25.2 S: -23.2     I: -24.8 LUFS       LRA:   8.6 LU  FTPK: -19.1 -18.8 dBFS  TPK:  -6.8  -7.2 dBFS
[Parsed_ebur128_0 @ 0x7f5098003400] t: 32.799979  TARGET:-23 LUFS    M: -24.3 S: -23.2     I: -24.8 LUFS       LRA:   8.6 LU  FTPK: -19.0 -18.8 dBFS  TPK:  -6.8  -7.2 dBFS
[Parsed_ebur128_0 @ 0x7f5098003400] t: 32.899979  TARGET:-23 LUFS    M: -24.3 S: -23.3     I: -24.8 LUFS       LRA:   8.6 LU  FTPK: -19.7 -19.1 dBFS  TPK:  -6.8  -7.2 dBFS
[Parsed_ebur128_0 @ 0x7f5098003400] t: 32.999979  TARGET:-23 LUFS    M: -24.6 S: -23.3     I: -24.8 LUFS       LRA:   8.6 LU  FTPK: -19.8 -18.7 dBFS  TPK:  -6.8  -7.2 dBFS
[Parsed_ebur128_0 @ 0x7f5098003400] t: 33.099979  TARGET:-23 LUFS    M: -25.5 S: -23.4     I: -24.8 LUFS       LRA:   8.6 LU  FTPK: -21.0 -20.0 dBFS  TPK:  -6.8  -7.2 dBFS
[Parsed_ebur128_0 @ 0x7f5098003400] t: 33.199979  TARGET:-23 LUFS    M: -26.5 S: -23.5     I: -24.8 LUFS       LRA:   8.6 LU  FTPK: -22.0 -19.2 dBFS  TPK:  -6.8  -7.2 dBFS
[Parsed_ebur128_0 @ 0x7f5098003400] t: 33.299979  TARGET:-23 LUFS    M: -26.9 S: -23.6     I: -24.8 LUFS       LRA:   8.6 LU  FTPK: -21.2 -19.7 dBFS  TPK:  -6.8  -7.2 dBFS
[Parsed_ebur128_0 @ 0x7f5098003400] t: 33.399979  TARGET:-23 LUFS    M: -27.3 S: -23.8     I: -24.8 LUFS       LRA:   8.6 LU  FTPK: -22.2 -20.1 dBFS  TPK:  -6.8  -7.2 dBFS
[Parsed_ebur128_0 @ 0x7f5098003400] t: 33.499979  TARGET:-23 LUFS    M: -27.3 S: -24.0     I: -24.8 LUFS       LRA:   8.6 LU  FTPK: -19.4 -19.2 dBFS  TPK:  -6.8  -7.2 dBFS
[Parsed_ebur128_0 @ 0x7f5098003400] t: 33.599979  TARGET:-23 LUFS    M: -27.2 S: -24.3     I: -24.8 LUFS       LRA:   8.6 LU  FTPK: -18.9 -18.9 dBFS  TPK:  -6.8  -7.2 dBFS
[Parsed_ebur128_0 @ 0x7f5098003400] t: 33.699979  TARGET:-23 LUFS    M: -26.8 S: -24.6     I: -24.8 LUFS       LRA:   8.6 LU  FTPK: -19.3 -19.0 dBFS  TPK:  -6.8  -7.2 dBFS
[Parsed_ebur128_0 @ 0x7f5098003400] t: 33.799979  TARGET:-23 LUFS    M: -26.3 S: -24.9     I: -24.8 LUFS       LRA:   8.4 LU  FTPK: -19.1 -19.0 dBFS  TPK:  -6.8  -7.2 dBFS
[Parsed_ebur128_0 @ 0x7f5098003400] t: 33.899979  TARGET:-23 LUFS    M: -26.3 S: -25.2     I: -24.8 LUFS       LRA:   8.4 LU  FTPK: -18.6 -21.2 dBFS  TPK:  -6.8  -7.2 dBFS
[Parsed_ebur128_0 @ 0x7f5098003400] t: 33.999979  TARGET:-23 LUFS    M: -26.2 S: -25.4     I: -24.8 LUFS       LRA:   8.4 LU  FTPK: -20.8 -19.1 dBFS  TPK:  -6.8  -7.2 dBFS
[Parsed_ebur128_0 @ 0x7f5098003400] t: 34.099979  TARGET:-23 LUFS    M: -26.7 S: -25.6     I: -24.8 LUFS       LRA:   8.4 LU  FTPK: -21.9 -20.2 dBFS  TPK:  -6.8  -7.2 dBFS
[Parsed_ebur128_0 @ 0x7f5098003400] t: 34.199979  TARGET:-23 LUFS    M: -27.3 S: -25.9     I: -24.9 LUFS       LRA:   8.4 LU  FTPK: -23.2 -20.7 dBFS  TPK:  -6.8  -7.2 dBFS
[Parsed_ebur128_0 @ 0x7f5098003400] t: 34.299979  TARGET:-23 LUFS    M: -27.5 S: -26.0     I: -24.9 LUFS       LRA:   8.4 LU  FTPK: -22.0 -21.0 dBFS  TPK:  -6.8  -7.2 dBFS
[Parsed_ebur128_0 @ 0x7f5098003400] t: 34.399979  TARGET:-23 LUFS    M: -27.9 S: -26.1     I: -24.9 LUFS       LRA:   8.4 LU  FTPK: -22.6 -21.4 dBFS  TPK:  -6.8  -7.2 dBFS
[Parsed_ebur128_0 @ 0x7f5098003400] t: 34.499979  TARGET:-23 LUFS    M: -28.0 S: -26.2     I: -24.9 LUFS       LRA:   8.4 LU  FTPK: -21.8 -21.6 dBFS  TPK:  -6.8  -7.2 dBFS
[Parsed_ebur128_0 @ 0x7f5098003400] t: 34.599979  TARGET:-23 LUFS    M: -28.5 S: -26.3     I: -24.9 LUFS       LRA:   8.4 LU  FTPK: -24.0 -25.7 dBFS  TPK:  -6.8  -7.2 dBFS
[Parsed_ebur128_0 @ 0x7f5098003400] t: 34.699979  TARGET:-23 LUFS    M: -28.8 S: -26.5     I: -24.9 LUFS       LRA:   8.4 LU  FTPK: -22.3 -23.8 dBFS  TPK:  -6.8  -7.2 dBFS
[Parsed_ebur128_0 @ 0x7f5098003400] t: 34.799979  TARGET:-23 LUFS    M: -29.4 S: -26.8     I: -24.9 LUFS       LRA:   7.8 LU  FTPK: -22.6 -23.9 dBFS  TPK:  -6.8  -7.2 dBFS
[Parsed_ebur128_0 @ 0x7f5098003400] t: 34.899979  TARGET:-23 LUFS    M: -29.9 S: -26.9     I: -24.9 LUFS       LRA:   7.8 LU  FTPK: -23.6 -24.3 dBFS  TPK:  -6.8  -7.2 dBFS
[Parsed_ebur128_0 @ 0x7f5098003400] t: 34.999979  TARGET:-23 LUFS    M: -29.5 S: -26.9     I: -24.9 LUFS       LRA:   7.8 LU  FTPK: -21.3 -22.2 dBFS  TPK:  -6.8  -7.2 dBFS
[Parsed_ebur128_0 @ 0x7f5098003400] t: 35.099979  TARGET:-23 LUFS    M: -29.3 S: -26.9     I: -24.9 LUFS       LRA:   7.8 LU  FTPK: -22.6 -23.1 dBFS  TPK:  -6.8  -7.2 dBFS
[Parsed_ebur128_0 @ 0x7f5098003400] t: 35.199979  TARGET:-23 LUFS    M: -29.2 S: -27.0     I: -25.0 LUFS       LRA:   7.8 LU  FTPK: -22.1 -24.7 dBFS  TPK:  -6.8  -7.2 dBFS
[Parsed_ebur128_0 @ 0x7f5098003400] t: 35.299979  TARGET:-23 LUFS    M: -29.1 S: -27.0     I: -25.0 LUFS       LRA:   7.8 LU  FTPK: -23.1 -24.5 dBFS  TPK:  -6.8  -7.2 dBFS
[Parsed_ebur128_0 @ 0x7f5098003400] t: 35.399979  TARGET:-23 LUFS    M: -29.6 S: -27.1     I: -25.0 LUFS       LRA:   7.8 LU  FTPK: -22.7 -23.6 dBFS  TPK:  -6.8  -7.2 dBFS
[Parsed_ebur128_0 @ 0x7f5098003400] t: 35.499979  TARGET:-23 LUFS    M: -31.0 S: -27.3     I: -25.0 LUFS       LRA:   7.8 LU  FTPK: -26.3 -29.6 dBFS  TPK:  -6.8  -7.2 dBFS
[Parsed_ebur128_0 @ 0x7f5098003400] t: 35.599979  TARGET:-23 LUFS    M: -33.0 S: -27.5     I: -25.0 LUFS       LRA:   7.8 LU  FTPK:  -inf  -inf dBFS  TPK:  -6.8  -7.2 dBFS
[Parsed_ebur128_0 @ 0x7f5098003400] t: 35.699979  TARGET:-23 LUFS    M: -36.1 S: -27.9     I: -25.0 LUFS       LRA:   7.8 LU  FTPK:  -inf  -inf dBFS  TPK:  -6.8  -7.2 dBFS
[Parsed_ebur128_0 @ 0x7f5098003400] Summary:

  Integrated loudness:
    I:         -25.0 LUFS
    Threshold: -36.0 LUFS

  Loudness range:
    LRA:         7.8 LU
    Threshold: -46.1 LUFS
    LRA low:   -30.0 LUFS
    LRA high:  -22.2 LUFS

  True peak:
    Peak:       -6.8 dBFS
[out#0/null @ 0x56428e4bbc80] video:0KiB audio:6700KiB subtitle:0KiB other streams:0KiB global headers:0KiB muxing overhead: unknown
size=N/A time=00:00:35.73 bitrate=N/A speed= 307x elapsed=0:00:00.11
