Exporting pinned Linux release…
Running native release gore and foundation smoke from /tmp…
{
  "destination": "/home/rikki/Builds/eyesore-pale-ward-grit-2026-10-09",
  "executable": "eyesore-pale-ward-grit.x86_64",
  "source_commit": "dea9c14a39e33ec8bb930c7bae5f34c52ea03a57",
  "source_files": 229,
  "source_tree_sha256": "01532a387319a5ad34a1bf19623941e89baa2f3526e9feded52591e396dc3dbf",
  "source_date_epoch": 1791568542,
  "native_smoke_cwd": "/tmp",
  "native_smoke_flags": [
    "--automated-input",
    "--force-offscreen-draw"
  ],
  "video": "/home/rikki/Builds/eyesore-pale-ward-grit-2026-10-09/pale-ward-grit-gameplay.mp4",
  "dry_run": false,
  "executable_record": {
    "path": "eyesore-pale-ward-grit.x86_64",
    "bytes": 114668768,
    "sha256": "57f94906738b4be7b1d0649d3b8d4dedccb8a2f1c93de0d729dcaed42b072002",
    "pck": "embedded",
    "mode": "0755"
  },
  "archive": {
    "path": "eyesore-pale-ward-grit-linux.tar.gz",
    "bytes": 243521359,
    "sha256": "6c8947f044c34120c8c257f8a19062fa4d7e2ce05a01f2257a921acd4f2e98b4",
    "archived_executable_hash_and_mode_verified": true
  }
}
