[aist#0:1/pcm_s16le @ 0x562e1efe7980] Guessed Channel Layout: stereo
Input #0, avi, from '/home/rikki/Builds/eyesore-pale-ward-demonic-aim-2026-10-10/pale-ward-demonic-aim-gameplay.avi':
  Duration: 00:00:34.27, start: 0.000000, bitrate: 28371 kb/s
  Stream #0:0: Video: mjpeg (Baseline) (MJPG / 0x47504A4D), yuvj420p(pc, bt470bg/unknown/unknown), 1280x720 [SAR 1:1 DAR 16:9], 26849 kb/s, 30 fps, 30 tbr, 30 tbn
  Stream #0:1: Audio: pcm_s16le ([1][0][0][0] / 0x0001), 48000 Hz, stereo, s16, 1536 kb/s
Stream mapping:
  Stream #0:0 -> #0:0 (mjpeg (native) -> h264 (libx264))
  Stream #0:1 -> #0:1 (pcm_s16le (native) -> aac (native))
[libx264 @ 0x562e1efe6680] using SAR=1/1
[libx264 @ 0x562e1efe6680] using cpu capabilities: MMX2 SSE2Fast SSSE3 SSE4.2 AVX FMA3 BMI2 AVX2 AVX512
[libx264 @ 0x562e1efe6680] profile High, level 3.1, 4:2:0, 8-bit
[libx264 @ 0x562e1efe6680] 264 - core 165 r3222 b35605a - H.264/MPEG-4 AVC codec - Copyleft 2003-2025 - http://www.videolan.org/x264.html - options: cabac=1 ref=2 deblock=1:0:0 analyse=0x3:0x113 me=hex subme=6 psy=1 psy_rd=1.00:0.00 mixed_ref=1 me_range=16 chroma_me=1 trellis=1 8x8dct=1 cqm=0 deadzone=21,11 fast_pskip=1 chroma_qp_offset=-2 threads=18 lookahead_threads=3 sliced_threads=0 nr=0 decimate=1 interlaced=0 bluray_compat=0 constrained_intra=0 bframes=3 b_pyramid=2 b_adapt=1 b_bias=0 direct=1 weightb=1 open_gop=0 weightp=1 keyint=250 keyint_min=25 scenecut=40 intra_refresh=0 rc_lookahead=30 rc=crf mbtree=1 crf=20.0 qcomp=0.60 qpmin=0 qpmax=69 qpstep=4 ip_ratio=1.40 aq=1:1.00
Output #0, mp4, to '/home/rikki/Builds/eyesore-pale-ward-demonic-aim-2026-10-10/pale-ward-demonic-aim-gameplay.mp4':
  Metadata:
    encoder         : Lavf63.1.102
  Stream #0:0: Video: h264 (avc1 / 0x31637661), yuvj420p(pc, bt470bg/unknown/unknown, progressive), 1280x720 [SAR 1:1 DAR 16:9], q=2-31, 30 fps, 15360 tbn
    Metadata:
      encoder         : Lavc63.1.102 libx264
    Side data:
      CPB properties: bitrate max/min/avg: 0/0/0 buffer size: 0 vbv_delay: N/A
  Stream #0:1: Audio: aac (LC) (mp4a / 0x6134706D), 48000 Hz, stereo, fltp, 192 kb/s
    Metadata:
      encoder         : Lavc63.1.102 aac
frame=   88 fps=0.0 q=26.0 size=    1280KiB time=00:00:05.01 bitrate=2091.7kbits/s speed=  10x elapsed=0:00:00.50    frame=  249 fps=249 q=26.0 size=    2560KiB time=00:00:10.36 bitrate=2022.8kbits/s speed=10.4x elapsed=0:00:01.00    frame=  299 fps=199 q=26.0 size=    5120KiB time=00:00:11.79 bitrate=3555.3kbits/s speed=7.86x elapsed=0:00:01.50    frame=  395 fps=197 q=26.0 size=    7936KiB time=00:00:15.25 bitrate=4262.2kbits/s speed=7.62x elapsed=0:00:02.00    frame=  472 fps=189 q=26.0 size=    9984KiB time=00:00:17.81 bitrate=4591.5kbits/s speed=7.12x elapsed=0:00:02.50    frame=  532 fps=177 q=26.0 size=   13056KiB time=00:00:19.47 bitrate=5491.3kbits/s speed=6.49x elapsed=0:00:03.00    frame=  611 fps=174 q=26.0 size=   14592KiB time=00:00:22.03 bitrate=5424.3kbits/s speed=6.29x elapsed=0:00:03.50    frame=  668 fps=167 q=26.0 size=   16896KiB time=00:00:23.95 bitrate=5777.5kbits/s speed=5.98x elapsed=0:00:04.00    frame=  774 fps=172 q=26.0 size=   18944KiB time=00:00:27.88 bitrate=5565.8kbits/s speed=6.19x elapsed=0:00:04.50    frame=  875 fps=175 q=26.0 size=   20736KiB time=00:00:30.76 bitrate=5521.9kbits/s speed=6.15x elapsed=0:00:05.00    frame=  948 fps=172 q=26.0 size=   22784KiB time=00:00:33.51 bitrate=5569.1kbits/s speed=6.09x elapsed=0:00:05.50    [mp4 @ 0x562e1efe7d40] Starting second pass: moving the moov atom to the beginning of the file
[out#0/mp4 @ 0x562e1efe7c40] video:24971KiB audio:803KiB subtitle:0KiB other streams:0KiB global headers:0KiB muxing overhead: 0.147997%
frame= 1028 fps=172 q=-1.0 Lsize=   25813KiB time=00:00:34.26 bitrate=6170.9kbits/s speed=5.73x elapsed=0:00:05.98    
[libx264 @ 0x562e1efe6680] frame I:10    Avg QP:21.29  size:104834
[libx264 @ 0x562e1efe6680] frame P:283   Avg QP:22.09  size: 32283
[libx264 @ 0x562e1efe6680] frame B:735   Avg QP:25.73  size: 20933
[libx264 @ 0x562e1efe6680] consecutive B-frames:  3.4%  2.9%  2.6% 91.1%
[libx264 @ 0x562e1efe6680] mb I  I16..4:  5.6% 89.5%  4.9%
[libx264 @ 0x562e1efe6680] mb P  I16..4:  3.7% 33.3%  1.5%  P16..4: 15.4%  4.7%  2.7%  0.0%  0.0%    skip:38.6%
[libx264 @ 0x562e1efe6680] mb B  I16..4:  2.1% 18.4%  3.5%  B16..8:  7.7%  9.0%  3.7%  direct: 7.3%  skip:48.4%  L0:43.8% L1:43.0% BI:13.2%
[libx264 @ 0x562e1efe6680] 8x8 transform intra:80.8% inter:53.9%
[libx264 @ 0x562e1efe6680] coded y,uvDC,uvAC intra: 85.0% 52.5% 10.9% inter: 22.7% 15.2% 1.3%
[libx264 @ 0x562e1efe6680] i16 v,h,dc,p: 35% 42% 16%  7%
[libx264 @ 0x562e1efe6680] i8 v,h,dc,ddl,ddr,vr,hd,vl,hu: 23% 20% 46%  2%  0%  0%  0%  2%  5%
[libx264 @ 0x562e1efe6680] i4 v,h,dc,ddl,ddr,vr,hd,vl,hu: 37% 35% 21%  2%  0%  0%  0%  1%  4%
[libx264 @ 0x562e1efe6680] i8c dc,h,v,p: 54% 24% 21%  2%
[libx264 @ 0x562e1efe6680] Weighted P-Frames: Y:3.2% UV:3.2%
[libx264 @ 0x562e1efe6680] ref P L0: 68.2% 31.8%
[libx264 @ 0x562e1efe6680] ref B L0: 79.0% 21.0%
[libx264 @ 0x562e1efe6680] ref B L1: 90.7%  9.3%
[libx264 @ 0x562e1efe6680] kb/s:5969.66
[aac @ 0x562e1effb680] Qavg: 1771.546
