Godot Engine v4.7.2.stable.official.ed1daf0bf - https://godotengine.org
OpenGL API 3.3.0 NVIDIA 615.71.09 - Compatibility - Using Device: NVIDIA - NVIDIA GeForce RTX 3060 Ti

Movie Maker mode enabled, recording movie in 1280×720 @ 30 FPS...
ERROR: Can't save PNG at path: '/home/rikki/Builds/eyesore-pale-ward-demonic-aim-2026-10-10/movie-route/playtest-key.png'.
   at: save_image (drivers/png/resource_saver_png.cpp:56)
   GDScript backtrace (most recent call first):
       [0] photo (res://tools/playtest_pale_ward.gd:68)
ERROR: Can't save PNG at path: '/home/rikki/Builds/eyesore-pale-ward-demonic-aim-2026-10-10/movie-route/playtest-gallery.png'.
   at: save_image (drivers/png/resource_saver_png.cpp:56)
   GDScript backtrace (most recent call first):
       [0] photo (res://tools/playtest_pale_ward.gd:68)
ERROR: Can't save PNG at path: '/home/rikki/Builds/eyesore-pale-ward-demonic-aim-2026-10-10/movie-route/playtest-completed.png'.
   at: save_image (drivers/png/resource_saver_png.cpp:56)
   GDScript backtrace (most recent call first):
       [0] photo (res://tools/playtest_pale_ward.gd:68)
SCRIPT ERROR: Cannot call method 'store_string' on a null value.
          at: run (res://tools/playtest_pale_ward.gd:119)
          GDScript backtrace (most recent call first):
              [0] run (res://tools/playtest_pale_ward.gd:119)
              [1] route (res://tools/playtest_pale_ward.gd:103)
              [2] photo (res://tools/playtest_pale_ward.gd:68)
--------------------------------------------------------------------------------
Done recording movie at path: /home/rikki/Builds/eyesore-pale-ward-demonic-aim-2026-10-10/pale-ward-demonic-aim-gameplay.avi
2806 frames at 30 FPS (movie length: 00:01:33:16), recorded in 00:00:37 (251% of real-time speed).
CPU render time: 0.31 seconds (average: 0.11 ms/frame)
GPU render time: 0.38 seconds (average: 0.14 ms/frame)
Encoding time: 23.56 seconds (average: 8.40 ms/frame)
--------------------------------------------------------------------------------
