Godot Engine v4.7.2.stable.official.ed1daf0bf - https://godotengine.org

CAMPAIGN_ROUTE_START pale_ward_01
CAMPAIGN_ROUTE_LEVEL {"completed":true,"health":100.0,"kills":32,"level":"pale_ward_01","shots":85}
CAMPAIGN_ROUTE_START pale_ward_02
CAMPAIGN_ROUTE_LEVEL {"completed":true,"health":100.0,"kills":33,"level":"pale_ward_02","shots":106}
CAMPAIGN_ROUTE_START pale_ward_03
CAMPAIGN_ROUTE_LEVEL {"completed":true,"health":100.0,"kills":37,"level":"pale_ward_03","shots":96}
CAMPAIGN_ROUTE_START ash_citadel_01
CAMPAIGN_ROUTE_LEVEL {"completed":true,"health":100.0,"kills":32,"level":"ash_citadel_01","shots":130}
CAMPAIGN_ROUTE_START ash_citadel_02
CAMPAIGN_ROUTE_LEVEL {"completed":true,"health":100.0,"kills":35,"level":"ash_citadel_02","shots":143}
CAMPAIGN_ROUTE_START ash_citadel_03
CAMPAIGN_ROUTE_LEVEL {"completed":true,"health":100.0,"kills":33,"level":"ash_citadel_03","shots":131}
CAMPAIGN_ROUTE_START occupied_line_01
CAMPAIGN_ROUTE_LEVEL {"completed":true,"health":100.0,"kills":33,"level":"occupied_line_01","shots":147}
CAMPAIGN_ROUTE_START occupied_line_02
CAMPAIGN_ROUTE_LEVEL {"completed":true,"health":80.8,"kills":36,"level":"occupied_line_02","shots":132}
CAMPAIGN_ROUTE_START occupied_line_03
CAMPAIGN_ROUTE_LEVEL {"completed":true,"health":85.6,"kills":35,"level":"occupied_line_03","shots":114}
CAMPAIGN_ALL_ROUTE_OK {"failures":[],"levels_completed":9,"receipt":"/tmp/eyesore-campaign-export-all9-explicit/campaign-all-route.json"}
