Campaign recording postprocess started UTC 2026-10-10T21:48:13.455171+00:00
CAMPAIGN_ROUTE_CHECK_OK pale_ward_01
COMMAND ["ffprobe", "-v", "error", "-threads", "4", "-count_frames", "-show_streams", "-show_format", "-of", "json", "/home/rikki/Builds/eyesore-campaign-captures-2026-10-10/intake.avi"]
STDOUT
{
    "streams": [
        {
            "index": 0,
            "codec_name": "mjpeg",
            "codec_long_name": "Motion JPEG",
            "profile": "Baseline",
            "codec_type": "video",
            "codec_tag_string": "MJPG",
            "codec_tag": "0x47504a4d",
            "width": 1280,
            "height": 720,
            "coded_width": 1280,
            "coded_height": 720,
            "has_b_frames": 0,
            "sample_aspect_ratio": "1:1",
            "display_aspect_ratio": "16:9",
            "pix_fmt": "yuvj420p",
            "level": -99,
            "color_range": "pc",
            "color_space": "bt470bg",
            "chroma_location": "center",
            "refs": 1,
            "r_frame_rate": "30/1",
            "avg_frame_rate": "30/1",
            "time_base": "1/30",
            "start_pts": 0,
            "start_time": "0.000000",
            "duration_ts": 6527,
            "duration": "217.566667",
            "bit_rate": "30154788",
            "bits_per_raw_sample": "8",
            "nb_frames": "6527",
            "nb_read_frames": "6527",
            "disposition": {
                "default": 0,
                "dub": 0,
                "original": 0,
                "comment": 0,
                "lyrics": 0,
                "karaoke": 0,
                "forced": 0,
                "hearing_impaired": 0,
                "visual_impaired": 0,
                "clean_effects": 0,
                "attached_pic": 0,
                "timed_thumbnails": 0,
                "non_diegetic": 0,
                "captions": 0,
                "descriptions": 0,
                "metadata": 0,
                "dependent": 0,
                "still_image": 0,
                "multilayer": 0
            }
        },
        {
            "index": 1,
            "codec_name": "pcm_s16le",
            "codec_long_name": "PCM signed 16-bit little-endian",
            "codec_type": "audio",
            "codec_tag_string": "[1][0][0][0]",
            "codec_tag": "0x0001",
            "sample_fmt": "s16",
            "sample_rate": "48000",
            "channels": 2,
            "bits_per_sample": 16,
            "initial_padding": 0,
            "r_frame_rate": "0/0",
            "avg_frame_rate": "0/0",
            "time_base": "1/48000",
            "start_pts": 0,
            "start_time": "0.000000",
            "bit_rate": "1536000",
            "nb_frames": "10443200",
            "nb_read_frames": "13054",
            "disposition": {
                "default": 0,
                "dub": 0,
                "original": 0,
                "comment": 0,
                "lyrics": 0,
                "karaoke": 0,
                "forced": 0,
                "hearing_impaired": 0,
                "visual_impaired": 0,
                "clean_effects": 0,
                "attached_pic": 0,
                "timed_thumbnails": 0,
                "non_diegetic": 0,
                "captions": 0,
                "descriptions": 0,
                "metadata": 0,
                "dependent": 0,
                "still_image": 0,
                "multilayer": 0
            }
        }
    ],
    "format": {
        "filename": "/home/rikki/Builds/eyesore-campaign-captures-2026-10-10/intake.avi",
        "nb_streams": 2,
        "nb_programs": 0,
        "nb_stream_groups": 0,
        "format_name": "avi",
        "format_long_name": "AVI (Audio Video Interleaved)",
        "start_time": "0.000000",
        "duration": "217.566667",
        "size": "862045392",
        "bit_rate": "31697700",
        "probe_score": 100
    }
}
EXIT 0
COMMAND ["ffmpeg", "-hide_banner", "-nostdin", "-v", "error", "-i", "/home/rikki/Builds/eyesore-campaign-captures-2026-10-10/intake.avi", "-map", "0:a:0", "-vn", "-sn", "-dn", "-c:a", "copy", "-f", "data", "pipe:1"]
COMMAND ["ffmpeg", "-hide_banner", "-nostdin", "-v", "error", "-threads", "2", "-i", "/home/rikki/Builds/eyesore-campaign-captures-2026-10-10/intake.avi", "-map", "0:v:0", "-an", "-sn", "-dn", "-vf", "select=eq(n\\,0)+eq(n\\,284)+eq(n\\,567)+eq(n\\,851)+eq(n\\,1135)+eq(n\\,1419)+eq(n\\,1702)+eq(n\\,1986)+eq(n\\,2270)+eq(n\\,2554)+eq(n\\,2837)+eq(n\\,3121)+eq(n\\,3405)+eq(n\\,3689)+eq(n\\,3972)+eq(n\\,4256)+eq(n\\,4540)+eq(n\\,4824)+eq(n\\,5107)+eq(n\\,5391)+eq(n\\,5675)+eq(n\\,5959)+eq(n\\,6242)+eq(n\\,6526)", "-fps_mode", "vfr", "-pix_fmt", "rgb24", "-f", "rawvideo", "pipe:1"]
COMMAND ["ffmpeg", "-hide_banner", "-nostdin", "-y", "-i", "/home/rikki/Builds/eyesore-campaign-captures-2026-10-10/intake.avi", "-map", "0:a:0", "-vn", "-sn", "-dn", "-c:a", "copy", "/home/rikki/Builds/eyesore-campaign-captures-2026-10-10/intake-master.wav"]
STDERR
[aist#0:1/pcm_s16le @ 0x5585370a9a80] Guessed Channel Layout: stereo
Input #0, avi, from '/home/rikki/Builds/eyesore-campaign-captures-2026-10-10/intake.avi':
  Duration: 00:03:37.57, start: 0.000000, bitrate: 31697 kb/s
  Stream #0:0: Video: mjpeg (Baseline) (MJPG / 0x47504A4D), yuvj420p(pc, bt470bg/unknown/unknown), 1280x720 [SAR 1:1 DAR 16:9], 30154 kb/s, 30 fps, 30 tbr, 30 tbn
  Stream #0:1: Audio: pcm_s16le ([1][0][0][0] / 0x0001), 48000 Hz, stereo, s16, 1536 kb/s
Stream mapping:
  Stream #0:1 -> #0:0 (copy)
Output #0, wav, to '/home/rikki/Builds/eyesore-campaign-captures-2026-10-10/intake-master.wav':
  Metadata:
    ISFT            : Lavf63.1.102
  Stream #0:0: Audio: pcm_s16le ([1][0][0][0] / 0x0001), 48000 Hz, stereo, s16, 1536 kb/s
[out#0/wav @ 0x5585370a9c40] video:0KiB audio:40794KiB subtitle:0KiB other streams:0KiB global headers:0KiB muxing overhead: 0.000187%
size=   40794KiB time=00:03:37.56 bitrate=1536.0kbits/s speed=5.66e+03x elapsed=0:00:00.03
EXIT 0
COMMAND ["ffprobe", "-v", "error", "-threads", "4", "-show_streams", "-show_format", "-of", "json", "/home/rikki/Builds/eyesore-campaign-captures-2026-10-10/intake-master.wav"]
STDOUT
{
    "streams": [
        {
            "index": 0,
            "codec_name": "pcm_s16le",
            "codec_long_name": "PCM signed 16-bit little-endian",
            "codec_type": "audio",
            "codec_tag_string": "[1][0][0][0]",
            "codec_tag": "0x0001",
            "sample_fmt": "s16",
            "sample_rate": "48000",
            "channels": 2,
            "bits_per_sample": 16,
            "initial_padding": 0,
            "r_frame_rate": "0/0",
            "avg_frame_rate": "0/0",
            "time_base": "1/48000",
            "duration_ts": 10443200,
            "duration": "217.566667",
            "bit_rate": "1536000",
            "disposition": {
                "default": 0,
                "dub": 0,
                "original": 0,
                "comment": 0,
                "lyrics": 0,
                "karaoke": 0,
                "forced": 0,
                "hearing_impaired": 0,
                "visual_impaired": 0,
                "clean_effects": 0,
                "attached_pic": 0,
                "timed_thumbnails": 0,
                "non_diegetic": 0,
                "captions": 0,
                "descriptions": 0,
                "metadata": 0,
                "dependent": 0,
                "still_image": 0,
                "multilayer": 0
            }
        }
    ],
    "format": {
        "filename": "/home/rikki/Builds/eyesore-campaign-captures-2026-10-10/intake-master.wav",
        "nb_streams": 1,
        "nb_programs": 0,
        "nb_stream_groups": 0,
        "format_name": "wav",
        "format_long_name": "WAV / WAVE (Waveform Audio)",
        "duration": "217.566667",
        "size": "41772878",
        "bit_rate": "1536002",
        "probe_score": 99,
        "tags": {
            "encoder": "Lavf63.1.102"
        }
    }
}
EXIT 0
COMMAND ["ffmpeg", "-hide_banner", "-nostdin", "-v", "error", "-i", "/home/rikki/Builds/eyesore-campaign-captures-2026-10-10/intake-master.wav", "-map", "0:a:0", "-vn", "-sn", "-dn", "-c:a", "copy", "-f", "data", "pipe:1"]
COMMAND ["ffmpeg", "-hide_banner", "-nostdin", "-y", "-threads", "2", "-i", "/home/rikki/Builds/eyesore-campaign-captures-2026-10-10/intake.avi", "-map", "0:v:0", "-map", "0:a:0", "-c:v", "libx264", "-threads", "4", "-preset", "fast", "-crf", "16", "-pix_fmt", "yuv420p", "-c:a", "aac", "-b:a", "256k", "-movflags", "+faststart", "/home/rikki/Builds/eyesore-campaign-captures-2026-10-10/intake.mp4"]
STDERR
[aist#0:1/pcm_s16le @ 0x558fa850dbc0] Guessed Channel Layout: stereo
Input #0, avi, from '/home/rikki/Builds/eyesore-campaign-captures-2026-10-10/intake.avi':
  Duration: 00:03:37.57, start: 0.000000, bitrate: 31697 kb/s
  Stream #0:0: Video: mjpeg (Baseline) (MJPG / 0x47504A4D), yuvj420p(pc, bt470bg/unknown/unknown), 1280x720 [SAR 1:1 DAR 16:9], 30154 kb/s, 30 fps, 30 tbr, 30 tbn
  Stream #0:1: Audio: pcm_s16le ([1][0][0][0] / 0x0001), 48000 Hz, stereo, s16, 1536 kb/s
Stream mapping:
  Stream #0:0 -> #0:0 (mjpeg (native) -> h264 (libx264))
  Stream #0:1 -> #0:1 (pcm_s16le (native) -> aac (native))
[swscaler @ 0x7fde80012a00] deprecated pixel format used, make sure you did set range correctly
[libx264 @ 0x558fa85428c0] using SAR=1/1
[libx264 @ 0x558fa85428c0] using cpu capabilities: MMX2 SSE2Fast SSSE3 SSE4.2 AVX FMA3 BMI2 AVX2 AVX512
[libx264 @ 0x558fa85428c0] profile High, level 3.1, 4:2:0, 8-bit
[libx264 @ 0x558fa85428c0] 264 - core 165 r3222 b35605a - H.264/MPEG-4 AVC codec - Copyleft 2003-2025 - http://www.videolan.org/x264.html - options: cabac=1 ref=2 deblock=1:0:0 analyse=0x3:0x113 me=hex subme=6 psy=1 psy_rd=1.00:0.00 mixed_ref=1 me_range=16 chroma_me=1 trellis=1 8x8dct=1 cqm=0 deadzone=21,11 fast_pskip=1 chroma_qp_offset=-2 threads=4 lookahead_threads=1 sliced_threads=0 nr=0 decimate=1 interlaced=0 bluray_compat=0 constrained_intra=0 bframes=3 b_pyramid=2 b_adapt=1 b_bias=0 direct=1 weightb=1 open_gop=0 weightp=1 keyint=250 keyint_min=25 scenecut=40 intra_refresh=0 rc_lookahead=30 rc=crf mbtree=1 crf=16.0 qcomp=0.60 qpmin=0 qpmax=69 qpstep=4 ip_ratio=1.40 aq=1:1.00
Output #0, mp4, to '/home/rikki/Builds/eyesore-campaign-captures-2026-10-10/intake.mp4':
  Metadata:
    encoder         : Lavf63.1.102
  Stream #0:0: Video: h264 (avc1 / 0x31637661), yuv420p(pc, bt470bg/unknown/unknown, progressive), 1280x720 [SAR 1:1 DAR 16:9], q=2-31, 30 fps, 15360 tbn
    Metadata:
      encoder         : Lavc63.1.102 libx264
    Side data:
      CPB properties: bitrate max/min/avg: 0/0/0 buffer size: 0 vbv_delay: N/A
  Stream #0:1: Audio: aac (LC) (mp4a / 0x6134706D), 48000 Hz, stereo, fltp, 256 kb/s
    Metadata:
      encoder         : Lavc63.1.102 aac
frame=   26 fps=0.0 q=22.0 size=    1024KiB time=00:00:02.53 bitrate=3304.5kbits/s speed=5.08x elapsed=0:00:00.50    
frame=   54 fps= 54 q=22.0 size=    2816KiB time=00:00:03.47 bitrate=6634.1kbits/s speed=3.48x elapsed=0:00:01.00    
frame=   86 fps= 57 q=22.0 size=    4608KiB time=00:00:04.54 bitrate=8307.5kbits/s speed=3.03x elapsed=0:00:01.50    
frame=  115 fps= 57 q=22.0 size=    7168KiB time=00:00:05.50 bitrate=10668.7kbits/s speed=2.75x elapsed=0:00:02.00    
frame=  143 fps= 57 q=22.0 size=    9472KiB time=00:00:06.44 bitrate=12043.9kbits/s speed=2.58x elapsed=0:00:02.50    
frame=  172 fps= 57 q=22.0 size=   11520KiB time=00:00:07.42 bitrate=12711.8kbits/s speed=2.47x elapsed=0:00:03.00    
frame=  205 fps= 59 q=22.0 size=   13568KiB time=00:00:08.55 bitrate=12992.8kbits/s speed=2.44x elapsed=0:00:03.50    
frame=  249 fps= 62 q=22.0 size=   15104KiB time=00:00:10.00 bitrate=12366.6kbits/s speed= 2.5x elapsed=0:00:04.00    
frame=  294 fps= 65 q=22.0 size=   16640KiB time=00:00:11.47 bitrate=11876.9kbits/s speed=2.55x elapsed=0:00:04.50    
frame=  332 fps= 66 q=22.0 size=   18176KiB time=00:00:12.75 bitrate=11671.6kbits/s speed=2.55x elapsed=0:00:05.00    
frame=  360 fps= 65 q=22.0 size=   20224KiB time=00:00:13.67 bitrate=12115.5kbits/s speed=2.49x elapsed=0:00:05.50    
frame=  387 fps= 64 q=22.0 size=   22016KiB time=00:00:14.61 bitrate=12341.8kbits/s speed=2.44x elapsed=0:00:06.00    
frame=  418 fps= 64 q=22.0 size=   24064KiB time=00:00:15.61 bitrate=12623.8kbits/s speed= 2.4x elapsed=0:00:06.50    
frame=  448 fps= 64 q=22.0 size=   26112KiB time=00:00:16.61 bitrate=12871.7kbits/s speed=2.37x elapsed=0:00:07.00    
frame=  479 fps= 64 q=22.0 size=   28160KiB time=00:00:17.64 bitrate=13075.5kbits/s speed=2.35x elapsed=0:00:07.50    
frame=  510 fps= 64 q=22.0 size=   30208KiB time=00:00:18.64 bitrate=13272.2kbits/s speed=2.33x elapsed=0:00:08.00    
frame=  538 fps= 63 q=22.0 size=   32000KiB time=00:00:19.64 bitrate=13342.0kbits/s speed=2.31x elapsed=0:00:08.50    
frame=  592 fps= 66 q=22.0 size=   33536KiB time=00:00:21.39 bitrate=12839.3kbits/s speed=2.38x elapsed=0:00:09.00    
frame=  624 fps= 66 q=22.0 size=   35328KiB time=00:00:22.48 bitrate=12870.9kbits/s speed=2.37x elapsed=0:00:09.50    
frame=  656 fps= 66 q=22.0 size=   36608KiB time=00:00:23.55 bitrate=12733.2kbits/s speed=2.35x elapsed=0:00:10.00    
frame=  685 fps= 65 q=22.0 size=   38400KiB time=00:00:24.51 bitrate=12833.4kbits/s speed=2.33x elapsed=0:00:10.50    
frame=  713 fps= 65 q=22.0 size=   40448KiB time=00:00:25.40 bitrate=13041.2kbits/s speed=2.31x elapsed=0:00:11.00    
frame=  742 fps= 65 q=22.0 size=   41984KiB time=00:00:26.43 bitrate=13012.0kbits/s speed= 2.3x elapsed=0:00:11.50    
frame=  769 fps= 64 q=22.0 size=   44032KiB time=00:00:27.30 bitrate=13209.6kbits/s speed=2.28x elapsed=0:00:12.00    
frame=  797 fps= 64 q=22.0 size=   45824KiB time=00:00:28.22 bitrate=13300.4kbits/s speed=2.26x elapsed=0:00:12.50    
frame=  826 fps= 64 q=22.0 size=   48128KiB time=00:00:29.24 bitrate=13480.1kbits/s speed=2.25x elapsed=0:00:13.00    
frame=  856 fps= 63 q=22.0 size=   50176KiB time=00:00:30.20 bitrate=13607.1kbits/s speed=2.24x elapsed=0:00:13.50    
frame=  885 fps= 63 q=22.0 size=   52224KiB time=00:00:31.21 bitrate=13707.5kbits/s speed=2.23x elapsed=0:00:14.00    
frame=  916 fps= 63 q=22.0 size=   54016KiB time=00:00:32.21 bitrate=13736.5kbits/s speed=2.22x elapsed=0:00:14.50    
frame=  946 fps= 63 q=22.0 size=   56064KiB time=00:00:33.23 bitrate=13818.1kbits/s speed=2.22x elapsed=0:00:15.00    
frame=  977 fps= 63 q=22.0 size=   58112KiB time=00:00:34.24 bitrate=13903.4kbits/s speed=2.21x elapsed=0:00:15.50    
frame= 1004 fps= 63 q=22.0 size=   59904KiB time=00:00:35.17 bitrate=13949.8kbits/s speed= 2.2x elapsed=0:00:16.00    
frame= 1035 fps= 63 q=22.0 size=   62208KiB time=00:00:36.18 bitrate=14084.8kbits/s speed=2.19x elapsed=0:00:16.50    
frame= 1067 fps= 63 q=22.0 size=   64000KiB time=00:00:37.29 bitrate=14059.5kbits/s speed=2.19x elapsed=0:00:17.00    
frame= 1092 fps= 62 q=22.0 size=   65792KiB time=00:00:38.12 bitrate=14137.7kbits/s speed=2.18x elapsed=0:00:17.50    
frame= 1125 fps= 62 q=22.0 size=   67840KiB time=00:00:39.21 bitrate=14173.3kbits/s speed=2.18x elapsed=0:00:18.00    
frame= 1157 fps= 63 q=22.0 size=   69888KiB time=00:00:40.25 bitrate=14222.1kbits/s speed=2.18x elapsed=0:00:18.50    
frame= 1188 fps= 63 q=22.0 size=   71936KiB time=00:00:41.32 bitrate=14260.9kbits/s speed=2.17x elapsed=0:00:19.00    
frame= 1217 fps= 62 q=22.0 size=   73984KiB time=00:00:42.24 bitrate=14348.4kbits/s speed=2.17x elapsed=0:00:19.50    
frame= 1249 fps= 62 q=22.0 size=   76032KiB time=00:00:43.28 bitrate=14389.5kbits/s speed=2.16x elapsed=0:00:20.00    
frame= 1277 fps= 62 q=22.0 size=   77824KiB time=00:00:44.24 bitrate=14409.1kbits/s speed=2.16x elapsed=0:00:20.50    
frame= 1306 fps= 62 q=22.0 size=   79872KiB time=00:00:45.24 bitrate=14460.6kbits/s speed=2.15x elapsed=0:00:21.00    
frame= 1338 fps= 62 q=22.0 size=   81920KiB time=00:00:46.27 bitrate=14503.1kbits/s speed=2.15x elapsed=0:00:21.50    
frame= 1366 fps= 62 q=22.0 size=   83968KiB time=00:00:47.25 bitrate=14557.0kbits/s speed=2.15x elapsed=0:00:22.00    
frame= 1395 fps= 62 q=22.0 size=   86016KiB time=00:00:48.17 bitrate=14628.1kbits/s speed=2.14x elapsed=0:00:22.50    
frame= 1422 fps= 62 q=22.0 size=   87808KiB time=00:00:49.08 bitrate=14653.8kbits/s speed=2.13x elapsed=0:00:23.00    
frame= 1453 fps= 62 q=19.0 size=   89856KiB time=00:00:50.09 bitrate=14695.4kbits/s speed=2.13x elapsed=0:00:23.50    
frame= 1484 fps= 62 q=22.0 size=   91904KiB time=00:00:51.15 bitrate=14716.9kbits/s speed=2.13x elapsed=0:00:24.00    
frame= 1512 fps= 62 q=22.0 size=   93952KiB time=00:00:52.05 bitrate=14785.9kbits/s speed=2.12x elapsed=0:00:24.50    
frame= 1542 fps= 62 q=22.0 size=   95744KiB time=00:00:53.07 bitrate=14777.2kbits/s speed=2.12x elapsed=0:00:25.00    
frame= 1572 fps= 62 q=22.0 size=   97792KiB time=00:00:54.10 bitrate=14807.6kbits/s speed=2.12x elapsed=0:00:25.50    
frame= 1606 fps= 62 q=22.0 size=   99072KiB time=00:00:55.21 bitrate=14700.0kbits/s speed=2.12x elapsed=0:00:26.00    
frame= 1641 fps= 62 q=22.0 size=  100608KiB time=00:00:56.36 bitrate=14622.8kbits/s speed=2.13x elapsed=0:00:26.50    
frame= 1679 fps= 62 q=22.0 size=  102144KiB time=00:00:57.64 bitrate=14516.4kbits/s speed=2.13x elapsed=0:00:27.00    
frame= 1714 fps= 62 q=22.0 size=  103680KiB time=00:00:58.81 bitrate=14440.7kbits/s speed=2.14x elapsed=0:00:27.50    
frame= 1744 fps= 62 q=22.0 size=  105472KiB time=00:00:59.81 bitrate=14444.1kbits/s speed=2.14x elapsed=0:00:28.00    
frame= 1774 fps= 62 q=22.0 size=  107008KiB time=00:01:00.82 bitrate=14412.9kbits/s speed=2.13x elapsed=0:00:28.50    
frame= 1805 fps= 62 q=22.0 size=  108800KiB time=00:01:01.84 bitrate=14411.6kbits/s speed=2.13x elapsed=0:00:29.00    
frame= 1836 fps= 62 q=22.0 size=  111104KiB time=00:01:02.89 bitrate=14472.2kbits/s speed=2.13x elapsed=0:00:29.50    
frame= 1881 fps= 63 q=22.0 size=  112896KiB time=00:01:04.34 bitrate=14374.0kbits/s speed=2.14x elapsed=0:00:30.00    
frame= 1908 fps= 63 q=22.0 size=  114688KiB time=00:01:05.28 bitrate=14392.2kbits/s speed=2.14x elapsed=0:00:30.50    
frame= 1941 fps= 63 q=22.0 size=  116992KiB time=00:01:06.38 bitrate=14436.0kbits/s speed=2.14x elapsed=0:00:31.00    
frame= 1985 fps= 63 q=22.0 size=  118528KiB time=00:01:07.84 bitrate=14312.8kbits/s speed=2.15x elapsed=0:00:31.50    
frame= 2016 fps= 63 q=22.0 size=  120576KiB time=00:01:08.88 bitrate=14339.2kbits/s speed=2.15x elapsed=0:00:32.00    
frame= 2045 fps= 63 q=22.0 size=  122624KiB time=00:01:09.84 bitrate=14382.3kbits/s speed=2.15x elapsed=0:00:32.50    
frame= 2076 fps= 63 q=22.0 size=  124672KiB time=00:01:10.86 bitrate=14411.2kbits/s speed=2.15x elapsed=0:00:33.00    
frame= 2105 fps= 63 q=22.0 size=  126720KiB time=00:01:11.85 bitrate=14447.9kbits/s speed=2.14x elapsed=0:00:33.50    
frame= 2135 fps= 63 q=22.0 size=  128768KiB time=00:01:12.87 bitrate=14475.1kbits/s speed=2.14x elapsed=0:00:34.00    
frame= 2167 fps= 63 q=22.0 size=  130816KiB time=00:01:13.92 bitrate=14497.4kbits/s speed=2.14x elapsed=0:00:34.50    
frame= 2193 fps= 63 q=22.0 size=  132608KiB time=00:01:14.77 bitrate=14528.2kbits/s speed=2.14x elapsed=0:00:35.00    
frame= 2223 fps= 63 q=22.0 size=  134656KiB time=00:01:15.79 bitrate=14553.3kbits/s speed=2.13x elapsed=0:00:35.50    
frame= 2252 fps= 63 q=22.0 size=  136704KiB time=00:01:16.75 bitrate=14589.9kbits/s speed=2.13x elapsed=0:00:36.00    
frame= 2282 fps= 63 q=22.0 size=  138752KiB time=00:01:17.73 bitrate=14621.5kbits/s speed=2.13x elapsed=0:00:36.50    
frame= 2312 fps= 62 q=22.0 size=  140800KiB time=00:01:18.74 bitrate=14648.4kbits/s speed=2.13x elapsed=0:00:37.00    
frame= 2339 fps= 62 q=22.0 size=  142592KiB time=00:01:19.61 bitrate=14671.9kbits/s speed=2.12x elapsed=0:00:37.50    
frame= 2371 fps= 62 q=22.0 size=  144640KiB time=00:01:20.70 bitrate=14681.9kbits/s speed=2.12x elapsed=0:00:38.00    
frame= 2399 fps= 62 q=22.0 size=  146688KiB time=00:01:21.64 bitrate=14718.6kbits/s speed=2.12x elapsed=0:00:38.50    
frame= 2429 fps= 62 q=22.0 size=  148736KiB time=00:01:22.64 bitrate=14743.1kbits/s speed=2.12x elapsed=0:00:39.00    
frame= 2459 fps= 62 q=22.0 size=  150528KiB time=00:01:23.69 bitrate=14734.3kbits/s speed=2.12x elapsed=0:00:39.50    
frame= 2486 fps= 62 q=22.0 size=  152320KiB time=00:01:24.54 bitrate=14759.2kbits/s speed=2.11x elapsed=0:00:40.00    
frame= 2515 fps= 62 q=22.0 size=  154112KiB time=00:01:25.54 bitrate=14757.9kbits/s speed=2.11x elapsed=0:00:40.50    
frame= 2544 fps= 62 q=22.0 size=  156160KiB time=00:01:26.50 bitrate=14788.0kbits/s speed=2.11x elapsed=0:00:41.00    
frame= 2574 fps= 62 q=22.0 size=  158208KiB time=00:01:27.48 bitrate=14813.9kbits/s speed=2.11x elapsed=0:00:41.50    
frame= 2600 fps= 62 q=22.0 size=  160000KiB time=00:01:28.38 bitrate=14829.8kbits/s speed= 2.1x elapsed=0:00:42.00    
frame= 2627 fps= 62 q=22.0 size=  161536KiB time=00:01:29.23 bitrate=14829.0kbits/s speed= 2.1x elapsed=0:00:42.50    
frame= 2656 fps= 62 q=22.0 size=  163072KiB time=00:01:30.21 bitrate=14807.2kbits/s speed= 2.1x elapsed=0:00:43.00    
frame= 2697 fps= 62 q=22.0 size=  164352KiB time=00:01:31.58 bitrate=14701.0kbits/s speed=2.11x elapsed=0:00:43.50    
frame= 2739 fps= 62 q=19.0 size=  165632KiB time=00:01:32.97 bitrate=14594.5kbits/s speed=2.11x elapsed=0:00:44.00    
frame= 2771 fps= 62 q=22.0 size=  167424KiB time=00:01:34.03 bitrate=14585.0kbits/s speed=2.11x elapsed=0:00:44.50    
frame= 2799 fps= 62 q=22.0 size=  169216KiB time=00:01:34.97 bitrate=14595.5kbits/s speed=2.11x elapsed=0:00:45.00    
frame= 2827 fps= 62 q=22.0 size=  171520KiB time=00:01:35.91 bitrate=14649.4kbits/s speed=2.11x elapsed=0:00:45.50    
frame= 2854 fps= 62 q=22.0 size=  173312KiB time=00:01:36.81 bitrate=14665.5kbits/s speed= 2.1x elapsed=0:00:46.00    
frame= 2881 fps= 62 q=22.0 size=  175104KiB time=00:01:37.70 bitrate=14681.2kbits/s speed= 2.1x elapsed=0:00:46.50    
frame= 2907 fps= 62 q=22.0 size=  176896KiB time=00:01:38.62 bitrate=14693.5kbits/s speed= 2.1x elapsed=0:00:47.00    
frame= 2932 fps= 62 q=22.0 size=  178688KiB time=00:01:39.41 bitrate=14724.5kbits/s speed=2.09x elapsed=0:00:47.50    
frame= 2963 fps= 62 q=22.0 size=  181248KiB time=00:01:40.43 bitrate=14783.2kbits/s speed=2.09x elapsed=0:00:48.00    
frame= 2993 fps= 62 q=22.0 size=  183552KiB time=00:01:41.44 bitrate=14823.1kbits/s speed=2.09x elapsed=0:00:48.50    
frame= 3058 fps= 62 q=22.0 size=  184576KiB time=00:01:43.59 bitrate=14595.8kbits/s speed=2.11x elapsed=0:00:49.00    
frame= 3086 fps= 62 q=22.0 size=  186624KiB time=00:01:44.55 bitrate=14622.2kbits/s speed=2.11x elapsed=0:00:49.50    
frame= 3117 fps= 62 q=22.0 size=  188672KiB time=00:01:45.62 bitrate=14633.4kbits/s speed=2.11x elapsed=0:00:50.00    
frame= 3147 fps= 62 q=22.0 size=  190464KiB time=00:01:46.58 bitrate=14639.4kbits/s speed=2.11x elapsed=0:00:50.50    
frame= 3177 fps= 62 q=22.0 size=  192256KiB time=00:01:47.60 bitrate=14636.5kbits/s speed=2.11x elapsed=0:00:51.00    
frame= 3210 fps= 62 q=22.0 size=  194560KiB time=00:01:48.67 bitrate=14666.5kbits/s speed=2.11x elapsed=0:00:51.50    
frame= 3242 fps= 62 q=22.0 size=  196352KiB time=00:01:49.73 bitrate=14657.7kbits/s speed=2.11x elapsed=0:00:52.00    
frame= 3274 fps= 62 q=22.0 size=  198400KiB time=00:01:50.84 bitrate=14662.4kbits/s speed=2.11x elapsed=0:00:52.50    
frame= 3304 fps= 62 q=22.0 size=  200448KiB time=00:01:51.80 bitrate=14686.5kbits/s speed=2.11x elapsed=0:00:53.00    
frame= 3335 fps= 62 q=22.0 size=  202496KiB time=00:01:52.87 bitrate=14696.4kbits/s speed=2.11x elapsed=0:00:53.50    
frame= 3363 fps= 62 q=22.0 size=  204544KiB time=00:01:53.77 bitrate=14728.1kbits/s speed=2.11x elapsed=0:00:54.00    
frame= 3395 fps= 62 q=22.0 size=  206592KiB time=00:01:54.83 bitrate=14737.4kbits/s speed=2.11x elapsed=0:00:54.50    
frame= 3425 fps= 62 q=22.0 size=  208640KiB time=00:01:55.88 bitrate=14749.2kbits/s speed=2.11x elapsed=0:00:55.00    
frame= 3455 fps= 62 q=22.0 size=  210944KiB time=00:01:56.84 bitrate=14789.6kbits/s speed= 2.1x elapsed=0:00:55.50    
frame= 3483 fps= 62 q=22.0 size=  212992KiB time=00:01:57.78 bitrate=14814.2kbits/s speed= 2.1x elapsed=0:00:56.00    
frame= 3514 fps= 62 q=22.0 size=  215296KiB time=00:01:58.80 bitrate=14845.3kbits/s speed= 2.1x elapsed=0:00:56.50    
frame= 3543 fps= 62 q=22.0 size=  217600KiB time=00:01:59.78 bitrate=14881.3kbits/s speed= 2.1x elapsed=0:00:57.00    
frame= 3572 fps= 62 q=22.0 size=  219648KiB time=00:02:00.74 bitrate=14901.9kbits/s speed= 2.1x elapsed=0:00:57.50    
frame= 3605 fps= 62 q=22.0 size=  221952KiB time=00:02:01.87 bitrate=14918.5kbits/s speed= 2.1x elapsed=0:00:58.00    
frame= 3633 fps= 62 q=22.0 size=  224000KiB time=00:02:02.77 bitrate=14946.3kbits/s speed= 2.1x elapsed=0:00:58.50    
frame= 3661 fps= 62 q=22.0 size=  225792KiB time=00:02:03.69 bitrate=14954.1kbits/s speed= 2.1x elapsed=0:00:59.00    
frame= 3690 fps= 62 q=22.0 size=  228096KiB time=00:02:04.67 bitrate=14987.8kbits/s speed=2.09x elapsed=0:00:59.50    
frame= 3721 fps= 62 q=22.0 size=  230400KiB time=00:02:05.67 bitrate=15018.4kbits/s speed=2.09x elapsed=0:01:00.00    
frame= 3750 fps= 62 q=22.0 size=  232704KiB time=00:02:06.67 bitrate=15048.6kbits/s speed=2.09x elapsed=0:01:00.50    
frame= 3777 fps= 62 q=22.0 size=  234496KiB time=00:02:07.57 bitrate=15057.9kbits/s speed=2.09x elapsed=0:01:01.01    
frame= 3805 fps= 62 q=22.0 size=  236800KiB time=00:02:08.51 bitrate=15094.8kbits/s speed=2.09x elapsed=0:01:01.51    
frame= 3833 fps= 62 q=22.0 size=  238848KiB time=00:02:09.45 bitrate=15115.0kbits/s speed=2.09x elapsed=0:01:02.01    
frame= 3861 fps= 62 q=22.0 size=  240896KiB time=00:02:10.41 bitrate=15132.4kbits/s speed=2.09x elapsed=0:01:02.51    
frame= 3889 fps= 62 q=22.0 size=  242944KiB time=00:02:11.30 bitrate=15156.9kbits/s speed=2.08x elapsed=0:01:03.01    
frame= 3919 fps= 62 q=22.0 size=  244736KiB time=00:02:12.33 bitrate=15150.5kbits/s speed=2.08x elapsed=0:01:03.51    
frame= 3949 fps= 62 q=22.0 size=  247040KiB time=00:02:13.31 bitrate=15180.6kbits/s speed=2.08x elapsed=0:01:04.01    
frame= 3981 fps= 62 q=22.0 size=  249088KiB time=00:02:14.31 bitrate=15192.2kbits/s speed=2.08x elapsed=0:01:04.51    
frame= 4011 fps= 62 q=22.0 size=  250624KiB time=00:02:15.38 bitrate=15165.4kbits/s speed=2.08x elapsed=0:01:05.01    
frame= 4064 fps= 62 q=22.0 size=  252160KiB time=00:02:17.10 bitrate=15066.0kbits/s speed=2.09x elapsed=0:01:05.51    
frame= 4107 fps= 62 q=22.0 size=  253696KiB time=00:02:18.58 bitrate=14996.8kbits/s speed= 2.1x elapsed=0:01:06.01    
frame= 4146 fps= 62 q=22.0 size=  255232KiB time=00:02:19.84 bitrate=14951.8kbits/s speed= 2.1x elapsed=0:01:06.51    
frame= 4176 fps= 62 q=22.0 size=  257024KiB time=00:02:20.88 bitrate=14945.1kbits/s speed= 2.1x elapsed=0:01:07.01    
frame= 4205 fps= 62 q=22.0 size=  259072KiB time=00:02:21.88 bitrate=14957.7kbits/s speed= 2.1x elapsed=0:01:07.51    
frame= 4232 fps= 62 q=19.0 size=  260864KiB time=00:02:22.74 bitrate=14971.1kbits/s speed= 2.1x elapsed=0:01:08.01    
frame= 4283 fps= 63 q=22.0 size=  262656KiB time=00:02:24.44 bitrate=14895.9kbits/s speed=2.11x elapsed=0:01:08.51    
frame= 4313 fps= 62 q=22.0 size=  264704KiB time=00:02:25.47 bitrate=14906.3kbits/s speed=2.11x elapsed=0:01:09.01    
frame= 4343 fps= 62 q=22.0 size=  266496KiB time=00:02:26.45 bitrate=14906.7kbits/s speed=2.11x elapsed=0:01:09.51    
frame= 4375 fps= 62 q=22.0 size=  268544KiB time=00:02:27.54 bitrate=14910.5kbits/s speed=2.11x elapsed=0:01:10.01    
frame= 4406 fps= 62 q=22.0 size=  270848KiB time=00:02:28.54 bitrate=14936.9kbits/s speed=2.11x elapsed=0:01:10.51    
frame= 4432 fps= 62 q=22.0 size=  272640KiB time=00:02:29.41 bitrate=14947.7kbits/s speed= 2.1x elapsed=0:01:11.01    
frame= 4462 fps= 62 q=22.0 size=  274688KiB time=00:02:30.42 bitrate=14959.6kbits/s speed= 2.1x elapsed=0:01:11.51    
frame= 4491 fps= 62 q=22.0 size=  276736KiB time=00:02:31.38 bitrate=14975.6kbits/s speed= 2.1x elapsed=0:01:12.01    
frame= 4521 fps= 62 q=22.0 size=  278528KiB time=00:02:32.38 bitrate=14973.4kbits/s speed= 2.1x elapsed=0:01:12.51    
frame= 4547 fps= 62 q=22.0 size=  280320KiB time=00:02:33.28 bitrate=14981.6kbits/s speed= 2.1x elapsed=0:01:13.01    
frame= 4576 fps= 62 q=22.0 size=  282368KiB time=00:02:34.21 bitrate=14999.2kbits/s speed= 2.1x elapsed=0:01:13.51    
frame= 4605 fps= 62 q=22.0 size=  284160KiB time=00:02:35.17 bitrate=15001.0kbits/s speed= 2.1x elapsed=0:01:14.01    
frame= 4635 fps= 62 q=22.0 size=  286208KiB time=00:02:36.13 bitrate=15016.2kbits/s speed= 2.1x elapsed=0:01:14.51    
frame= 4661 fps= 62 q=22.0 size=  288000KiB time=00:02:37.07 bitrate=15020.0kbits/s speed=2.09x elapsed=0:01:15.01    
frame= 4691 fps= 62 q=22.0 size=  289792KiB time=00:02:38.03 bitrate=15021.6kbits/s speed=2.09x elapsed=0:01:15.51    
frame= 4720 fps= 62 q=22.0 size=  291584KiB time=00:02:39.04 bitrate=15019.2kbits/s speed=2.09x elapsed=0:01:16.01    
frame= 4744 fps= 62 q=22.0 size=  293120KiB time=00:02:39.80 bitrate=15025.8kbits/s speed=2.09x elapsed=0:01:16.51    
frame= 4776 fps= 62 q=22.0 size=  295680KiB time=00:02:40.87 bitrate=15056.5kbits/s speed=2.09x elapsed=0:01:17.01    
frame= 4804 fps= 62 q=22.0 size=  297472KiB time=00:02:41.81 bitrate=15059.9kbits/s speed=2.09x elapsed=0:01:17.51    
frame= 4834 fps= 62 q=22.0 size=  299776KiB time=00:02:42.83 bitrate=15081.1kbits/s speed=2.09x elapsed=0:01:18.01    
frame= 4864 fps= 62 q=22.0 size=  301824KiB time=00:02:43.81 bitrate=15093.2kbits/s speed=2.09x elapsed=0:01:18.51    
frame= 4894 fps= 62 q=22.0 size=  303872KiB time=00:02:44.84 bitrate=15101.2kbits/s speed=2.09x elapsed=0:01:19.01    
frame= 4924 fps= 62 q=22.0 size=  305920KiB time=00:02:45.82 bitrate=15113.0kbits/s speed=2.09x elapsed=0:01:19.51    
frame= 4955 fps= 62 q=22.0 size=  308480KiB time=00:02:46.84 bitrate=15145.9kbits/s speed=2.09x elapsed=0:01:20.01    
frame= 4985 fps= 62 q=22.0 size=  310272KiB time=00:02:47.85 bitrate=15142.9kbits/s speed=2.08x elapsed=0:01:20.51    
frame= 5030 fps= 62 q=22.0 size=  312064KiB time=00:02:49.32 bitrate=15098.0kbits/s speed=2.09x elapsed=0:01:21.01    
frame= 5080 fps= 62 q=22.0 size=  313344KiB time=00:02:51.00 bitrate=15010.5kbits/s speed= 2.1x elapsed=0:01:21.51    
frame= 5109 fps= 62 q=22.0 size=  315392KiB time=00:02:51.98 bitrate=15022.4kbits/s speed= 2.1x elapsed=0:01:22.01    
frame= 5143 fps= 62 q=22.0 size=  317696KiB time=00:02:53.09 bitrate=15035.2kbits/s speed= 2.1x elapsed=0:01:22.51    
frame= 5169 fps= 62 q=22.0 size=  319744KiB time=00:02:53.97 bitrate=15056.0kbits/s speed= 2.1x elapsed=0:01:23.01    
frame= 5199 fps= 62 q=22.0 size=  322048KiB time=00:02:54.97 bitrate=15077.6kbits/s speed= 2.1x elapsed=0:01:23.51    
frame= 5255 fps= 63 q=22.0 size=  323840KiB time=00:02:56.87 bitrate=14998.7kbits/s speed=2.11x elapsed=0:01:24.01    
frame= 5283 fps= 63 q=22.0 size=  325888KiB time=00:02:57.70 bitrate=15022.9kbits/s speed= 2.1x elapsed=0:01:24.51    
frame= 5315 fps= 63 q=22.0 size=  328192KiB time=00:02:58.83 bitrate=15033.5kbits/s speed= 2.1x elapsed=0:01:25.01    
frame= 5343 fps= 62 q=22.0 size=  330496KiB time=00:02:59.77 bitrate=15060.0kbits/s speed= 2.1x elapsed=0:01:25.51    
frame= 5383 fps= 63 q=22.0 size=  332288KiB time=00:03:01.12 bitrate=15029.3kbits/s speed=2.11x elapsed=0:01:26.01    
frame= 5413 fps= 63 q=22.0 size=  334592KiB time=00:03:02.12 bitrate=15050.2kbits/s speed=2.11x elapsed=0:01:26.51    
frame= 5446 fps= 63 q=22.0 size=  336896KiB time=00:03:03.21 bitrate=15063.8kbits/s speed=2.11x elapsed=0:01:27.01    
frame= 5474 fps= 63 q=22.0 size=  338688KiB time=00:03:04.10 bitrate=15070.2kbits/s speed= 2.1x elapsed=0:01:27.51    
frame= 5506 fps= 63 q=22.0 size=  340992KiB time=00:03:05.21 bitrate=15081.9kbits/s speed= 2.1x elapsed=0:01:28.01    
frame= 5535 fps= 63 q=22.0 size=  343040KiB time=00:03:06.17 bitrate=15094.2kbits/s speed= 2.1x elapsed=0:01:28.51    
frame= 5565 fps= 63 q=22.0 size=  345088KiB time=00:03:07.17 bitrate=15103.0kbits/s speed= 2.1x elapsed=0:01:29.01    
frame= 5596 fps= 63 q=22.0 size=  347392KiB time=00:03:08.20 bitrate=15121.1kbits/s speed= 2.1x elapsed=0:01:29.51    
frame= 5627 fps= 63 q=22.0 size=  349440KiB time=00:03:09.24 bitrate=15126.3kbits/s speed= 2.1x elapsed=0:01:30.01    
frame= 5659 fps= 63 q=22.0 size=  351488KiB time=00:03:10.31 bitrate=15129.6kbits/s speed= 2.1x elapsed=0:01:30.51    
frame= 5685 fps= 62 q=22.0 size=  353280KiB time=00:03:11.18 bitrate=15137.2kbits/s speed= 2.1x elapsed=0:01:31.01    
frame= 5715 fps= 62 q=22.0 size=  355584KiB time=00:03:12.21 bitrate=15154.7kbits/s speed= 2.1x elapsed=0:01:31.51    
frame= 5745 fps= 62 q=22.0 size=  357888KiB time=00:03:13.17 bitrate=15177.1kbits/s speed= 2.1x elapsed=0:01:32.01    
frame= 5775 fps= 62 q=22.0 size=  360192KiB time=00:03:14.17 bitrate=15196.0kbits/s speed= 2.1x elapsed=0:01:32.51    
frame= 5804 fps= 62 q=22.0 size=  362240KiB time=00:03:15.15 bitrate=15205.5kbits/s speed= 2.1x elapsed=0:01:33.01    
frame= 5833 fps= 62 q=22.0 size=  364288KiB time=00:03:16.13 bitrate=15215.0kbits/s speed= 2.1x elapsed=0:01:33.51    
frame= 5865 fps= 62 q=22.0 size=  366336KiB time=00:03:17.18 bitrate=15219.4kbits/s speed= 2.1x elapsed=0:01:34.01    
frame= 5893 fps= 62 q=22.0 size=  368384KiB time=00:03:18.14 bitrate=15230.3kbits/s speed= 2.1x elapsed=0:01:34.51    
frame= 5921 fps= 62 q=22.0 size=  370176KiB time=00:03:19.04 bitrate=15235.5kbits/s speed=2.09x elapsed=0:01:35.01    
frame= 5949 fps= 62 q=22.0 size=  372480KiB time=00:03:19.97 bitrate=15258.4kbits/s speed=2.09x elapsed=0:01:35.51    
frame= 5978 fps= 62 q=22.0 size=  374528KiB time=00:03:20.93 bitrate=15269.0kbits/s speed=2.09x elapsed=0:01:36.01    
frame= 6007 fps= 62 q=22.0 size=  376576KiB time=00:03:21.92 bitrate=15277.9kbits/s speed=2.09x elapsed=0:01:36.51    
frame= 6036 fps= 62 q=22.0 size=  378624KiB time=00:03:22.88 bitrate=15288.3kbits/s speed=2.09x elapsed=0:01:37.01    
frame= 6068 fps= 62 q=22.0 size=  381184KiB time=00:03:23.94 bitrate=15311.2kbits/s speed=2.09x elapsed=0:01:37.51    
frame= 6096 fps= 62 q=22.0 size=  383232KiB time=00:03:24.88 bitrate=15322.9kbits/s speed=2.09x elapsed=0:01:38.01    
frame= 6125 fps= 62 q=22.0 size=  385536KiB time=00:03:25.82 bitrate=15344.7kbits/s speed=2.09x elapsed=0:01:38.51    
frame= 6152 fps= 62 q=22.0 size=  387584KiB time=00:03:26.74 bitrate=15357.8kbits/s speed=2.09x elapsed=0:01:39.01    
frame= 6179 fps= 62 q=22.0 size=  389376KiB time=00:03:27.61 bitrate=15363.8kbits/s speed=2.09x elapsed=0:01:39.51    
frame= 6209 fps= 62 q=22.0 size=  391424KiB time=00:03:28.64 bitrate=15368.8kbits/s speed=2.09x elapsed=0:01:40.01    
frame= 6235 fps= 62 q=22.0 size=  393216KiB time=00:03:29.51 bitrate=15374.7kbits/s speed=2.08x elapsed=0:01:40.51    
frame= 6263 fps= 62 q=22.0 size=  395008KiB time=00:03:30.45 bitrate=15375.9kbits/s speed=2.08x elapsed=0:01:41.01    
frame= 6291 fps= 62 q=22.0 size=  396800KiB time=00:03:31.37 bitrate=15378.6kbits/s speed=2.08x elapsed=0:01:41.51    
frame= 6320 fps= 62 q=22.0 size=  398848KiB time=00:03:32.35 bitrate=15386.5kbits/s speed=2.08x elapsed=0:01:42.01    
frame= 6351 fps= 62 q=22.0 size=  400640KiB time=00:03:33.37 bitrate=15381.5kbits/s speed=2.08x elapsed=0:01:42.51    
frame= 6411 fps= 62 q=22.0 size=  401664KiB time=00:03:35.36 bitrate=15278.8kbits/s speed=2.09x elapsed=0:01:43.01    
frame= 6436 fps= 62 q=22.0 size=  403456KiB time=00:03:36.21 bitrate=15286.3kbits/s speed=2.09x elapsed=0:01:43.51    
frame= 6465 fps= 62 q=22.0 size=  405248KiB time=00:03:37.21 bitrate=15283.4kbits/s speed=2.09x elapsed=0:01:44.01    
[mp4 @ 0x558fa850df80] Starting second pass: moving the moov atom to the beginning of the file
[out#0/mp4 @ 0x558fa850de40] video:400125KiB audio:6835KiB subtitle:0KiB other streams:0KiB global headers:0KiB muxing overhead: 0.057526%
frame= 6527 fps= 62 q=-1.0 Lsize=  407193KiB time=00:03:37.56 bitrate=15332.0kbits/s speed=2.08x elapsed=0:01:44.65    
[libx264 @ 0x558fa85428c0] frame I:47    Avg QP:17.84  size:128182
[libx264 @ 0x558fa85428c0] frame P:1810  Avg QP:20.66  size: 76065
[libx264 @ 0x558fa85428c0] frame B:4670  Avg QP:22.27  size: 56965
[libx264 @ 0x558fa85428c0] consecutive B-frames:  3.9%  1.5%  2.0% 92.7%
[libx264 @ 0x558fa85428c0] mb I  I16..4:  4.0% 91.3%  4.7%
[libx264 @ 0x558fa85428c0] mb P  I16..4:  2.2% 59.0%  2.4%  P16..4: 15.0%  7.2%  5.3%  0.0%  0.0%    skip: 8.9%
[libx264 @ 0x558fa85428c0] mb B  I16..4:  3.3% 19.0% 14.2%  B16..8:  7.4% 17.1% 17.4%  direct: 7.2%  skip:14.4%  L0:42.3% L1:37.9% BI:19.8%
[libx264 @ 0x558fa85428c0] 8x8 transform intra:68.8% inter:56.9%
[libx264 @ 0x558fa85428c0] coded y,uvDC,uvAC intra: 92.2% 62.9% 19.0% inter: 62.8% 46.2% 8.7%
[libx264 @ 0x558fa85428c0] i16 v,h,dc,p: 30% 55% 14%  2%
[libx264 @ 0x558fa85428c0] i8 v,h,dc,ddl,ddr,vr,hd,vl,hu: 21% 23% 45%  2%  0%  0%  0%  2%  6%
[libx264 @ 0x558fa85428c0] i4 v,h,dc,ddl,ddr,vr,hd,vl,hu: 36% 34% 20%  3%  0%  0%  0%  1%  5%
[libx264 @ 0x558fa85428c0] i8c dc,h,v,p: 47% 29% 22%  2%
[libx264 @ 0x558fa85428c0] Weighted P-Frames: Y:0.3% UV:0.2%
[libx264 @ 0x558fa85428c0] ref P L0: 66.1% 33.9%
[libx264 @ 0x558fa85428c0] ref B L0: 75.2% 24.8%
[libx264 @ 0x558fa85428c0] ref B L1: 87.6% 12.4%
[libx264 @ 0x558fa85428c0] kb/s:15065.79
[aac @ 0x558fa8568dc0] Qavg: 2442.849
EXIT 0
COMMAND ["ffprobe", "-v", "error", "-threads", "4", "-count_frames", "-show_streams", "-show_format", "-of", "json", "/home/rikki/Builds/eyesore-campaign-captures-2026-10-10/intake.mp4"]
STDOUT
{
    "streams": [
        {
            "index": 0,
            "codec_name": "h264",
            "codec_long_name": "H.264 / AVC / MPEG-4 AVC / MPEG-4 part 10",
            "profile": "High",
            "codec_type": "video",
            "codec_tag_string": "avc1",
            "codec_tag": "0x31637661",
            "mime_codec_string": "avc1.64001f",
            "width": 1280,
            "height": 720,
            "coded_width": 1280,
            "coded_height": 720,
            "has_b_frames": 2,
            "sample_aspect_ratio": "1:1",
            "display_aspect_ratio": "16:9",
            "pix_fmt": "yuvj420p",
            "level": 31,
            "color_range": "pc",
            "color_space": "bt470bg",
            "chroma_location": "left",
            "field_order": "progressive",
            "refs": 1,
            "is_avc": "true",
            "nal_length_size": "4",
            "id": "0x1",
            "r_frame_rate": "30/1",
            "avg_frame_rate": "30/1",
            "time_base": "1/15360",
            "start_pts": 0,
            "start_time": "0.000000",
            "duration_ts": 3341824,
            "duration": "217.566667",
            "bit_rate": "15065820",
            "bits_per_raw_sample": "8",
            "nb_frames": "6527",
            "nb_read_frames": "6527",
            "extradata_size": 49,
            "disposition": {
                "default": 1,
                "dub": 0,
                "original": 0,
                "comment": 0,
                "lyrics": 0,
                "karaoke": 0,
                "forced": 0,
                "hearing_impaired": 0,
                "visual_impaired": 0,
                "clean_effects": 0,
                "attached_pic": 0,
                "timed_thumbnails": 0,
                "non_diegetic": 0,
                "captions": 0,
                "descriptions": 0,
                "metadata": 0,
                "dependent": 0,
                "still_image": 0,
                "multilayer": 0
            },
            "tags": {
                "language": "und",
                "handler_name": "VideoHandler",
                "encoder": "Lavc63.1.102 libx264"
            }
        },
        {
            "index": 1,
            "codec_name": "aac",
            "codec_long_name": "AAC (Advanced Audio Coding)",
            "profile": "LC",
            "codec_type": "audio",
            "codec_tag_string": "mp4a",
            "codec_tag": "0x6134706d",
            "mime_codec_string": "mp4a.40.2",
            "sample_fmt": "fltp",
            "sample_rate": "48000",
            "channels": 2,
            "channel_layout": "stereo",
            "bits_per_sample": 0,
            "initial_padding": 1024,
            "id": "0x2",
            "r_frame_rate": "0/0",
            "avg_frame_rate": "0/0",
            "time_base": "1/48000",
            "start_pts": 0,
            "start_time": "0.000000",
            "duration_ts": 10443200,
            "duration": "217.566667",
            "bit_rate": "257324",
            "nb_frames": "10200",
            "nb_read_frames": "10199",
            "extradata_size": 5,
            "disposition": {
                "default": 1,
                "dub": 0,
                "original": 0,
                "comment": 0,
                "lyrics": 0,
                "karaoke": 0,
                "forced": 0,
                "hearing_impaired": 0,
                "visual_impaired": 0,
                "clean_effects": 0,
                "attached_pic": 0,
                "timed_thumbnails": 0,
                "non_diegetic": 0,
                "captions": 0,
                "descriptions": 0,
                "metadata": 0,
                "dependent": 0,
                "still_image": 0,
                "multilayer": 0
            },
            "tags": {
                "language": "und",
                "handler_name": "SoundHandler"
            }
        }
    ],
    "format": {
        "filename": "/home/rikki/Builds/eyesore-campaign-captures-2026-10-10/intake.mp4",
        "nb_streams": 2,
        "nb_programs": 0,
        "nb_stream_groups": 0,
        "format_name": "mov,mp4,m4a,3gp,3g2,mj2",
        "format_long_name": "QuickTime / MOV",
        "start_time": "0.000000",
        "duration": "217.566667",
        "size": "416966104",
        "bit_rate": "15331984",
        "probe_score": 100,
        "tags": {
            "major_brand": "isom",
            "minor_version": "512",
            "compatible_brands": "isomiso2avc1mp41",
            "encoder": "Lavf63.1.102"
        }
    }
}
EXIT 0
COMMAND ["ffmpeg", "-hide_banner", "-nostdin", "-v", "error", "-i", "/home/rikki/Builds/eyesore-campaign-captures-2026-10-10/intake.mp4", "-map", "0:a:0", "-vn", "-sn", "-dn", "-c:a", "pcm_f32le", "-f", "f32le", "pipe:1"]
CAMPAIGN_RECORDING_VERIFY_OK pale_ward_01
