Godot Engine v4.7.2.stable.official.ed1daf0bf - https://godotengine.org

[   0% ] [90m[1mfirst_scan_filesystem[22m | Started Project initialization (5 steps)[39m[0m
[   0% ] [90m[1mfirst_scan_filesystem[22m | Scanning file structure...[39m[0m
[  16% ] [90m[1mfirst_scan_filesystem[22m | Loading global class names...[39m[0m
[  33% ] [90m[1mfirst_scan_filesystem[22m | Verifying GDExtensions...[39m[0m
[  50% ] [90m[1mfirst_scan_filesystem[22m | Creating autoload scripts...[39m[0m
[  66% ] [90m[1mfirst_scan_filesystem[22m | Initializing plugins...[39m[0m
[  83% ] [90m[1mfirst_scan_filesystem[22m | Starting file scan...[39m[0m
[92m[ DONE ][39m [1mfirst_scan_filesystem[22m
[0m
[   0% ] [90m[1msavepack[22m | Started Packing (102 steps)[39m[0m
[   1% ] [90m[1msavepack[22m | Storing File: res://.godot/exported/133200997/export-d4e535e651c17c50de9fee6b3daf3d55-default_bus_layout.res[39m[0m
[  15% ] [90m[1msavepack[22m | Storing File: res://.godot/exported/133200997/export-b33d09d8380c5ba9cbce800ca268355c-calibration.scn[39m[0m
[  29% ] [90m[1msavepack[22m | Storing File: res://.godot/exported/133200997/export-3ad5c15c4f3250da0cc7c1af1770d85f-main.scn[39m[0m
[  42% ] [90m[1msavepack[22m | Storing File: res://scripts/enemy_definition.gdc[39m[0m
[  57% ] [90m[1msavepack[22m | Storing File: res://scripts/main.gdc[39m[0m
[  70% ] [90m[1msavepack[22m | Storing File: res://scripts/player.gdc[39m[0m
[  84% ] [90m[1msavepack[22m | Storing File: res://scripts/weapon_definition.gdc[39m[0m
[  84% ] [90m[1msavepack[22m | Storing File: res://resources/default_bus_layout.tres.remap[39m[0m
[  84% ] [90m[1msavepack[22m | Storing File: res://scenes/calibration.tscn.remap[39m[0m
[  84% ] [90m[1msavepack[22m | Storing File: res://scenes/main.tscn.remap[39m[0m
[  84% ] [90m[1msavepack[22m | Storing File: res://scripts/enemy_definition.gd.remap[39m[0m
[  84% ] [90m[1msavepack[22m | Storing File: res://scripts/main.gd.remap[39m[0m
[  84% ] [90m[1msavepack[22m | Storing File: res://scripts/player.gd.remap[39m[0m
[  84% ] [90m[1msavepack[22m | Storing File: res://scripts/weapon_definition.gd.remap[39m[0m
[  84% ] [90m[1msavepack[22m | Storing File: res://.godot/global_script_class_cache.cfg[39m[0m
[  84% ] [90m[1msavepack[22m | Storing File: res://.godot/uid_cache.bin[39m[0m
[  84% ] [90m[1msavepack[22m | Storing File: res://project.binary[39m[0m
[92m[ DONE ][39m [1msavepack[22m
[0m
