Godot Engine v4.7.2.stable.official.ed1daf0bf - https://godotengine.org

[   0% ] [90m[1mfirst_scan_filesystem[22m | Started Project initialization (5 steps)[39m[0m
[   0% ] [90m[1mfirst_scan_filesystem[22m | Scanning file structure...[39m[0m
[  16% ] [90m[1mfirst_scan_filesystem[22m | Loading global class names...[39m[0m
[  33% ] [90m[1mfirst_scan_filesystem[22m | Verifying GDExtensions...[39m[0m
[  50% ] [90m[1mfirst_scan_filesystem[22m | Creating autoload scripts...[39m[0m
[  66% ] [90m[1mfirst_scan_filesystem[22m | Initializing plugins...[39m[0m
[  83% ] [90m[1mfirst_scan_filesystem[22m | Starting file scan...[39m[0m
[92m[ DONE ][39m [1mfirst_scan_filesystem[22m
[0m
[   0% ] [90m[1msavepack[22m | Started Packing (102 steps)[39m[0m
[   1% ] [90m[1msavepack[22m | Storing File: res://.godot/imported/concrete.png-56aee7e69777ae61401b56d3ca180326.ctex[39m[0m
[   1% ] [90m[1msavepack[22m | Storing File: res://assets/materials/concrete.png.import[39m[0m
[  10% ] [90m[1msavepack[22m | Storing File: res://.godot/imported/floor.png-d7238b12b4a43b77e6cd2fc6aae4e5e9.ctex[39m[0m
[  10% ] [90m[1msavepack[22m | Storing File: res://assets/materials/floor.png.import[39m[0m
[  19% ] [90m[1msavepack[22m | Storing File: res://.godot/imported/grate.png-ec03fe0e81ded525aca47d50344234bf.ctex[39m[0m
[  19% ] [90m[1msavepack[22m | Storing File: res://assets/materials/grate.png.import[39m[0m
[  28% ] [90m[1msavepack[22m | Storing File: res://.godot/imported/steel.png-0dd47b97f0014c9610e42e948bcc941f.ctex[39m[0m
[  28% ] [90m[1msavepack[22m | Storing File: res://assets/materials/steel.png.import[39m[0m
[  36% ] [90m[1msavepack[22m | Storing File: res://.godot/exported/133200997/export-d4e535e651c17c50de9fee6b3daf3d55-default_bus_layout.res[39m[0m
[  45% ] [90m[1msavepack[22m | Storing File: res://.godot/exported/133200997/export-b33d09d8380c5ba9cbce800ca268355c-calibration.scn[39m[0m
[  54% ] [90m[1msavepack[22m | Storing File: res://.godot/exported/133200997/export-3ad5c15c4f3250da0cc7c1af1770d85f-main.scn[39m[0m
[  63% ] [90m[1msavepack[22m | Storing File: res://scripts/enemy_definition.gdc[39m[0m
[  71% ] [90m[1msavepack[22m | Storing File: res://scripts/main.gdc[39m[0m
[  80% ] [90m[1msavepack[22m | Storing File: res://scripts/player.gdc[39m[0m
[  89% ] [90m[1msavepack[22m | Storing File: res://scripts/weapon_definition.gdc[39m[0m
[  89% ] [90m[1msavepack[22m | Storing File: res://resources/default_bus_layout.tres.remap[39m[0m
[  89% ] [90m[1msavepack[22m | Storing File: res://scenes/calibration.tscn.remap[39m[0m
[  89% ] [90m[1msavepack[22m | Storing File: res://scenes/main.tscn.remap[39m[0m
[  89% ] [90m[1msavepack[22m | Storing File: res://scripts/enemy_definition.gd.remap[39m[0m
[  89% ] [90m[1msavepack[22m | Storing File: res://scripts/main.gd.remap[39m[0m
[  89% ] [90m[1msavepack[22m | Storing File: res://scripts/player.gd.remap[39m[0m
[  89% ] [90m[1msavepack[22m | Storing File: res://scripts/weapon_definition.gd.remap[39m[0m
[  89% ] [90m[1msavepack[22m | Storing File: res://.godot/global_script_class_cache.cfg[39m[0m
[  89% ] [90m[1msavepack[22m | Storing File: res://.godot/uid_cache.bin[39m[0m
[  89% ] [90m[1msavepack[22m | Storing File: res://project.binary[39m[0m
[92m[ DONE ][39m [1msavepack[22m
[0m
