Godot Engine v4.7.2.stable.official.ed1daf0bf - https://godotengine.org

[   0% ] [90m[1mfirst_scan_filesystem[22m | Started Project initialization (5 steps)[39m[0m
[   0% ] [90m[1mfirst_scan_filesystem[22m | Scanning file structure...[39m[0m
[  16% ] [90m[1mfirst_scan_filesystem[22m | Loading global class names...[39m[0m
[  33% ] [90m[1mfirst_scan_filesystem[22m | Verifying GDExtensions...[39m[0m
[  50% ] [90m[1mfirst_scan_filesystem[22m | Creating autoload scripts...[39m[0m
[  66% ] [90m[1mfirst_scan_filesystem[22m | Initializing plugins...[39m[0m
[  83% ] [90m[1mfirst_scan_filesystem[22m | Starting file scan...[39m[0m
[92m[ DONE ][39m [1mfirst_scan_filesystem[22m
[0m
[   0% ] [90m[1mupdate_scripts_classes[22m | Started Registering global classes... (3 steps)[39m[0m
[   0% ] [90m[1mupdate_scripts_classes[22m | [39m[0m
[  25% ] [90m[1mupdate_scripts_classes[22m | [39m[0m
[  50% ] [90m[1mupdate_scripts_classes[22m | [39m[0m
[92m[ DONE ][39m [1mupdate_scripts_classes[22m
[0m
[   0% ] [90m[1msavepack[22m | Started Packing (102 steps)[39m[0m
[   1% ] [90m[1msavepack[22m | Storing File: res://.godot/imported/empty.ogg-935d07e4fc6689de017a278108c4a050.oggvorbisstr[39m[0m
[   1% ] [90m[1msavepack[22m | Storing File: res://assets/audio/cues/empty.ogg.import[39m[0m
[   2% ] [90m[1msavepack[22m | Storing File: res://.godot/imported/melee_armor.ogg-620ccf5a4efcd68ff804573a7b74d4c1.oggvorbisstr[39m[0m
[   2% ] [90m[1msavepack[22m | Storing File: res://assets/audio/cues/melee_armor.ogg.import[39m[0m
[   3% ] [90m[1msavepack[22m | Storing File: res://.godot/imported/melee_flesh.ogg-54f964fd6c69b22284bea06a357c7642.oggvorbisstr[39m[0m
[   3% ] [90m[1msavepack[22m | Storing File: res://assets/audio/cues/melee_flesh.ogg.import[39m[0m
[   4% ] [90m[1msavepack[22m | Storing File: res://.godot/imported/melee_hard.ogg-943d39112416c949bd1aeb5e351f1f85.oggvorbisstr[39m[0m
[   4% ] [90m[1msavepack[22m | Storing File: res://assets/audio/cues/melee_hard.ogg.import[39m[0m
[   5% ] [90m[1msavepack[22m | Storing File: res://.godot/imported/melee_swing.ogg-3bbcd9ff2d34cbed991eae8afa8d33f9.oggvorbisstr[39m[0m
[   5% ] [90m[1msavepack[22m | Storing File: res://assets/audio/cues/melee_swing.ogg.import[39m[0m
[   6% ] [90m[1msavepack[22m | Storing File: res://.godot/imported/pistol_armor.ogg-bff91a852775c40818acb8a92b4f0321.oggvorbisstr[39m[0m
[   6% ] [90m[1msavepack[22m | Storing File: res://assets/audio/cues/pistol_armor.ogg.import[39m[0m
[   7% ] [90m[1msavepack[22m | Storing File: res://.godot/imported/pistol_fire.ogg-d04635231487df8471782eae4abfa118.oggvorbisstr[39m[0m
[   7% ] [90m[1msavepack[22m | Storing File: res://assets/audio/cues/pistol_fire.ogg.import[39m[0m
[   8% ] [90m[1msavepack[22m | Storing File: res://.godot/imported/pistol_flesh.ogg-978e5d009b5c30dfa2921e206555187d.oggvorbisstr[39m[0m
[   8% ] [90m[1msavepack[22m | Storing File: res://assets/audio/cues/pistol_flesh.ogg.import[39m[0m
[   9% ] [90m[1msavepack[22m | Storing File: res://.godot/imported/pistol_hard.ogg-25649c9224364f9b39c76c19a94442ca.oggvorbisstr[39m[0m
[   9% ] [90m[1msavepack[22m | Storing File: res://assets/audio/cues/pistol_hard.ogg.import[39m[0m
[  10% ] [90m[1msavepack[22m | Storing File: res://.godot/imported/player_hurt.ogg-e98223737acfa1adaafccb1913eddab8.oggvorbisstr[39m[0m
[  10% ] [90m[1msavepack[22m | Storing File: res://assets/audio/cues/player_hurt.ogg.import[39m[0m
[  11% ] [90m[1msavepack[22m | Storing File: res://.godot/imported/projectile_hard.ogg-52fd29acc0a73d6f588ffd1308278b28.oggvorbisstr[39m[0m
[  11% ] [90m[1msavepack[22m | Storing File: res://assets/audio/cues/projectile_hard.ogg.import[39m[0m
[  13% ] [90m[1msavepack[22m | Storing File: res://.godot/imported/projectile_impact.ogg-6c04f504667fbe87f4afa63c51712ecf.oggvorbisstr[39m[0m
[  13% ] [90m[1msavepack[22m | Storing File: res://assets/audio/cues/projectile_impact.ogg.import[39m[0m
[  14% ] [90m[1msavepack[22m | Storing File: res://.godot/imported/projectile_release.ogg-b125780676afd8df578417ad80d70d78.oggvorbisstr[39m[0m
[  14% ] [90m[1msavepack[22m | Storing File: res://assets/audio/cues/projectile_release.ogg.import[39m[0m
[  15% ] [90m[1msavepack[22m | Storing File: res://.godot/imported/shotgun_armor.ogg-6683668321cbfdce605598180213fdfb.oggvorbisstr[39m[0m
[  15% ] [90m[1msavepack[22m | Storing File: res://assets/audio/cues/shotgun_armor.ogg.import[39m[0m
[  16% ] [90m[1msavepack[22m | Storing File: res://.godot/imported/shotgun_fire.ogg-9c378707be54345831f9ee2adc5226a8.oggvorbisstr[39m[0m
[  16% ] [90m[1msavepack[22m | Storing File: res://assets/audio/cues/shotgun_fire.ogg.import[39m[0m
[  17% ] [90m[1msavepack[22m | Storing File: res://.godot/imported/shotgun_flesh.ogg-225fd3be8399063530a0c8800a688b57.oggvorbisstr[39m[0m
[  17% ] [90m[1msavepack[22m | Storing File: res://assets/audio/cues/shotgun_flesh.ogg.import[39m[0m
[  18% ] [90m[1msavepack[22m | Storing File: res://.godot/imported/shotgun_hard.ogg-dc0efbd68eede8486e366cf3de8f156d.oggvorbisstr[39m[0m
[  18% ] [90m[1msavepack[22m | Storing File: res://assets/audio/cues/shotgun_hard.ogg.import[39m[0m
[  19% ] [90m[1msavepack[22m | Storing File: res://.godot/imported/unsealed_attack_warning.ogg-c5ba1657eedede2c656e3b6c3825e742.oggvorbisstr[39m[0m
[  19% ] [90m[1msavepack[22m | Storing File: res://assets/audio/cues/unsealed_attack_warning.ogg.import[39m[0m
[  20% ] [90m[1msavepack[22m | Storing File: res://.godot/imported/unsealed_death.ogg-184a70b51bd12f74e85e138415ddc220.oggvorbisstr[39m[0m
[  20% ] [90m[1msavepack[22m | Storing File: res://assets/audio/cues/unsealed_death.ogg.import[39m[0m
[  21% ] [90m[1msavepack[22m | Storing File: res://.godot/imported/unsealed_death.wav-c8b529ac721910c9df3fa0248a95b59a.sample[39m[0m
[  21% ] [90m[1msavepack[22m | Storing File: res://assets/audio/cues/unsealed_death.wav.import[39m[0m
[  22% ] [90m[1msavepack[22m | Storing File: res://.godot/imported/unsealed_hurt.ogg-0d767ed7fbd5af9dd9763ac8d39bd7ba.oggvorbisstr[39m[0m
[  22% ] [90m[1msavepack[22m | Storing File: res://assets/audio/cues/unsealed_hurt.ogg.import[39m[0m
[  24% ] [90m[1msavepack[22m | Storing File: res://.godot/imported/vessel_attack_warning.ogg-5878d66c5cb1e662186f066e54e4506f.oggvorbisstr[39m[0m
[  24% ] [90m[1msavepack[22m | Storing File: res://assets/audio/cues/vessel_attack_warning.ogg.import[39m[0m
[  25% ] [90m[1msavepack[22m | Storing File: res://.godot/imported/vessel_death.ogg-c785c7ac6b48f76e87ed6e4c9814a945.oggvorbisstr[39m[0m
[  25% ] [90m[1msavepack[22m | Storing File: res://assets/audio/cues/vessel_death.ogg.import[39m[0m
[  26% ] [90m[1msavepack[22m | Storing File: res://.godot/imported/vessel_death.wav-6651ae0f2d23adfd8bb5d1b151bcd040.sample[39m[0m
[  26% ] [90m[1msavepack[22m | Storing File: res://assets/audio/cues/vessel_death.wav.import[39m[0m
[  27% ] [90m[1msavepack[22m | Storing File: res://.godot/imported/vessel_hurt.ogg-c0edd7536457569cd9f81607c0882ada.oggvorbisstr[39m[0m
[  27% ] [90m[1msavepack[22m | Storing File: res://assets/audio/cues/vessel_hurt.ogg.import[39m[0m
[  28% ] [90m[1msavepack[22m | Storing File: res://.godot/imported/level_music_biotech_candidate.ogg-eeb33737ec30c88fa60860ad043f3a14.oggvorbisstr[39m[0m
[  28% ] [90m[1msavepack[22m | Storing File: res://assets/audio/music/level_music_biotech_candidate.ogg.import[39m[0m
[  29% ] [90m[1msavepack[22m | Storing File: res://.godot/imported/level_music_fortress_candidate.ogg-4ab2aca28c6673c7aa37171464f5197f.oggvorbisstr[39m[0m
[  29% ] [90m[1msavepack[22m | Storing File: res://assets/audio/music/level_music_fortress_candidate.ogg.import[39m[0m
[  30% ] [90m[1msavepack[22m | Storing File: res://.godot/imported/menu_abelian.ogg-57be080bb96bea3baeddafd14188f340.oggvorbisstr[39m[0m
[  30% ] [90m[1msavepack[22m | Storing File: res://assets/audio/music/menu_abelian.ogg.import[39m[0m
[  31% ] [90m[1msavepack[22m | Storing File: res://assets/audio/runtime-cues.json[39m[0m
[  32% ] [90m[1msavepack[22m | Storing File: res://.godot/imported/unsealed-atlas.png-7307fae8031de83a9a51678cf947b992.ctex[39m[0m
[  32% ] [90m[1msavepack[22m | Storing File: res://assets/enemies/board-sprites/unsealed-atlas.png.import[39m[0m
[  33% ] [90m[1msavepack[22m | Storing File: res://.godot/imported/vessel-atlas.png-a6e898a8ebc8e73d7f47ae77f685cf59.ctex[39m[0m
[  33% ] [90m[1msavepack[22m | Storing File: res://assets/enemies/board-sprites/vessel-atlas.png.import[39m[0m
[  34% ] [90m[1msavepack[22m | Storing File: res://.godot/imported/ward-infestation.png-eae32809489a11cdb5b0f44b01708411.ctex[39m[0m
[  34% ] [90m[1msavepack[22m | Storing File: res://assets/environment/ward-infestation.png.import[39m[0m
[  35% ] [90m[1msavepack[22m | Storing File: res://.godot/imported/concrete.png-56aee7e69777ae61401b56d3ca180326.ctex[39m[0m
[  35% ] [90m[1msavepack[22m | Storing File: res://assets/materials/concrete.png.import[39m[0m
[  36% ] [90m[1msavepack[22m | Storing File: res://.godot/imported/floor.png-d7238b12b4a43b77e6cd2fc6aae4e5e9.ctex[39m[0m
[  36% ] [90m[1msavepack[22m | Storing File: res://assets/materials/floor.png.import[39m[0m
[  37% ] [90m[1msavepack[22m | Storing File: res://.godot/imported/grate.png-ec03fe0e81ded525aca47d50344234bf.ctex[39m[0m
[  37% ] [90m[1msavepack[22m | Storing File: res://assets/materials/grate.png.import[39m[0m
[  38% ] [90m[1msavepack[22m | Storing File: res://.godot/imported/steel.png-0dd47b97f0014c9610e42e948bcc941f.ctex[39m[0m
[  38% ] [90m[1msavepack[22m | Storing File: res://assets/materials/steel.png.import[39m[0m
[  39% ] [90m[1msavepack[22m | Storing File: res://.godot/imported/ward-ceramic.png-d7ad0f22441c305b8148d57a369b5cdf.ctex[39m[0m
[  39% ] [90m[1msavepack[22m | Storing File: res://assets/materials/ward-ceramic.png.import[39m[0m
[  40% ] [90m[1msavepack[22m | Storing File: res://.godot/imported/ward-floor.png-ed80bddee90fa9e13bdaa1d78132bfb3.ctex[39m[0m
[  40% ] [90m[1msavepack[22m | Storing File: res://assets/materials/ward-floor.png.import[39m[0m
[  41% ] [90m[1msavepack[22m | Storing File: res://.godot/imported/ward-grate.png-afb99d79f7d5debfc7b870378450f0ed.ctex[39m[0m
[  41% ] [90m[1msavepack[22m | Storing File: res://assets/materials/ward-grate.png.import[39m[0m
[  42% ] [90m[1msavepack[22m | Storing File: res://.godot/imported/ward-steel.png-138c1f7daf38fa9ceaea23e5e2d768b6.ctex[39m[0m
[  42% ] [90m[1msavepack[22m | Storing File: res://assets/materials/ward-steel.png.import[39m[0m
[  43% ] [90m[1msavepack[22m | Storing File: res://.godot/imported/pale-ward-title.png-1b66c7782301b7fd192042e771f31a98.ctex[39m[0m
[  43% ] [90m[1msavepack[22m | Storing File: res://assets/ui/pale-ward-title.png.import[39m[0m
[  45% ] [90m[1msavepack[22m | Storing File: res://.godot/imported/melee-atlas.png-a3182adf536b97107e8c14a4306a49dc.ctex[39m[0m
[  45% ] [90m[1msavepack[22m | Storing File: res://assets/weapons/board-sprites/melee-atlas.png.import[39m[0m
[  46% ] [90m[1msavepack[22m | Storing File: res://.godot/imported/pistol-atlas.png-fd6de56e3a5b92c55bfff5422fa94028.ctex[39m[0m
[  46% ] [90m[1msavepack[22m | Storing File: res://assets/weapons/board-sprites/pistol-atlas.png.import[39m[0m
[  47% ] [90m[1msavepack[22m | Storing File: res://.godot/imported/shotgun-atlas.png-ab1f3b67a6d7b0e2bb2c15302ec397fb.ctex[39m[0m
[  47% ] [90m[1msavepack[22m | Storing File: res://assets/weapons/board-sprites/shotgun-atlas.png.import[39m[0m
[  48% ] [90m[1msavepack[22m | Storing File: res://.godot/imported/fire.png-634e631300a97d9bda0a6633df5af2d4.ctex[39m[0m
[  48% ] [90m[1msavepack[22m | Storing File: res://assets/weapons/melee/fire.png.import[39m[0m
[  49% ] [90m[1msavepack[22m | Storing File: res://.godot/imported/idle.png-8885ea05aa83ba06be502861a5a81bcb.ctex[39m[0m
[  49% ] [90m[1msavepack[22m | Storing File: res://assets/weapons/melee/idle.png.import[39m[0m
[  50% ] [90m[1msavepack[22m | Storing File: res://.godot/imported/recover.png-92d3238d6a580affe67affcb66870f2c.ctex[39m[0m
[  50% ] [90m[1msavepack[22m | Storing File: res://assets/weapons/melee/recover.png.import[39m[0m
[  51% ] [90m[1msavepack[22m | Storing File: res://.godot/imported/switch.png-0f0430bccbe58c1c1fd6bd93cc994670.ctex[39m[0m
[  51% ] [90m[1msavepack[22m | Storing File: res://assets/weapons/melee/switch.png.import[39m[0m
[  52% ] [90m[1msavepack[22m | Storing File: res://.godot/imported/fire.png-8b9ec5a1c93097bc048e9075f7041825.ctex[39m[0m
[  52% ] [90m[1msavepack[22m | Storing File: res://assets/weapons/pistol/fire.png.import[39m[0m
[  53% ] [90m[1msavepack[22m | Storing File: res://.godot/imported/idle.png-220b03e2147cc94fc815cb89fea6a5de.ctex[39m[0m
[  53% ] [90m[1msavepack[22m | Storing File: res://assets/weapons/pistol/idle.png.import[39m[0m
[  54% ] [90m[1msavepack[22m | Storing File: res://.godot/imported/recover.png-0e21d9dbe2dcbf6da77563211c53e127.ctex[39m[0m
[  54% ] [90m[1msavepack[22m | Storing File: res://assets/weapons/pistol/recover.png.import[39m[0m
[  56% ] [90m[1msavepack[22m | Storing File: res://.godot/imported/switch.png-55ec8eba62201aa70168f3ad3fd98f74.ctex[39m[0m
[  56% ] [90m[1msavepack[22m | Storing File: res://assets/weapons/pistol/switch.png.import[39m[0m
[  57% ] [90m[1msavepack[22m | Storing File: res://.godot/imported/fire.png-88ea3d9a5467bd60e2bc4bcd6d1b163f.ctex[39m[0m
[  57% ] [90m[1msavepack[22m | Storing File: res://assets/weapons/shotgun/fire.png.import[39m[0m
[  58% ] [90m[1msavepack[22m | Storing File: res://.godot/imported/idle.png-b7d1d2c684841f992c6bbda334128ffe.ctex[39m[0m
[  58% ] [90m[1msavepack[22m | Storing File: res://assets/weapons/shotgun/idle.png.import[39m[0m
[  59% ] [90m[1msavepack[22m | Storing File: res://.godot/imported/recover.png-4dd1e85227fb439e7a6cc45aab664ad2.ctex[39m[0m
[  59% ] [90m[1msavepack[22m | Storing File: res://assets/weapons/shotgun/recover.png.import[39m[0m
[  60% ] [90m[1msavepack[22m | Storing File: res://.godot/imported/switch.png-1d1081955b67fb38559c1880ac23bd88.ctex[39m[0m
[  60% ] [90m[1msavepack[22m | Storing File: res://assets/weapons/shotgun/switch.png.import[39m[0m
[  61% ] [90m[1msavepack[22m | Storing File: res://.godot/imported/flash.png-0884a465d45ff5edbd4424ffa1e409c7.ctex[39m[0m
[  61% ] [90m[1msavepack[22m | Storing File: res://assets/weapons/flash.png.import[39m[0m
[  62% ] [90m[1msavepack[22m | Storing File: res://assets/combat_art.json[39m[0m
[  63% ] [90m[1msavepack[22m | Storing File: res://.godot/exported/133200997/export-c1c506260d54028b674bcd40541f7f66-unsealed.res[39m[0m
[  64% ] [90m[1msavepack[22m | Storing File: res://.godot/exported/133200997/export-d19267a4325a62c7635218059901f2cd-vessel.res[39m[0m
[  65% ] [90m[1msavepack[22m | Storing File: res://.godot/exported/133200997/export-f626dfe7b73d02794c418ac00539833e-melee.res[39m[0m
[  66% ] [90m[1msavepack[22m | Storing File: res://.godot/exported/133200997/export-8c74c786aa6f5677acb63f4b34e33b59-pistol.res[39m[0m
[  67% ] [90m[1msavepack[22m | Storing File: res://.godot/exported/133200997/export-b4f9e87e5a83c4607832f235dae6409b-shotgun.res[39m[0m
[  68% ] [90m[1msavepack[22m | Storing File: res://.godot/exported/133200997/export-292ab211d9ba9fb1623d542257c714c5-combat_audio.res[39m[0m
[  69% ] [90m[1msavepack[22m | Storing File: res://.godot/exported/133200997/export-d4e535e651c17c50de9fee6b3daf3d55-default_bus_layout.res[39m[0m
[  70% ] [90m[1msavepack[22m | Storing File: res://.godot/exported/133200997/export-b39a7e3d06249e86d95f738c84ac1783-service_ramp_mesh.res[39m[0m
[  71% ] [90m[1msavepack[22m | Storing File: res://.godot/exported/133200997/export-b3107be78fd23dc1851526ddcd41a268-ward_ramp_mesh.res[39m[0m
[  72% ] [90m[1msavepack[22m | Storing File: res://.godot/exported/133200997/export-b33d09d8380c5ba9cbce800ca268355c-calibration.scn[39m[0m
[  73% ] [90m[1msavepack[22m | Storing File: res://.godot/exported/133200997/export-59370379e63a2acfb64051fd5faf113b-combat_enemy.scn[39m[0m
[  74% ] [90m[1msavepack[22m | Storing File: res://.godot/exported/133200997/export-608cf5304bf66fded7f218fa197b75fd-combat_projectile.scn[39m[0m
[  75% ] [90m[1msavepack[22m | Storing File: res://.godot/exported/133200997/export-d02232320acaa639160c46b777eb72c0-creature_rig.scn[39m[0m
[  77% ] [90m[1msavepack[22m | Storing File: res://.godot/exported/133200997/export-3ad5c15c4f3250da0cc7c1af1770d85f-main.scn[39m[0m
[  78% ] [90m[1msavepack[22m | Storing File: res://.godot/exported/133200997/export-777115e25ad9efccf56b477402bab2b3-pale_ward.scn[39m[0m
[  79% ] [90m[1msavepack[22m | Storing File: res://scripts/combat.gdc[39m[0m
[  80% ] [90m[1msavepack[22m | Storing File: res://scripts/combat_audio.gdc[39m[0m
[  81% ] [90m[1msavepack[22m | Storing File: res://scripts/combat_audio_profile.gdc[39m[0m
[  82% ] [90m[1msavepack[22m | Storing File: res://scripts/combat_cue.gdc[39m[0m
[  83% ] [90m[1msavepack[22m | Storing File: res://scripts/combat_enemy.gdc[39m[0m
[  84% ] [90m[1msavepack[22m | Storing File: res://scripts/combat_projectile.gdc[39m[0m
[  85% ] [90m[1msavepack[22m | Storing File: res://scripts/creature_rig.gdc[39m[0m
[  86% ] [90m[1msavepack[22m | Storing File: res://scripts/crosshair.gdc[39m[0m
[  88% ] [90m[1msavepack[22m | Storing File: res://scripts/enemy_definition.gdc[39m[0m
[  89% ] [90m[1msavepack[22m | Storing File: res://scripts/grounded_step.gdc[39m[0m
[  90% ] [90m[1msavepack[22m | Storing File: res://scripts/main.gdc[39m[0m
[  91% ] [90m[1msavepack[22m | Storing File: res://scripts/pale_ward_level.gdc[39m[0m
[  92% ] [90m[1msavepack[22m | Storing File: res://scripts/player.gdc[39m[0m
[  93% ] [90m[1msavepack[22m | Storing File: res://scripts/sprite_hurt_geometry.gdc[39m[0m
[  94% ] [90m[1msavepack[22m | Storing File: res://scripts/ward_automap.gdc[39m[0m
[  95% ] [90m[1msavepack[22m | Storing File: res://scripts/ward_door.gdc[39m[0m
[  96% ] [90m[1msavepack[22m | Storing File: res://scripts/ward_lift.gdc[39m[0m
[  97% ] [90m[1msavepack[22m | Storing File: res://scripts/weapon_definition.gdc[39m[0m
[  97% ] [90m[1msavepack[22m | Storing File: res://resources/enemies/unsealed.tres.remap[39m[0m
[  97% ] [90m[1msavepack[22m | Storing File: res://resources/enemies/vessel.tres.remap[39m[0m
[  97% ] [90m[1msavepack[22m | Storing File: res://resources/weapons/melee.tres.remap[39m[0m
[  97% ] [90m[1msavepack[22m | Storing File: res://resources/weapons/pistol.tres.remap[39m[0m
[  97% ] [90m[1msavepack[22m | Storing File: res://resources/weapons/shotgun.tres.remap[39m[0m
[  97% ] [90m[1msavepack[22m | Storing File: res://resources/combat_audio.tres.remap[39m[0m
[  97% ] [90m[1msavepack[22m | Storing File: res://resources/default_bus_layout.tres.remap[39m[0m
[  97% ] [90m[1msavepack[22m | Storing File: res://resources/service_ramp_mesh.tres.remap[39m[0m
[  97% ] [90m[1msavepack[22m | Storing File: res://resources/ward_ramp_mesh.tres.remap[39m[0m
[  97% ] [90m[1msavepack[22m | Storing File: res://scenes/calibration.tscn.remap[39m[0m
[  97% ] [90m[1msavepack[22m | Storing File: res://scenes/combat_enemy.tscn.remap[39m[0m
[  97% ] [90m[1msavepack[22m | Storing File: res://scenes/combat_projectile.tscn.remap[39m[0m
[  97% ] [90m[1msavepack[22m | Storing File: res://scenes/creature_rig.tscn.remap[39m[0m
[  97% ] [90m[1msavepack[22m | Storing File: res://scenes/main.tscn.remap[39m[0m
[  97% ] [90m[1msavepack[22m | Storing File: res://scenes/pale_ward.tscn.remap[39m[0m
[  97% ] [90m[1msavepack[22m | Storing File: res://scripts/combat.gd.remap[39m[0m
[  97% ] [90m[1msavepack[22m | Storing File: res://scripts/combat_audio.gd.remap[39m[0m
[  97% ] [90m[1msavepack[22m | Storing File: res://scripts/combat_audio_profile.gd.remap[39m[0m
[  97% ] [90m[1msavepack[22m | Storing File: res://scripts/combat_cue.gd.remap[39m[0m
[  97% ] [90m[1msavepack[22m | Storing File: res://scripts/combat_enemy.gd.remap[39m[0m
[  97% ] [90m[1msavepack[22m | Storing File: res://scripts/combat_projectile.gd.remap[39m[0m
[  97% ] [90m[1msavepack[22m | Storing File: res://scripts/creature_rig.gd.remap[39m[0m
[  97% ] [90m[1msavepack[22m | Storing File: res://scripts/crosshair.gd.remap[39m[0m
[  97% ] [90m[1msavepack[22m | Storing File: res://scripts/enemy_definition.gd.remap[39m[0m
[  97% ] [90m[1msavepack[22m | Storing File: res://scripts/grounded_step.gd.remap[39m[0m
[  97% ] [90m[1msavepack[22m | Storing File: res://scripts/main.gd.remap[39m[0m
[  97% ] [90m[1msavepack[22m | Storing File: res://scripts/pale_ward_level.gd.remap[39m[0m
[  97% ] [90m[1msavepack[22m | Storing File: res://scripts/player.gd.remap[39m[0m
[  97% ] [90m[1msavepack[22m | Storing File: res://scripts/sprite_hurt_geometry.gd.remap[39m[0m
[  97% ] [90m[1msavepack[22m | Storing File: res://scripts/ward_automap.gd.remap[39m[0m
[  97% ] [90m[1msavepack[22m | Storing File: res://scripts/ward_door.gd.remap[39m[0m
[  97% ] [90m[1msavepack[22m | Storing File: res://scripts/ward_lift.gd.remap[39m[0m
[  97% ] [90m[1msavepack[22m | Storing File: res://scripts/weapon_definition.gd.remap[39m[0m
[  97% ] [90m[1msavepack[22m | Storing File: res://.godot/global_script_class_cache.cfg[39m[0m
[  97% ] [90m[1msavepack[22m | Storing File: res://.godot/uid_cache.bin[39m[0m
[  97% ] [90m[1msavepack[22m | Storing File: res://project.binary[39m[0m
[92m[ DONE ][39m [1msavepack[22m
[0m
