WorkerThreadPool: 12 threads, 3 max low-priority.
Godot Engine v4.7.2.stable.official.ed1daf0bf - https://godotengine.org
TextServer: Added interface "Dummy"
TextServer: Added interface "ICU / HarfBuzz / Graphite (Built-in)"
SDL: Init OK!
Accessibility: AccessKit driver loaded.
Xshape 1.1 detected.
Xinerama 1.1 detected.
Xrandr 1.6 detected.
Xrender 0.11 detected.
Xinput 2.2 detected.
XInput: Refreshing devices.
XInput: Absolute pointing device: xwayland-pointer:11
XInput: No touch devices found.
Input method started.
Detecting GPUs, set DRI_PRIME in the environment to override GPU detection logic.
Only one GPU found, using default.
Accessibility: window 0 adapter created.
DBus 1.16.2 detected.
FreeDesktopScreenSaver: Acquired screensaver inhibition cookie: 6077
Using "default" pen tablet driver...
Shader 'CanvasSdfShaderGLES3' SHA256: 46f6b706ccaf0ac694d9d5498b185c957418493c994dad1e65df280638da3945
Shader 'SkeletonShaderGLES3' SHA256: f2ffe9adc8cfdead8c9b03b1f22c71bcac7f71441fa3bdfd32b8d68511108a27
Shader 'ParticlesShaderGLES3' SHA256: 77e306f0fde96f454df572442e5e01ec328e5036a3a89cfbfcfc0f7be84f7d91
Shader 'ParticlesCopyShaderGLES3' SHA256: e426131315c7ede9c8cfe881923858809c4f6b18dbba64bf3c147ed4ad27b1c6
Shader 'CopyShaderGLES3' SHA256: ca9068369f2fb531823add042b3c1368bfde1365a369174768250a927f742f98
Shader 'CubemapFilterShaderGLES3' SHA256: 982def54e75d8b97ccaa19eafa09c1730e7f3e019a69e394a2d63568dbba9f6d
Shader 'GlowShaderGLES3' SHA256: 03168cc97c5d22e212de95ccabb21f92a6f3167ccf6b6027082499ac9cf613e9
Shader 'PostShaderGLES3' SHA256: 880a3843e514a053d002172943a1460e65fb22b58cd9c2eaedeacbfc55a4644d
Shader 'FeedShaderGLES3' SHA256: 5cfbc047d26aca87df8d7b41a683d40bda2bbbcb572e3054781d61b0c7e1c75c
Shader 'CanvasShaderGLES3' SHA256: 509129afd411004462152c5eb7e1e82388e529b8c174fd726f9103a1c6065da8
Shader 'CanvasOcclusionShaderGLES3' SHA256: 2676ee7130a1e1c3947feb04b034aacd8ca7de70e3fe0c41fb2442a72542f38d
Shader 'SceneShaderGLES3' SHA256: 7a8d5c52a851e7c0d2e78d49daae9fbed292a8816f3cdbb20fad888f2150dab5
Shader 'SkyShaderGLES3' SHA256: e09c21e1b33a35481e6fba50fc442a0d97250f3a115022ce6d6a7d9cf6fa4f8a
Shader 'TexBlitShaderGLES3' SHA256: 50b78ae4f6c36bf70dbf6badc879f00460f4b7864a102da34424cd3a1dbba3ea
OpenGL API 3.3.0 NVIDIA 615.71.09 - Compatibility - Using Device: NVIDIA - NVIDIA GeForce RTX 3060 Ti
PulseAudio 17.0.0 detected.
PulseAudio: context other
PulseAudio: context other
PulseAudio: context other
PulseAudio: context ready
PulseAudio: Detecting channels for device: alsa_output.pci-0000_00_1f.3.analog-stereo
PulseAudio: detected 2 output channels
PulseAudio: audio buffer frames: 512 calculated output latency: 11ms

TextServer: Primary interface set to: "ICU / HarfBuzz / Graphite (Built-in)".
Loading resource: res://resources/default_bus_layout.tres remapped: res://resources/default_bus_layout.tres
Completed load for: 'res://resources/default_bus_layout.tres' remapped 'res://resources/default_bus_layout.tres' at thread -1
CORE API HASH: 2004498165
EDITOR API HASH: 1696660745
Loading resource: res://tools/check_sound_scene.gd remapped: res://tools/check_sound_scene.gd
Loading resource: res://scenes/main.tscn remapped: res://scenes/main.tscn
Loading resource: res://scripts/main.gd remapped: res://scripts/main.gd
Loading resource: res://scenes/calibration.tscn remapped: res://scenes/calibration.tscn
Loading resource: res://scripts/player.gd remapped: res://scripts/player.gd
Completed load for: 'res://scripts/player.gd' remapped 'res://scripts/player.gd' at thread -1
Loading resource: res://assets/materials/concrete.png remapped: res://assets/materials/concrete.png
Loading resource: res://.godot/imported/concrete.png-56aee7e69777ae61401b56d3ca180326.ctex remapped: res://.godot/imported/concrete.png-56aee7e69777ae61401b56d3ca180326.ctex
Completed load for: 'res://assets/materials/concrete.png' remapped 'res://assets/materials/concrete.png' at thread -1
Loading resource: res://assets/materials/steel.png remapped: res://assets/materials/steel.png
Loading resource: res://.godot/imported/steel.png-0dd47b97f0014c9610e42e948bcc941f.ctex remapped: res://.godot/imported/steel.png-0dd47b97f0014c9610e42e948bcc941f.ctex
Completed load for: 'res://assets/materials/steel.png' remapped 'res://assets/materials/steel.png' at thread -1
Loading resource: res://assets/materials/floor.png remapped: res://assets/materials/floor.png
Loading resource: res://.godot/imported/floor.png-d7238b12b4a43b77e6cd2fc6aae4e5e9.ctex remapped: res://.godot/imported/floor.png-d7238b12b4a43b77e6cd2fc6aae4e5e9.ctex
Completed load for: 'res://assets/materials/floor.png' remapped 'res://assets/materials/floor.png' at thread -1
Loading resource: res://assets/materials/grate.png remapped: res://assets/materials/grate.png
Loading resource: res://.godot/imported/grate.png-ec03fe0e81ded525aca47d50344234bf.ctex remapped: res://.godot/imported/grate.png-ec03fe0e81ded525aca47d50344234bf.ctex
Completed load for: 'res://assets/materials/grate.png' remapped 'res://assets/materials/grate.png' at thread -1
Completed load for: 'res://scenes/calibration.tscn' remapped 'res://scenes/calibration.tscn' at thread -1
Completed load for: 'res://scripts/main.gd' remapped 'res://scripts/main.gd' at thread -1
Completed load for: 'res://scenes/main.tscn' remapped 'res://scenes/main.tscn' at thread -1
Completed load for: 'res://tools/check_sound_scene.gd' remapped 'res://tools/check_sound_scene.gd' at thread -1
SceneTreeFTI: traversal method DEFAULT
Loaded system CA certificates
PulseAudio: Detecting channels for device: eyesore_review
PulseAudio: detected 2 output channels
PulseAudio: audio buffer frames: 512 calculated output latency: 11ms
Loading resource: res://scripts/combat.gd remapped: res://scripts/combat.gd
Loading resource: res://scenes/combat_enemy.tscn remapped: res://scenes/combat_enemy.tscn
Loading resource: res://scripts/combat_enemy.gd remapped: res://scripts/combat_enemy.gd
Completed load for: 'res://scripts/combat_enemy.gd' remapped 'res://scripts/combat_enemy.gd' at thread -1
Completed load for: 'res://scenes/combat_enemy.tscn' remapped 'res://scenes/combat_enemy.tscn' at thread -1
Loading resource: res://scenes/combat_projectile.tscn remapped: res://scenes/combat_projectile.tscn
Loading resource: res://scripts/combat_projectile.gd remapped: res://scripts/combat_projectile.gd
Completed load for: 'res://scripts/combat_projectile.gd' remapped 'res://scripts/combat_projectile.gd' at thread -1
Completed load for: 'res://scenes/combat_projectile.tscn' remapped 'res://scenes/combat_projectile.tscn' at thread -1
Completed load for: 'res://scripts/combat.gd' remapped 'res://scripts/combat.gd' at thread -1
Loading resource: res://resources/weapons/pistol.tres remapped: res://resources/weapons/pistol.tres
Completed load for: 'res://resources/weapons/pistol.tres' remapped 'res://resources/weapons/pistol.tres' at thread -1
Loading resource: res://resources/weapons/shotgun.tres remapped: res://resources/weapons/shotgun.tres
Completed load for: 'res://resources/weapons/shotgun.tres' remapped 'res://resources/weapons/shotgun.tres' at thread -1
Loading resource: res://resources/weapons/melee.tres remapped: res://resources/weapons/melee.tres
Completed load for: 'res://resources/weapons/melee.tres' remapped 'res://resources/weapons/melee.tres' at thread -1
Loading resource: res://resources/enemies/unsealed.tres remapped: res://resources/enemies/unsealed.tres
Completed load for: 'res://resources/enemies/unsealed.tres' remapped 'res://resources/enemies/unsealed.tres' at thread -1
Loading resource: res://resources/enemies/vessel.tres remapped: res://resources/enemies/vessel.tres
Completed load for: 'res://resources/enemies/vessel.tres' remapped 'res://resources/enemies/vessel.tres' at thread -1
Loading resource: res://resources/combat_audio.tres remapped: res://resources/combat_audio.tres
Loading resource: res://assets/audio/cues/pistol_fire.ogg remapped: res://assets/audio/cues/pistol_fire.ogg
Loading resource: res://.godot/imported/pistol_fire.ogg-d04635231487df8471782eae4abfa118.oggvorbisstr remapped: res://.godot/imported/pistol_fire.ogg-d04635231487df8471782eae4abfa118.oggvorbisstr
Completed load for: 'res://assets/audio/cues/pistol_fire.ogg' remapped 'res://assets/audio/cues/pistol_fire.ogg' at thread -1
Loading resource: res://assets/audio/cues/shotgun_fire.ogg remapped: res://assets/audio/cues/shotgun_fire.ogg
Loading resource: res://.godot/imported/shotgun_fire.ogg-9c378707be54345831f9ee2adc5226a8.oggvorbisstr remapped: res://.godot/imported/shotgun_fire.ogg-9c378707be54345831f9ee2adc5226a8.oggvorbisstr
Completed load for: 'res://assets/audio/cues/shotgun_fire.ogg' remapped 'res://assets/audio/cues/shotgun_fire.ogg' at thread -1
Loading resource: res://assets/audio/cues/melee_swing.ogg remapped: res://assets/audio/cues/melee_swing.ogg
Loading resource: res://.godot/imported/melee_swing.ogg-3bbcd9ff2d34cbed991eae8afa8d33f9.oggvorbisstr remapped: res://.godot/imported/melee_swing.ogg-3bbcd9ff2d34cbed991eae8afa8d33f9.oggvorbisstr
Completed load for: 'res://assets/audio/cues/melee_swing.ogg' remapped 'res://assets/audio/cues/melee_swing.ogg' at thread -1
Loading resource: res://assets/audio/cues/empty.ogg remapped: res://assets/audio/cues/empty.ogg
Loading resource: res://.godot/imported/empty.ogg-935d07e4fc6689de017a278108c4a050.oggvorbisstr remapped: res://.godot/imported/empty.ogg-935d07e4fc6689de017a278108c4a050.oggvorbisstr
Completed load for: 'res://assets/audio/cues/empty.ogg' remapped 'res://assets/audio/cues/empty.ogg' at thread -1
Loading resource: res://assets/audio/cues/pistol_flesh.ogg remapped: res://assets/audio/cues/pistol_flesh.ogg
Loading resource: res://.godot/imported/pistol_flesh.ogg-978e5d009b5c30dfa2921e206555187d.oggvorbisstr remapped: res://.godot/imported/pistol_flesh.ogg-978e5d009b5c30dfa2921e206555187d.oggvorbisstr
Completed load for: 'res://assets/audio/cues/pistol_flesh.ogg' remapped 'res://assets/audio/cues/pistol_flesh.ogg' at thread -1
Loading resource: res://assets/audio/cues/shotgun_flesh.ogg remapped: res://assets/audio/cues/shotgun_flesh.ogg
Loading resource: res://.godot/imported/shotgun_flesh.ogg-225fd3be8399063530a0c8800a688b57.oggvorbisstr remapped: res://.godot/imported/shotgun_flesh.ogg-225fd3be8399063530a0c8800a688b57.oggvorbisstr
Completed load for: 'res://assets/audio/cues/shotgun_flesh.ogg' remapped 'res://assets/audio/cues/shotgun_flesh.ogg' at thread -1
Loading resource: res://assets/audio/cues/melee_flesh.ogg remapped: res://assets/audio/cues/melee_flesh.ogg
Loading resource: res://.godot/imported/melee_flesh.ogg-54f964fd6c69b22284bea06a357c7642.oggvorbisstr remapped: res://.godot/imported/melee_flesh.ogg-54f964fd6c69b22284bea06a357c7642.oggvorbisstr
Completed load for: 'res://assets/audio/cues/melee_flesh.ogg' remapped 'res://assets/audio/cues/melee_flesh.ogg' at thread -1
Loading resource: res://assets/audio/cues/pistol_armor.ogg remapped: res://assets/audio/cues/pistol_armor.ogg
Loading resource: res://.godot/imported/pistol_armor.ogg-bff91a852775c40818acb8a92b4f0321.oggvorbisstr remapped: res://.godot/imported/pistol_armor.ogg-bff91a852775c40818acb8a92b4f0321.oggvorbisstr
Completed load for: 'res://assets/audio/cues/pistol_armor.ogg' remapped 'res://assets/audio/cues/pistol_armor.ogg' at thread -1
Loading resource: res://assets/audio/cues/shotgun_armor.ogg remapped: res://assets/audio/cues/shotgun_armor.ogg
Loading resource: res://.godot/imported/shotgun_armor.ogg-6683668321cbfdce605598180213fdfb.oggvorbisstr remapped: res://.godot/imported/shotgun_armor.ogg-6683668321cbfdce605598180213fdfb.oggvorbisstr
Completed load for: 'res://assets/audio/cues/shotgun_armor.ogg' remapped 'res://assets/audio/cues/shotgun_armor.ogg' at thread -1
Loading resource: res://assets/audio/cues/melee_armor.ogg remapped: res://assets/audio/cues/melee_armor.ogg
Loading resource: res://.godot/imported/melee_armor.ogg-620ccf5a4efcd68ff804573a7b74d4c1.oggvorbisstr remapped: res://.godot/imported/melee_armor.ogg-620ccf5a4efcd68ff804573a7b74d4c1.oggvorbisstr
Completed load for: 'res://assets/audio/cues/melee_armor.ogg' remapped 'res://assets/audio/cues/melee_armor.ogg' at thread -1
Loading resource: res://assets/audio/cues/pistol_hard.ogg remapped: res://assets/audio/cues/pistol_hard.ogg
Loading resource: res://.godot/imported/pistol_hard.ogg-25649c9224364f9b39c76c19a94442ca.oggvorbisstr remapped: res://.godot/imported/pistol_hard.ogg-25649c9224364f9b39c76c19a94442ca.oggvorbisstr
Completed load for: 'res://assets/audio/cues/pistol_hard.ogg' remapped 'res://assets/audio/cues/pistol_hard.ogg' at thread -1
Loading resource: res://assets/audio/cues/shotgun_hard.ogg remapped: res://assets/audio/cues/shotgun_hard.ogg
Loading resource: res://.godot/imported/shotgun_hard.ogg-dc0efbd68eede8486e366cf3de8f156d.oggvorbisstr remapped: res://.godot/imported/shotgun_hard.ogg-dc0efbd68eede8486e366cf3de8f156d.oggvorbisstr
Completed load for: 'res://assets/audio/cues/shotgun_hard.ogg' remapped 'res://assets/audio/cues/shotgun_hard.ogg' at thread -1
Loading resource: res://assets/audio/cues/melee_hard.ogg remapped: res://assets/audio/cues/melee_hard.ogg
Loading resource: res://.godot/imported/melee_hard.ogg-943d39112416c949bd1aeb5e351f1f85.oggvorbisstr remapped: res://.godot/imported/melee_hard.ogg-943d39112416c949bd1aeb5e351f1f85.oggvorbisstr
Completed load for: 'res://assets/audio/cues/melee_hard.ogg' remapped 'res://assets/audio/cues/melee_hard.ogg' at thread -1
Loading resource: res://assets/audio/cues/projectile_impact.ogg remapped: res://assets/audio/cues/projectile_impact.ogg
Loading resource: res://.godot/imported/projectile_impact.ogg-6c04f504667fbe87f4afa63c51712ecf.oggvorbisstr remapped: res://.godot/imported/projectile_impact.ogg-6c04f504667fbe87f4afa63c51712ecf.oggvorbisstr
Completed load for: 'res://assets/audio/cues/projectile_impact.ogg' remapped 'res://assets/audio/cues/projectile_impact.ogg' at thread -1
Loading resource: res://assets/audio/cues/projectile_hard.ogg remapped: res://assets/audio/cues/projectile_hard.ogg
Loading resource: res://.godot/imported/projectile_hard.ogg-52fd29acc0a73d6f588ffd1308278b28.oggvorbisstr remapped: res://.godot/imported/projectile_hard.ogg-52fd29acc0a73d6f588ffd1308278b28.oggvorbisstr
Completed load for: 'res://assets/audio/cues/projectile_hard.ogg' remapped 'res://assets/audio/cues/projectile_hard.ogg' at thread -1
Loading resource: res://assets/audio/cues/projectile_release.ogg remapped: res://assets/audio/cues/projectile_release.ogg
Loading resource: res://.godot/imported/projectile_release.ogg-b125780676afd8df578417ad80d70d78.oggvorbisstr remapped: res://.godot/imported/projectile_release.ogg-b125780676afd8df578417ad80d70d78.oggvorbisstr
Completed load for: 'res://assets/audio/cues/projectile_release.ogg' remapped 'res://assets/audio/cues/projectile_release.ogg' at thread -1
Loading resource: res://assets/audio/cues/unsealed_hurt.ogg remapped: res://assets/audio/cues/unsealed_hurt.ogg
Loading resource: res://.godot/imported/unsealed_hurt.ogg-0d767ed7fbd5af9dd9763ac8d39bd7ba.oggvorbisstr remapped: res://.godot/imported/unsealed_hurt.ogg-0d767ed7fbd5af9dd9763ac8d39bd7ba.oggvorbisstr
Completed load for: 'res://assets/audio/cues/unsealed_hurt.ogg' remapped 'res://assets/audio/cues/unsealed_hurt.ogg' at thread -1
Loading resource: res://assets/audio/cues/vessel_hurt.ogg remapped: res://assets/audio/cues/vessel_hurt.ogg
Loading resource: res://.godot/imported/vessel_hurt.ogg-c0edd7536457569cd9f81607c0882ada.oggvorbisstr remapped: res://.godot/imported/vessel_hurt.ogg-c0edd7536457569cd9f81607c0882ada.oggvorbisstr
Completed load for: 'res://assets/audio/cues/vessel_hurt.ogg' remapped 'res://assets/audio/cues/vessel_hurt.ogg' at thread -1
Loading resource: res://assets/audio/cues/unsealed_death.ogg remapped: res://assets/audio/cues/unsealed_death.ogg
Loading resource: res://.godot/imported/unsealed_death.ogg-184a70b51bd12f74e85e138415ddc220.oggvorbisstr remapped: res://.godot/imported/unsealed_death.ogg-184a70b51bd12f74e85e138415ddc220.oggvorbisstr
Completed load for: 'res://assets/audio/cues/unsealed_death.ogg' remapped 'res://assets/audio/cues/unsealed_death.ogg' at thread -1
Loading resource: res://assets/audio/cues/vessel_death.ogg remapped: res://assets/audio/cues/vessel_death.ogg
Loading resource: res://.godot/imported/vessel_death.ogg-c785c7ac6b48f76e87ed6e4c9814a945.oggvorbisstr remapped: res://.godot/imported/vessel_death.ogg-c785c7ac6b48f76e87ed6e4c9814a945.oggvorbisstr
Completed load for: 'res://assets/audio/cues/vessel_death.ogg' remapped 'res://assets/audio/cues/vessel_death.ogg' at thread -1
Loading resource: res://assets/audio/cues/unsealed_attack_warning.ogg remapped: res://assets/audio/cues/unsealed_attack_warning.ogg
Loading resource: res://.godot/imported/unsealed_attack_warning.ogg-c5ba1657eedede2c656e3b6c3825e742.oggvorbisstr remapped: res://.godot/imported/unsealed_attack_warning.ogg-c5ba1657eedede2c656e3b6c3825e742.oggvorbisstr
Completed load for: 'res://assets/audio/cues/unsealed_attack_warning.ogg' remapped 'res://assets/audio/cues/unsealed_attack_warning.ogg' at thread -1
Loading resource: res://assets/audio/cues/vessel_attack_warning.ogg remapped: res://assets/audio/cues/vessel_attack_warning.ogg
Loading resource: res://.godot/imported/vessel_attack_warning.ogg-5878d66c5cb1e662186f066e54e4506f.oggvorbisstr remapped: res://.godot/imported/vessel_attack_warning.ogg-5878d66c5cb1e662186f066e54e4506f.oggvorbisstr
Completed load for: 'res://assets/audio/cues/vessel_attack_warning.ogg' remapped 'res://assets/audio/cues/vessel_attack_warning.ogg' at thread -1
Loading resource: res://assets/audio/cues/player_hurt.ogg remapped: res://assets/audio/cues/player_hurt.ogg
Loading resource: res://.godot/imported/player_hurt.ogg-e98223737acfa1adaafccb1913eddab8.oggvorbisstr remapped: res://.godot/imported/player_hurt.ogg-e98223737acfa1adaafccb1913eddab8.oggvorbisstr
Completed load for: 'res://assets/audio/cues/player_hurt.ogg' remapped 'res://assets/audio/cues/player_hurt.ogg' at thread -1
Loading resource: res://assets/audio/music/level_music_biotech_candidate.ogg remapped: res://assets/audio/music/level_music_biotech_candidate.ogg
Loading resource: res://.godot/imported/level_music_biotech_candidate.ogg-eeb33737ec30c88fa60860ad043f3a14.oggvorbisstr remapped: res://.godot/imported/level_music_biotech_candidate.ogg-eeb33737ec30c88fa60860ad043f3a14.oggvorbisstr
Completed load for: 'res://assets/audio/music/level_music_biotech_candidate.ogg' remapped 'res://assets/audio/music/level_music_biotech_candidate.ogg' at thread -1
Completed load for: 'res://resources/combat_audio.tres' remapped 'res://resources/combat_audio.tres' at thread -1
Loading resource: res://assets/audio/music/menu_abelian.ogg remapped: res://assets/audio/music/menu_abelian.ogg
Loading resource: res://.godot/imported/menu_abelian.ogg-57be080bb96bea3baeddafd14188f340.oggvorbisstr remapped: res://.godot/imported/menu_abelian.ogg-57be080bb96bea3baeddafd14188f340.oggvorbisstr
Completed load for: 'res://assets/audio/music/menu_abelian.ogg' remapped 'res://assets/audio/music/menu_abelian.ogg' at thread -1
Loading resource: res://assets/weapons/pistol/idle.png remapped: res://assets/weapons/pistol/idle.png
Loading resource: res://.godot/imported/idle.png-220b03e2147cc94fc815cb89fea6a5de.ctex remapped: res://.godot/imported/idle.png-220b03e2147cc94fc815cb89fea6a5de.ctex
Completed load for: 'res://assets/weapons/pistol/idle.png' remapped 'res://assets/weapons/pistol/idle.png' at thread -1
Loading resource: res://assets/weapons/pistol/fire.png remapped: res://assets/weapons/pistol/fire.png
Loading resource: res://.godot/imported/fire.png-8b9ec5a1c93097bc048e9075f7041825.ctex remapped: res://.godot/imported/fire.png-8b9ec5a1c93097bc048e9075f7041825.ctex
Completed load for: 'res://assets/weapons/pistol/fire.png' remapped 'res://assets/weapons/pistol/fire.png' at thread -1
Loading resource: res://assets/weapons/flash.png remapped: res://assets/weapons/flash.png
Loading resource: res://.godot/imported/flash.png-0884a465d45ff5edbd4424ffa1e409c7.ctex remapped: res://.godot/imported/flash.png-0884a465d45ff5edbd4424ffa1e409c7.ctex
Completed load for: 'res://assets/weapons/flash.png' remapped 'res://assets/weapons/flash.png' at thread -1
Loading resource: res://assets/weapons/shotgun/fire.png remapped: res://assets/weapons/shotgun/fire.png
Loading resource: res://.godot/imported/fire.png-88ea3d9a5467bd60e2bc4bcd6d1b163f.ctex remapped: res://.godot/imported/fire.png-88ea3d9a5467bd60e2bc4bcd6d1b163f.ctex
Completed load for: 'res://assets/weapons/shotgun/fire.png' remapped 'res://assets/weapons/shotgun/fire.png' at thread -1
Loading resource: res://assets/weapons/melee/fire.png remapped: res://assets/weapons/melee/fire.png
Loading resource: res://.godot/imported/fire.png-634e631300a97d9bda0a6633df5af2d4.ctex remapped: res://.godot/imported/fire.png-634e631300a97d9bda0a6633df5af2d4.ctex
Completed load for: 'res://assets/weapons/melee/fire.png' remapped 'res://assets/weapons/melee/fire.png' at thread -1
Loading resource: res://resources/weapons/pistol.tres remapped: res://resources/weapons/pistol.tres
Completed load for: 'res://resources/weapons/pistol.tres' remapped 'res://resources/weapons/pistol.tres' at thread -1
Loading resource: res://resources/weapons/shotgun.tres remapped: res://resources/weapons/shotgun.tres
Completed load for: 'res://resources/weapons/shotgun.tres' remapped 'res://resources/weapons/shotgun.tres' at thread -1
Loading resource: res://resources/weapons/melee.tres remapped: res://resources/weapons/melee.tres
Completed load for: 'res://resources/weapons/melee.tres' remapped 'res://resources/weapons/melee.tres' at thread -1
Loading resource: res://resources/enemies/unsealed.tres remapped: res://resources/enemies/unsealed.tres
Completed load for: 'res://resources/enemies/unsealed.tres' remapped 'res://resources/enemies/unsealed.tres' at thread -1
Loading resource: res://resources/enemies/vessel.tres remapped: res://resources/enemies/vessel.tres
Completed load for: 'res://resources/enemies/vessel.tres' remapped 'res://resources/enemies/vessel.tres' at thread -1
Loading resource: res://resources/combat_audio.tres remapped: res://resources/combat_audio.tres
Loading resource: res://assets/audio/cues/pistol_fire.ogg remapped: res://assets/audio/cues/pistol_fire.ogg
Loading resource: res://.godot/imported/pistol_fire.ogg-d04635231487df8471782eae4abfa118.oggvorbisstr remapped: res://.godot/imported/pistol_fire.ogg-d04635231487df8471782eae4abfa118.oggvorbisstr
Completed load for: 'res://assets/audio/cues/pistol_fire.ogg' remapped 'res://assets/audio/cues/pistol_fire.ogg' at thread -1
Loading resource: res://assets/audio/cues/shotgun_fire.ogg remapped: res://assets/audio/cues/shotgun_fire.ogg
Loading resource: res://.godot/imported/shotgun_fire.ogg-9c378707be54345831f9ee2adc5226a8.oggvorbisstr remapped: res://.godot/imported/shotgun_fire.ogg-9c378707be54345831f9ee2adc5226a8.oggvorbisstr
Completed load for: 'res://assets/audio/cues/shotgun_fire.ogg' remapped 'res://assets/audio/cues/shotgun_fire.ogg' at thread -1
Loading resource: res://assets/audio/cues/melee_swing.ogg remapped: res://assets/audio/cues/melee_swing.ogg
Loading resource: res://.godot/imported/melee_swing.ogg-3bbcd9ff2d34cbed991eae8afa8d33f9.oggvorbisstr remapped: res://.godot/imported/melee_swing.ogg-3bbcd9ff2d34cbed991eae8afa8d33f9.oggvorbisstr
Completed load for: 'res://assets/audio/cues/melee_swing.ogg' remapped 'res://assets/audio/cues/melee_swing.ogg' at thread -1
Loading resource: res://assets/audio/cues/empty.ogg remapped: res://assets/audio/cues/empty.ogg
Loading resource: res://.godot/imported/empty.ogg-935d07e4fc6689de017a278108c4a050.oggvorbisstr remapped: res://.godot/imported/empty.ogg-935d07e4fc6689de017a278108c4a050.oggvorbisstr
Completed load for: 'res://assets/audio/cues/empty.ogg' remapped 'res://assets/audio/cues/empty.ogg' at thread -1
Loading resource: res://assets/audio/cues/pistol_flesh.ogg remapped: res://assets/audio/cues/pistol_flesh.ogg
Loading resource: res://.godot/imported/pistol_flesh.ogg-978e5d009b5c30dfa2921e206555187d.oggvorbisstr remapped: res://.godot/imported/pistol_flesh.ogg-978e5d009b5c30dfa2921e206555187d.oggvorbisstr
Completed load for: 'res://assets/audio/cues/pistol_flesh.ogg' remapped 'res://assets/audio/cues/pistol_flesh.ogg' at thread -1
Loading resource: res://assets/audio/cues/shotgun_flesh.ogg remapped: res://assets/audio/cues/shotgun_flesh.ogg
Loading resource: res://.godot/imported/shotgun_flesh.ogg-225fd3be8399063530a0c8800a688b57.oggvorbisstr remapped: res://.godot/imported/shotgun_flesh.ogg-225fd3be8399063530a0c8800a688b57.oggvorbisstr
Completed load for: 'res://assets/audio/cues/shotgun_flesh.ogg' remapped 'res://assets/audio/cues/shotgun_flesh.ogg' at thread -1
Loading resource: res://assets/audio/cues/melee_flesh.ogg remapped: res://assets/audio/cues/melee_flesh.ogg
Loading resource: res://.godot/imported/melee_flesh.ogg-54f964fd6c69b22284bea06a357c7642.oggvorbisstr remapped: res://.godot/imported/melee_flesh.ogg-54f964fd6c69b22284bea06a357c7642.oggvorbisstr
Completed load for: 'res://assets/audio/cues/melee_flesh.ogg' remapped 'res://assets/audio/cues/melee_flesh.ogg' at thread -1
Loading resource: res://assets/audio/cues/pistol_armor.ogg remapped: res://assets/audio/cues/pistol_armor.ogg
Loading resource: res://.godot/imported/pistol_armor.ogg-bff91a852775c40818acb8a92b4f0321.oggvorbisstr remapped: res://.godot/imported/pistol_armor.ogg-bff91a852775c40818acb8a92b4f0321.oggvorbisstr
Completed load for: 'res://assets/audio/cues/pistol_armor.ogg' remapped 'res://assets/audio/cues/pistol_armor.ogg' at thread -1
Loading resource: res://assets/audio/cues/shotgun_armor.ogg remapped: res://assets/audio/cues/shotgun_armor.ogg
Loading resource: res://.godot/imported/shotgun_armor.ogg-6683668321cbfdce605598180213fdfb.oggvorbisstr remapped: res://.godot/imported/shotgun_armor.ogg-6683668321cbfdce605598180213fdfb.oggvorbisstr
Completed load for: 'res://assets/audio/cues/shotgun_armor.ogg' remapped 'res://assets/audio/cues/shotgun_armor.ogg' at thread -1
Loading resource: res://assets/audio/cues/melee_armor.ogg remapped: res://assets/audio/cues/melee_armor.ogg
Loading resource: res://.godot/imported/melee_armor.ogg-620ccf5a4efcd68ff804573a7b74d4c1.oggvorbisstr remapped: res://.godot/imported/melee_armor.ogg-620ccf5a4efcd68ff804573a7b74d4c1.oggvorbisstr
Completed load for: 'res://assets/audio/cues/melee_armor.ogg' remapped 'res://assets/audio/cues/melee_armor.ogg' at thread -1
Loading resource: res://assets/audio/cues/pistol_hard.ogg remapped: res://assets/audio/cues/pistol_hard.ogg
Loading resource: res://.godot/imported/pistol_hard.ogg-25649c9224364f9b39c76c19a94442ca.oggvorbisstr remapped: res://.godot/imported/pistol_hard.ogg-25649c9224364f9b39c76c19a94442ca.oggvorbisstr
Completed load for: 'res://assets/audio/cues/pistol_hard.ogg' remapped 'res://assets/audio/cues/pistol_hard.ogg' at thread -1
Loading resource: res://assets/audio/cues/shotgun_hard.ogg remapped: res://assets/audio/cues/shotgun_hard.ogg
Loading resource: res://.godot/imported/shotgun_hard.ogg-dc0efbd68eede8486e366cf3de8f156d.oggvorbisstr remapped: res://.godot/imported/shotgun_hard.ogg-dc0efbd68eede8486e366cf3de8f156d.oggvorbisstr
Completed load for: 'res://assets/audio/cues/shotgun_hard.ogg' remapped 'res://assets/audio/cues/shotgun_hard.ogg' at thread -1
Loading resource: res://assets/audio/cues/melee_hard.ogg remapped: res://assets/audio/cues/melee_hard.ogg
Loading resource: res://.godot/imported/melee_hard.ogg-943d39112416c949bd1aeb5e351f1f85.oggvorbisstr remapped: res://.godot/imported/melee_hard.ogg-943d39112416c949bd1aeb5e351f1f85.oggvorbisstr
Completed load for: 'res://assets/audio/cues/melee_hard.ogg' remapped 'res://assets/audio/cues/melee_hard.ogg' at thread -1
Loading resource: res://assets/audio/cues/projectile_impact.ogg remapped: res://assets/audio/cues/projectile_impact.ogg
Loading resource: res://.godot/imported/projectile_impact.ogg-6c04f504667fbe87f4afa63c51712ecf.oggvorbisstr remapped: res://.godot/imported/projectile_impact.ogg-6c04f504667fbe87f4afa63c51712ecf.oggvorbisstr
Completed load for: 'res://assets/audio/cues/projectile_impact.ogg' remapped 'res://assets/audio/cues/projectile_impact.ogg' at thread -1
Loading resource: res://assets/audio/cues/projectile_hard.ogg remapped: res://assets/audio/cues/projectile_hard.ogg
Loading resource: res://.godot/imported/projectile_hard.ogg-52fd29acc0a73d6f588ffd1308278b28.oggvorbisstr remapped: res://.godot/imported/projectile_hard.ogg-52fd29acc0a73d6f588ffd1308278b28.oggvorbisstr
Completed load for: 'res://assets/audio/cues/projectile_hard.ogg' remapped 'res://assets/audio/cues/projectile_hard.ogg' at thread -1
Loading resource: res://assets/audio/cues/projectile_release.ogg remapped: res://assets/audio/cues/projectile_release.ogg
Loading resource: res://.godot/imported/projectile_release.ogg-b125780676afd8df578417ad80d70d78.oggvorbisstr remapped: res://.godot/imported/projectile_release.ogg-b125780676afd8df578417ad80d70d78.oggvorbisstr
Completed load for: 'res://assets/audio/cues/projectile_release.ogg' remapped 'res://assets/audio/cues/projectile_release.ogg' at thread -1
Loading resource: res://assets/audio/cues/unsealed_hurt.ogg remapped: res://assets/audio/cues/unsealed_hurt.ogg
Loading resource: res://.godot/imported/unsealed_hurt.ogg-0d767ed7fbd5af9dd9763ac8d39bd7ba.oggvorbisstr remapped: res://.godot/imported/unsealed_hurt.ogg-0d767ed7fbd5af9dd9763ac8d39bd7ba.oggvorbisstr
Completed load for: 'res://assets/audio/cues/unsealed_hurt.ogg' remapped 'res://assets/audio/cues/unsealed_hurt.ogg' at thread -1
Loading resource: res://assets/audio/cues/vessel_hurt.ogg remapped: res://assets/audio/cues/vessel_hurt.ogg
Loading resource: res://.godot/imported/vessel_hurt.ogg-c0edd7536457569cd9f81607c0882ada.oggvorbisstr remapped: res://.godot/imported/vessel_hurt.ogg-c0edd7536457569cd9f81607c0882ada.oggvorbisstr
Completed load for: 'res://assets/audio/cues/vessel_hurt.ogg' remapped 'res://assets/audio/cues/vessel_hurt.ogg' at thread -1
Loading resource: res://assets/audio/cues/unsealed_death.ogg remapped: res://assets/audio/cues/unsealed_death.ogg
Loading resource: res://.godot/imported/unsealed_death.ogg-184a70b51bd12f74e85e138415ddc220.oggvorbisstr remapped: res://.godot/imported/unsealed_death.ogg-184a70b51bd12f74e85e138415ddc220.oggvorbisstr
Completed load for: 'res://assets/audio/cues/unsealed_death.ogg' remapped 'res://assets/audio/cues/unsealed_death.ogg' at thread -1
Loading resource: res://assets/audio/cues/vessel_death.ogg remapped: res://assets/audio/cues/vessel_death.ogg
Loading resource: res://.godot/imported/vessel_death.ogg-c785c7ac6b48f76e87ed6e4c9814a945.oggvorbisstr remapped: res://.godot/imported/vessel_death.ogg-c785c7ac6b48f76e87ed6e4c9814a945.oggvorbisstr
Completed load for: 'res://assets/audio/cues/vessel_death.ogg' remapped 'res://assets/audio/cues/vessel_death.ogg' at thread -1
Loading resource: res://assets/audio/cues/unsealed_attack_warning.ogg remapped: res://assets/audio/cues/unsealed_attack_warning.ogg
Loading resource: res://.godot/imported/unsealed_attack_warning.ogg-c5ba1657eedede2c656e3b6c3825e742.oggvorbisstr remapped: res://.godot/imported/unsealed_attack_warning.ogg-c5ba1657eedede2c656e3b6c3825e742.oggvorbisstr
Completed load for: 'res://assets/audio/cues/unsealed_attack_warning.ogg' remapped 'res://assets/audio/cues/unsealed_attack_warning.ogg' at thread -1
Loading resource: res://assets/audio/cues/vessel_attack_warning.ogg remapped: res://assets/audio/cues/vessel_attack_warning.ogg
Loading resource: res://.godot/imported/vessel_attack_warning.ogg-5878d66c5cb1e662186f066e54e4506f.oggvorbisstr remapped: res://.godot/imported/vessel_attack_warning.ogg-5878d66c5cb1e662186f066e54e4506f.oggvorbisstr
Completed load for: 'res://assets/audio/cues/vessel_attack_warning.ogg' remapped 'res://assets/audio/cues/vessel_attack_warning.ogg' at thread -1
Loading resource: res://assets/audio/cues/player_hurt.ogg remapped: res://assets/audio/cues/player_hurt.ogg
Loading resource: res://.godot/imported/player_hurt.ogg-e98223737acfa1adaafccb1913eddab8.oggvorbisstr remapped: res://.godot/imported/player_hurt.ogg-e98223737acfa1adaafccb1913eddab8.oggvorbisstr
Completed load for: 'res://assets/audio/cues/player_hurt.ogg' remapped 'res://assets/audio/cues/player_hurt.ogg' at thread -1
Loading resource: res://assets/audio/music/level_music_biotech_candidate.ogg remapped: res://assets/audio/music/level_music_biotech_candidate.ogg
Loading resource: res://.godot/imported/level_music_biotech_candidate.ogg-eeb33737ec30c88fa60860ad043f3a14.oggvorbisstr remapped: res://.godot/imported/level_music_biotech_candidate.ogg-eeb33737ec30c88fa60860ad043f3a14.oggvorbisstr
Completed load for: 'res://assets/audio/music/level_music_biotech_candidate.ogg' remapped 'res://assets/audio/music/level_music_biotech_candidate.ogg' at thread -1
Completed load for: 'res://resources/combat_audio.tres' remapped 'res://resources/combat_audio.tres' at thread -1
Loading resource: res://resources/weapons/pistol.tres remapped: res://resources/weapons/pistol.tres
Completed load for: 'res://resources/weapons/pistol.tres' remapped 'res://resources/weapons/pistol.tres' at thread -1
Loading resource: res://resources/weapons/shotgun.tres remapped: res://resources/weapons/shotgun.tres
Completed load for: 'res://resources/weapons/shotgun.tres' remapped 'res://resources/weapons/shotgun.tres' at thread -1
Loading resource: res://resources/weapons/melee.tres remapped: res://resources/weapons/melee.tres
Completed load for: 'res://resources/weapons/melee.tres' remapped 'res://resources/weapons/melee.tres' at thread -1
Loading resource: res://resources/enemies/unsealed.tres remapped: res://resources/enemies/unsealed.tres
Completed load for: 'res://resources/enemies/unsealed.tres' remapped 'res://resources/enemies/unsealed.tres' at thread -1
Loading resource: res://resources/enemies/vessel.tres remapped: res://resources/enemies/vessel.tres
Completed load for: 'res://resources/enemies/vessel.tres' remapped 'res://resources/enemies/vessel.tres' at thread -1
Loading resource: res://resources/combat_audio.tres remapped: res://resources/combat_audio.tres
Loading resource: res://assets/audio/cues/pistol_fire.ogg remapped: res://assets/audio/cues/pistol_fire.ogg
Loading resource: res://.godot/imported/pistol_fire.ogg-d04635231487df8471782eae4abfa118.oggvorbisstr remapped: res://.godot/imported/pistol_fire.ogg-d04635231487df8471782eae4abfa118.oggvorbisstr
Completed load for: 'res://assets/audio/cues/pistol_fire.ogg' remapped 'res://assets/audio/cues/pistol_fire.ogg' at thread -1
Loading resource: res://assets/audio/cues/shotgun_fire.ogg remapped: res://assets/audio/cues/shotgun_fire.ogg
Loading resource: res://.godot/imported/shotgun_fire.ogg-9c378707be54345831f9ee2adc5226a8.oggvorbisstr remapped: res://.godot/imported/shotgun_fire.ogg-9c378707be54345831f9ee2adc5226a8.oggvorbisstr
Completed load for: 'res://assets/audio/cues/shotgun_fire.ogg' remapped 'res://assets/audio/cues/shotgun_fire.ogg' at thread -1
Loading resource: res://assets/audio/cues/melee_swing.ogg remapped: res://assets/audio/cues/melee_swing.ogg
Loading resource: res://.godot/imported/melee_swing.ogg-3bbcd9ff2d34cbed991eae8afa8d33f9.oggvorbisstr remapped: res://.godot/imported/melee_swing.ogg-3bbcd9ff2d34cbed991eae8afa8d33f9.oggvorbisstr
Completed load for: 'res://assets/audio/cues/melee_swing.ogg' remapped 'res://assets/audio/cues/melee_swing.ogg' at thread -1
Loading resource: res://assets/audio/cues/empty.ogg remapped: res://assets/audio/cues/empty.ogg
Loading resource: res://.godot/imported/empty.ogg-935d07e4fc6689de017a278108c4a050.oggvorbisstr remapped: res://.godot/imported/empty.ogg-935d07e4fc6689de017a278108c4a050.oggvorbisstr
Completed load for: 'res://assets/audio/cues/empty.ogg' remapped 'res://assets/audio/cues/empty.ogg' at thread -1
Loading resource: res://assets/audio/cues/pistol_flesh.ogg remapped: res://assets/audio/cues/pistol_flesh.ogg
Loading resource: res://.godot/imported/pistol_flesh.ogg-978e5d009b5c30dfa2921e206555187d.oggvorbisstr remapped: res://.godot/imported/pistol_flesh.ogg-978e5d009b5c30dfa2921e206555187d.oggvorbisstr
Completed load for: 'res://assets/audio/cues/pistol_flesh.ogg' remapped 'res://assets/audio/cues/pistol_flesh.ogg' at thread -1
Loading resource: res://assets/audio/cues/shotgun_flesh.ogg remapped: res://assets/audio/cues/shotgun_flesh.ogg
Loading resource: res://.godot/imported/shotgun_flesh.ogg-225fd3be8399063530a0c8800a688b57.oggvorbisstr remapped: res://.godot/imported/shotgun_flesh.ogg-225fd3be8399063530a0c8800a688b57.oggvorbisstr
Completed load for: 'res://assets/audio/cues/shotgun_flesh.ogg' remapped 'res://assets/audio/cues/shotgun_flesh.ogg' at thread -1
Loading resource: res://assets/audio/cues/melee_flesh.ogg remapped: res://assets/audio/cues/melee_flesh.ogg
Loading resource: res://.godot/imported/melee_flesh.ogg-54f964fd6c69b22284bea06a357c7642.oggvorbisstr remapped: res://.godot/imported/melee_flesh.ogg-54f964fd6c69b22284bea06a357c7642.oggvorbisstr
Completed load for: 'res://assets/audio/cues/melee_flesh.ogg' remapped 'res://assets/audio/cues/melee_flesh.ogg' at thread -1
Loading resource: res://assets/audio/cues/pistol_armor.ogg remapped: res://assets/audio/cues/pistol_armor.ogg
Loading resource: res://.godot/imported/pistol_armor.ogg-bff91a852775c40818acb8a92b4f0321.oggvorbisstr remapped: res://.godot/imported/pistol_armor.ogg-bff91a852775c40818acb8a92b4f0321.oggvorbisstr
Completed load for: 'res://assets/audio/cues/pistol_armor.ogg' remapped 'res://assets/audio/cues/pistol_armor.ogg' at thread -1
Loading resource: res://assets/audio/cues/shotgun_armor.ogg remapped: res://assets/audio/cues/shotgun_armor.ogg
Loading resource: res://.godot/imported/shotgun_armor.ogg-6683668321cbfdce605598180213fdfb.oggvorbisstr remapped: res://.godot/imported/shotgun_armor.ogg-6683668321cbfdce605598180213fdfb.oggvorbisstr
Completed load for: 'res://assets/audio/cues/shotgun_armor.ogg' remapped 'res://assets/audio/cues/shotgun_armor.ogg' at thread -1
Loading resource: res://assets/audio/cues/melee_armor.ogg remapped: res://assets/audio/cues/melee_armor.ogg
Loading resource: res://.godot/imported/melee_armor.ogg-620ccf5a4efcd68ff804573a7b74d4c1.oggvorbisstr remapped: res://.godot/imported/melee_armor.ogg-620ccf5a4efcd68ff804573a7b74d4c1.oggvorbisstr
Completed load for: 'res://assets/audio/cues/melee_armor.ogg' remapped 'res://assets/audio/cues/melee_armor.ogg' at thread -1
Loading resource: res://assets/audio/cues/pistol_hard.ogg remapped: res://assets/audio/cues/pistol_hard.ogg
Loading resource: res://.godot/imported/pistol_hard.ogg-25649c9224364f9b39c76c19a94442ca.oggvorbisstr remapped: res://.godot/imported/pistol_hard.ogg-25649c9224364f9b39c76c19a94442ca.oggvorbisstr
Completed load for: 'res://assets/audio/cues/pistol_hard.ogg' remapped 'res://assets/audio/cues/pistol_hard.ogg' at thread -1
Loading resource: res://assets/audio/cues/shotgun_hard.ogg remapped: res://assets/audio/cues/shotgun_hard.ogg
Loading resource: res://.godot/imported/shotgun_hard.ogg-dc0efbd68eede8486e366cf3de8f156d.oggvorbisstr remapped: res://.godot/imported/shotgun_hard.ogg-dc0efbd68eede8486e366cf3de8f156d.oggvorbisstr
Completed load for: 'res://assets/audio/cues/shotgun_hard.ogg' remapped 'res://assets/audio/cues/shotgun_hard.ogg' at thread -1
Loading resource: res://assets/audio/cues/melee_hard.ogg remapped: res://assets/audio/cues/melee_hard.ogg
Loading resource: res://.godot/imported/melee_hard.ogg-943d39112416c949bd1aeb5e351f1f85.oggvorbisstr remapped: res://.godot/imported/melee_hard.ogg-943d39112416c949bd1aeb5e351f1f85.oggvorbisstr
Completed load for: 'res://assets/audio/cues/melee_hard.ogg' remapped 'res://assets/audio/cues/melee_hard.ogg' at thread -1
Loading resource: res://assets/audio/cues/projectile_impact.ogg remapped: res://assets/audio/cues/projectile_impact.ogg
Loading resource: res://.godot/imported/projectile_impact.ogg-6c04f504667fbe87f4afa63c51712ecf.oggvorbisstr remapped: res://.godot/imported/projectile_impact.ogg-6c04f504667fbe87f4afa63c51712ecf.oggvorbisstr
Completed load for: 'res://assets/audio/cues/projectile_impact.ogg' remapped 'res://assets/audio/cues/projectile_impact.ogg' at thread -1
Loading resource: res://assets/audio/cues/projectile_hard.ogg remapped: res://assets/audio/cues/projectile_hard.ogg
Loading resource: res://.godot/imported/projectile_hard.ogg-52fd29acc0a73d6f588ffd1308278b28.oggvorbisstr remapped: res://.godot/imported/projectile_hard.ogg-52fd29acc0a73d6f588ffd1308278b28.oggvorbisstr
Completed load for: 'res://assets/audio/cues/projectile_hard.ogg' remapped 'res://assets/audio/cues/projectile_hard.ogg' at thread -1
Loading resource: res://assets/audio/cues/projectile_release.ogg remapped: res://assets/audio/cues/projectile_release.ogg
Loading resource: res://.godot/imported/projectile_release.ogg-b125780676afd8df578417ad80d70d78.oggvorbisstr remapped: res://.godot/imported/projectile_release.ogg-b125780676afd8df578417ad80d70d78.oggvorbisstr
Completed load for: 'res://assets/audio/cues/projectile_release.ogg' remapped 'res://assets/audio/cues/projectile_release.ogg' at thread -1
Loading resource: res://assets/audio/cues/unsealed_hurt.ogg remapped: res://assets/audio/cues/unsealed_hurt.ogg
Loading resource: res://.godot/imported/unsealed_hurt.ogg-0d767ed7fbd5af9dd9763ac8d39bd7ba.oggvorbisstr remapped: res://.godot/imported/unsealed_hurt.ogg-0d767ed7fbd5af9dd9763ac8d39bd7ba.oggvorbisstr
Completed load for: 'res://assets/audio/cues/unsealed_hurt.ogg' remapped 'res://assets/audio/cues/unsealed_hurt.ogg' at thread -1
Loading resource: res://assets/audio/cues/vessel_hurt.ogg remapped: res://assets/audio/cues/vessel_hurt.ogg
Loading resource: res://.godot/imported/vessel_hurt.ogg-c0edd7536457569cd9f81607c0882ada.oggvorbisstr remapped: res://.godot/imported/vessel_hurt.ogg-c0edd7536457569cd9f81607c0882ada.oggvorbisstr
Completed load for: 'res://assets/audio/cues/vessel_hurt.ogg' remapped 'res://assets/audio/cues/vessel_hurt.ogg' at thread -1
Loading resource: res://assets/audio/cues/unsealed_death.ogg remapped: res://assets/audio/cues/unsealed_death.ogg
Loading resource: res://.godot/imported/unsealed_death.ogg-184a70b51bd12f74e85e138415ddc220.oggvorbisstr remapped: res://.godot/imported/unsealed_death.ogg-184a70b51bd12f74e85e138415ddc220.oggvorbisstr
Completed load for: 'res://assets/audio/cues/unsealed_death.ogg' remapped 'res://assets/audio/cues/unsealed_death.ogg' at thread -1
Loading resource: res://assets/audio/cues/vessel_death.ogg remapped: res://assets/audio/cues/vessel_death.ogg
Loading resource: res://.godot/imported/vessel_death.ogg-c785c7ac6b48f76e87ed6e4c9814a945.oggvorbisstr remapped: res://.godot/imported/vessel_death.ogg-c785c7ac6b48f76e87ed6e4c9814a945.oggvorbisstr
Completed load for: 'res://assets/audio/cues/vessel_death.ogg' remapped 'res://assets/audio/cues/vessel_death.ogg' at thread -1
Loading resource: res://assets/audio/cues/unsealed_attack_warning.ogg remapped: res://assets/audio/cues/unsealed_attack_warning.ogg
Loading resource: res://.godot/imported/unsealed_attack_warning.ogg-c5ba1657eedede2c656e3b6c3825e742.oggvorbisstr remapped: res://.godot/imported/unsealed_attack_warning.ogg-c5ba1657eedede2c656e3b6c3825e742.oggvorbisstr
Completed load for: 'res://assets/audio/cues/unsealed_attack_warning.ogg' remapped 'res://assets/audio/cues/unsealed_attack_warning.ogg' at thread -1
Loading resource: res://assets/audio/cues/vessel_attack_warning.ogg remapped: res://assets/audio/cues/vessel_attack_warning.ogg
Loading resource: res://.godot/imported/vessel_attack_warning.ogg-5878d66c5cb1e662186f066e54e4506f.oggvorbisstr remapped: res://.godot/imported/vessel_attack_warning.ogg-5878d66c5cb1e662186f066e54e4506f.oggvorbisstr
Completed load for: 'res://assets/audio/cues/vessel_attack_warning.ogg' remapped 'res://assets/audio/cues/vessel_attack_warning.ogg' at thread -1
Loading resource: res://assets/audio/cues/player_hurt.ogg remapped: res://assets/audio/cues/player_hurt.ogg
Loading resource: res://.godot/imported/player_hurt.ogg-e98223737acfa1adaafccb1913eddab8.oggvorbisstr remapped: res://.godot/imported/player_hurt.ogg-e98223737acfa1adaafccb1913eddab8.oggvorbisstr
Completed load for: 'res://assets/audio/cues/player_hurt.ogg' remapped 'res://assets/audio/cues/player_hurt.ogg' at thread -1
Loading resource: res://assets/audio/music/level_music_biotech_candidate.ogg remapped: res://assets/audio/music/level_music_biotech_candidate.ogg
Loading resource: res://.godot/imported/level_music_biotech_candidate.ogg-eeb33737ec30c88fa60860ad043f3a14.oggvorbisstr remapped: res://.godot/imported/level_music_biotech_candidate.ogg-eeb33737ec30c88fa60860ad043f3a14.oggvorbisstr
Completed load for: 'res://assets/audio/music/level_music_biotech_candidate.ogg' remapped 'res://assets/audio/music/level_music_biotech_candidate.ogg' at thread -1
Completed load for: 'res://resources/combat_audio.tres' remapped 'res://resources/combat_audio.tres' at thread -1
SOUND_SCENE_OK: actual physics contacts dispatch six weapon/material cues; hurt separate; Abelian title only; level pause drift=0.01066666841507; mute advances; retry replaces audio owner; title restarts menu; captured 566272 actual stereo bus frames. No subjective listening approval claimed.
XR: Clearing primary interface
XR: Removed interface "Native mobile"
XR: Removed interface "OpenXR"
PulseAudio: context terminated
Accessibility: window 0 adapter destroyed.
