Godot Engine v4.7.2.stable.official.ed1daf0bf - https://godotengine.org
OpenGL API 3.3.0 NVIDIA 615.71.09 - Compatibility - Using Device: NVIDIA - NVIDIA GeForce RTX 3060 Ti

ARSENAL_AMBUSH_PHOTO_OK: occupied_line-entry weapon=pistol phase=idle
ARSENAL_AMBUSH_PHOTO_OK: occupied_line-arena_one-trap-before weapon=pistol phase=idle
ARSENAL_AMBUSH_PHOTO_OK: occupied_line-arena_one-bait-acquired weapon=twin_shotgun phase=idle
ARSENAL_AMBUSH_PHOTO_OK: occupied_line-arena_one-trap-after weapon=twin_shotgun phase=idle
ARSENAL_AMBUSH_PHOTO_OK: occupied_line-arena_two-trap-before weapon=twin_shotgun phase=idle
ARSENAL_AMBUSH_PHOTO_OK: occupied_line-arena_two-bait-acquired weapon=rivet_cannon phase=idle
ARSENAL_AMBUSH_PHOTO_OK: occupied_line-arena_two-trap-after weapon=rivet_cannon phase=idle
ARSENAL_AMBUSH_PHOTO_OK: occupied_line-final_arena-trap-before weapon=rivet_cannon phase=idle
ARSENAL_AMBUSH_PHOTO_OK: occupied_line-final_arena-bait-acquired weapon=siege_launcher phase=idle
ARSENAL_AMBUSH_PHOTO_OK: occupied_line-final_arena-trap-after weapon=siege_launcher phase=idle
ARSENAL_AMBUSH_PHOTO_OK: occupied_line-elevation-arena_one_gallery weapon=siege_launcher phase=idle
ARSENAL_AMBUSH_PHOTO_OK: occupied_line-elevation-arena_two_altar weapon=siege_launcher phase=idle
ARSENAL_AMBUSH_PHOTO_OK: occupied_line-elevation-arena_two_gallery weapon=siege_launcher phase=idle
ARSENAL_AMBUSH_PHOTO_OK: occupied_line-elevation-final_arena_gallery weapon=siege_launcher phase=idle
ARSENAL_AMBUSH_PHOTO_OK: occupied_line-arena_one-split-path-1 weapon=siege_launcher phase=idle
ARSENAL_AMBUSH_PHOTO_OK: occupied_line-arena_one-split-path-2 weapon=siege_launcher phase=idle
ARSENAL_AMBUSH_PHOTO_OK: occupied_line-arena_two-split-path-1 weapon=siege_launcher phase=idle
ARSENAL_AMBUSH_PHOTO_OK: occupied_line-arena_two-split-path-2 weapon=siege_launcher phase=idle
ARSENAL_AMBUSH_PHOTO_OK: occupied_line-final_arena-split-path-1 weapon=siege_launcher phase=idle
ARSENAL_AMBUSH_PHOTO_OK: occupied_line-final_arena-split-path-2 weapon=siege_launcher phase=idle
ARSENAL_AMBUSH_CAPTURE_OK: occupied_line photographs=20
