Godot Engine v4.7.2.stable.official.ed1daf0bf - https://godotengine.org
OpenGL API 3.3.0 NVIDIA 615.71.09 - Compatibility - Using Device: NVIDIA - NVIDIA GeForce RTX 3060 Ti

ARSENAL_AMBUSH_PHOTO_OK: pale_ward-entry weapon=pistol phase=idle
ARSENAL_AMBUSH_PHOTO_OK: pale_ward-arena_one-trap-before weapon=pistol phase=idle
ARSENAL_AMBUSH_PHOTO_OK: pale_ward-arena_one-bait-acquired weapon=twin_shotgun phase=idle
ARSENAL_AMBUSH_PHOTO_OK: pale_ward-arena_one-trap-after weapon=twin_shotgun phase=idle
ARSENAL_AMBUSH_PHOTO_OK: pale_ward-arena_two-trap-before weapon=twin_shotgun phase=idle
ARSENAL_AMBUSH_PHOTO_OK: pale_ward-arena_two-bait-acquired weapon=rivet_cannon phase=idle
ARSENAL_AMBUSH_PHOTO_OK: pale_ward-arena_two-trap-after weapon=rivet_cannon phase=idle
ARSENAL_AMBUSH_PHOTO_OK: pale_ward-final_arena-trap-before weapon=rivet_cannon phase=idle
ARSENAL_AMBUSH_PHOTO_OK: pale_ward-final_arena-bait-acquired weapon=siege_launcher phase=idle
ARSENAL_AMBUSH_PHOTO_OK: pale_ward-final_arena-trap-after weapon=siege_launcher phase=idle
ARSENAL_AMBUSH_PHOTO_OK: pale_ward-elevation-service_balcony weapon=siege_launcher phase=idle
ARSENAL_AMBUSH_PHOTO_OK: pale_ward-elevation-arena_one_gallery weapon=siege_launcher phase=idle
ARSENAL_AMBUSH_PHOTO_OK: pale_ward-elevation-arena_one_rim weapon=siege_launcher phase=idle
ARSENAL_AMBUSH_PHOTO_OK: pale_ward-elevation-arena_two_altar weapon=siege_launcher phase=idle
ARSENAL_AMBUSH_PHOTO_OK: pale_ward-elevation-arena_two_gallery weapon=siege_launcher phase=idle
ARSENAL_AMBUSH_PHOTO_OK: pale_ward-elevation-final_arena_gallery weapon=siege_launcher phase=idle
ARSENAL_AMBUSH_PHOTO_OK: pale_ward-arena_one-split-path-1 weapon=siege_launcher phase=idle
ARSENAL_AMBUSH_PHOTO_OK: pale_ward-arena_one-split-path-2 weapon=siege_launcher phase=idle
ARSENAL_AMBUSH_PHOTO_OK: pale_ward-arena_two-split-path-1 weapon=siege_launcher phase=idle
ARSENAL_AMBUSH_PHOTO_OK: pale_ward-arena_two-split-path-2 weapon=siege_launcher phase=idle
ARSENAL_AMBUSH_PHOTO_OK: pale_ward-final_arena-split-path-1 weapon=siege_launcher phase=idle
ARSENAL_AMBUSH_PHOTO_OK: pale_ward-final_arena-split-path-2 weapon=siege_launcher phase=idle
ARSENAL_AMBUSH_PHOTO_OK: pale_ward-twin_shotgun-switch weapon=twin_shotgun phase=switch
ARSENAL_AMBUSH_PHOTO_OK: pale_ward-twin_shotgun-idle weapon=twin_shotgun phase=idle
ARSENAL_AMBUSH_PHOTO_OK: pale_ward-twin_shotgun-fire weapon=twin_shotgun phase=fire
ARSENAL_AMBUSH_PHOTO_OK: pale_ward-twin_shotgun-recover weapon=twin_shotgun phase=recover
ARSENAL_AMBUSH_PHOTO_OK: pale_ward-rivet_cannon-switch weapon=rivet_cannon phase=switch
ARSENAL_AMBUSH_PHOTO_OK: pale_ward-rivet_cannon-idle weapon=rivet_cannon phase=idle
ARSENAL_AMBUSH_PHOTO_OK: pale_ward-rivet_cannon-fire weapon=rivet_cannon phase=fire
ARSENAL_AMBUSH_PHOTO_OK: pale_ward-rivet_cannon-recover weapon=rivet_cannon phase=recover
ARSENAL_AMBUSH_PHOTO_OK: pale_ward-siege_launcher-switch weapon=siege_launcher phase=switch
ARSENAL_AMBUSH_PHOTO_OK: pale_ward-siege_launcher-idle weapon=siege_launcher phase=idle
ARSENAL_AMBUSH_PHOTO_OK: pale_ward-siege_launcher-fire weapon=siege_launcher phase=fire
ARSENAL_AMBUSH_PHOTO_OK: pale_ward-siege_launcher-recover weapon=siege_launcher phase=recover
ARSENAL_AMBUSH_CAPTURE_OK: pale_ward photographs=34
